###############################################################################
#                                                                             #
# IAR ELF Linker V6.30.1.53127/W32 for ARM              19/May/2017  23:32:30 #
# Copyright 2007-2011 IAR Systems AB.                                         #
#                                                                             #
#    Output file  =  D:\Project\TRIO\3.TRIO-MD\2_1G                           #
#                    Clearing\TRIO_MD_appl_stm207_20150327_20150518_20161130\ #
#                    stm32FxC_ucos_prj_v511.out                               #
#    Map file     =  D:\Project\TRIO\3.TRIO-MD\2_1G                           #
#                    Clearing\TRIO_MD_appl_stm207_20150327_20150518_20161130\ #
#                    out\stm32FxC_ucos_prj_v511.map                           #
#    Command line =  "D:\Project\TRIO\3.TRIO-MD\2_1G                          #
#                    Clearing\TRIO_MD_appl_stm207_20150327_20150518_20161130\ #
#                    out\AT25DF641_v1204.o" "D:\Project\TRIO\3.TRIO-MD\2_1G   #
#                    Clearing\TRIO_MD_appl_stm207_20150327_20150518_20161130\ #
#                    out\Alarm.o" "D:\Project\TRIO\3.TRIO-MD\2_1G             #
#                    Clearing\TRIO_MD_appl_stm207_20150327_20150518_20161130\ #
#                    out\PCA9555.o" "D:\Project\TRIO\3.TRIO-MD\2_1G           #
#                    Clearing\TRIO_MD_appl_stm207_20150327_20150518_20161130\ #
#                    out\aa_Table.o" "D:\Project\TRIO\3.TRIO-MD\2_1G          #
#                    Clearing\TRIO_MD_appl_stm207_20150327_20150518_20161130\ #
#                    out\aa_alc.o" "D:\Project\TRIO\3.TRIO-MD\2_1G            #
#                    Clearing\TRIO_MD_appl_stm207_20150327_20150518_20161130\ #
#                    out\aa_expio.o" "D:\Project\TRIO\3.TRIO-MD\2_1G          #
#                    Clearing\TRIO_MD_appl_stm207_20150327_20150518_20161130\ #
#                    out\aa_iAPD.o" "D:\Project\TRIO\3.TRIO-MD\2_1G           #
#                    Clearing\TRIO_MD_appl_stm207_20150327_20150518_20161130\ #
#                    out\aa_protocol.o" "D:\Project\TRIO\3.TRIO-MD\2_1G       #
#                    Clearing\TRIO_MD_appl_stm207_20150327_20150518_20161130\ #
#                    out\aa_serial1.o" "D:\Project\TRIO\3.TRIO-MD\2_1G        #
#                    Clearing\TRIO_MD_appl_stm207_20150327_20150518_20161130\ #
#                    out\aa_test.o" "D:\Project\TRIO\3.TRIO-MD\2_1G           #
#                    Clearing\TRIO_MD_appl_stm207_20150327_20150518_20161130\ #
#                    out\adcFunc.o" "D:\Project\TRIO\3.TRIO-MD\2_1G           #
#                    Clearing\TRIO_MD_appl_stm207_20150327_20150518_20161130\ #
#                    out\adf411x.o" "D:\Project\TRIO\3.TRIO-MD\2_1G           #
#                    Clearing\TRIO_MD_appl_stm207_20150327_20150518_20161130\ #
#                    out\apl_dtu.o" "D:\Project\TRIO\3.TRIO-MD\2_1G           #
#                    Clearing\TRIO_MD_appl_stm207_20150327_20150518_20161130\ #
#                    out\bell860s_v0112.o" "D:\Project\TRIO\3.TRIO-MD\2_1G    #
#                    Clearing\TRIO_MD_appl_stm207_20150327_20150518_20161130\ #
#                    out\cdma.o" "D:\Project\TRIO\3.TRIO-MD\2_1G              #
#                    Clearing\TRIO_MD_appl_stm207_20150327_20150518_20161130\ #
#                    out\cpu_a.o" "D:\Project\TRIO\3.TRIO-MD\2_1G             #
#                    Clearing\TRIO_MD_appl_stm207_20150327_20150518_20161130\ #
#                    out\exlib.o" "D:\Project\TRIO\3.TRIO-MD\2_1G             #
#                    Clearing\TRIO_MD_appl_stm207_20150327_20150518_20161130\ #
#                    out\lib_mem.o" "D:\Project\TRIO\3.TRIO-MD\2_1G           #
#                    Clearing\TRIO_MD_appl_stm207_20150327_20150518_20161130\ #
#                    out\lib_str.o" "D:\Project\TRIO\3.TRIO-MD\2_1G           #
#                    Clearing\TRIO_MD_appl_stm207_20150327_20150518_20161130\ #
#                    out\main.o" "D:\Project\TRIO\3.TRIO-MD\2_1G              #
#                    Clearing\TRIO_MD_appl_stm207_20150327_20150518_20161130\ #
#                    out\os_core.o" "D:\Project\TRIO\3.TRIO-MD\2_1G           #
#                    Clearing\TRIO_MD_appl_stm207_20150327_20150518_20161130\ #
#                    out\os_cpu_a.o" "D:\Project\TRIO\3.TRIO-MD\2_1G          #
#                    Clearing\TRIO_MD_appl_stm207_20150327_20150518_20161130\ #
#                    out\os_cpu_c.o" "D:\Project\TRIO\3.TRIO-MD\2_1G          #
#                    Clearing\TRIO_MD_appl_stm207_20150327_20150518_20161130\ #
#                    out\os_dbg.o" "D:\Project\TRIO\3.TRIO-MD\2_1G            #
#                    Clearing\TRIO_MD_appl_stm207_20150327_20150518_20161130\ #
#                    out\os_flag.o" "D:\Project\TRIO\3.TRIO-MD\2_1G           #
#                    Clearing\TRIO_MD_appl_stm207_20150327_20150518_20161130\ #
#                    out\os_mbox.o" "D:\Project\TRIO\3.TRIO-MD\2_1G           #
#                    Clearing\TRIO_MD_appl_stm207_20150327_20150518_20161130\ #
#                    out\os_mem.o" "D:\Project\TRIO\3.TRIO-MD\2_1G            #
#                    Clearing\TRIO_MD_appl_stm207_20150327_20150518_20161130\ #
#                    out\os_mutex.o" "D:\Project\TRIO\3.TRIO-MD\2_1G          #
#                    Clearing\TRIO_MD_appl_stm207_20150327_20150518_20161130\ #
#                    out\os_q.o" "D:\Project\TRIO\3.TRIO-MD\2_1G              #
#                    Clearing\TRIO_MD_appl_stm207_20150327_20150518_20161130\ #
#                    out\os_sem.o" "D:\Project\TRIO\3.TRIO-MD\2_1G            #
#                    Clearing\TRIO_MD_appl_stm207_20150327_20150518_20161130\ #
#                    out\os_task.o" "D:\Project\TRIO\3.TRIO-MD\2_1G           #
#                    Clearing\TRIO_MD_appl_stm207_20150327_20150518_20161130\ #
#                    out\os_time.o" "D:\Project\TRIO\3.TRIO-MD\2_1G           #
#                    Clearing\TRIO_MD_appl_stm207_20150327_20150518_20161130\ #
#                    out\os_tmr.o" "D:\Project\TRIO\3.TRIO-MD\2_1G            #
#                    Clearing\TRIO_MD_appl_stm207_20150327_20150518_20161130\ #
#                    out\stm32f2xx_it_1208.o" "D:\Project\TRIO\3.TRIO-MD\2_1G #
#                     Clearing\TRIO_MD_appl_stm207_20150327_20150518_20161130 #
#                    \out\stm32f2xx_vector.o" "D:\Project\TRIO\3.TRIO-MD\2_1G #
#                     Clearing\TRIO_MD_appl_stm207_20150327_20150518_20161130 #
#                    \out\swab.o" "D:\Project\TRIO\3.TRIO-MD\2_1G             #
#                    Clearing\TRIO_MD_appl_stm207_20150327_20150518_20161130\ #
#                    stm32F_cpulib_prj_v62.a" "D:\Project\TRIO\3.TRIO-MD\2_1G #
#                     Clearing\TRIO_MD_appl_stm207_20150327_20150518_20161130 #
#                    \stm32F_devlib_prj_v62.a" --redirect                     #
#                    _Printf=_PrintfFull --redirect _Scanf=_ScanfFull -o      #
#                    "D:\Project\TRIO\3.TRIO-MD\2_1G                          #
#                    Clearing\TRIO_MD_appl_stm207_20150327_20150518_20161130\ #
#                    stm32FxC_ucos_prj_v511.out" --map                        #
#                    "D:\Project\TRIO\3.TRIO-MD\2_1G                          #
#                    Clearing\TRIO_MD_appl_stm207_20150327_20150518_20161130\ #
#                    out\stm32FxC_ucos_prj_v511.map" --config                 #
#                    "D:\Project\TRIO\3.TRIO-MD\2_1G                          #
#                    Clearing\TRIO_MD_appl_stm207_20150327_20150518_20161130\ #
#                    init\stm32f10x_flash.icf" --entry __iar_program_start    #
#                    --inline --vfe                                           #
#                                                                             #
#                                                                             #
###############################################################################

*******************************************************************************
*** RUNTIME MODEL ATTRIBUTES
***

CppFlavor       = *
__SystemLibrary = DLib


*******************************************************************************
*** PLACEMENT SUMMARY
***

"A1":  place at 0x08008000 { ro section .intvec };
"P1":  place in [from 0x08008000 to 0x08026fff] { ro };
"P2":  place in [from 0x20000000 to 0x2001ffff] {
          block HEAP, block CSTACK, rw section iram };
"P3":  place in [from 0x20000000 to 0x2001ffff] |
                [from 0x60780000 to 0x607fffff] { rw };

  Section            Kind        Address     Size  Object
  -------            ----        -------     ----  ------
"A1":                                       0x184
  .intvec            const    0x08008000    0x184  stm32f2xx_vector.o [1]
                            - 0x08008184    0x184

"P1":                                     0x1caf0
  .text              ro code  0x08008184   0x4fce  aa_protocol.o [1]
  .text              ro code  0x0800d152     0x22  zero_init3.o [5]
  .text              ro code  0x0800d174   0x1234  aa_Table.o [1]
  .text              ro code  0x0800e3a8    0x318  lib_24c64_1208.o [7]
  .text              ro code  0x0800e6c0   0x1950  aa_expio.o [1]
  .text              ro code  0x08010010   0x2840  aa_alc.o [1]
  .text              ro code  0x08012850   0x37f4  cdma.o [1]
  .text              ro code  0x08016044     0x76  ABImemcpy.o [5]
  .text              ro code  0x080160ba      0xa  xsprout.o [3]
  .text              ro code  0x080160c4   0x1054  apl_dtu.o [1]
  .text              ro code  0x08017118    0x1c6  lib_timer_1212.o [7]
  .rodata            const    0x080172de      0x2  os_dbg.o [1]
  .text              ro code  0x080172e0      0x6  ABImemclr.o [5]
  .text              ro code  0x080172e8     0x54  os_time.o [1]
  .text              ro code  0x0801733c      0xe  swab.o [1]
  .text              ro code  0x0801734c   0x1448  aa_serial1.o [1]
  .text              ro code  0x08018794    0x132  os_sem.o [1]
  .text              ro code  0x080188c8     0x8a  stm32f2xx_gpio_1212.o [6]
  .text              ro code  0x08018954     0x94  os_task.o [1]
  .text              ro code  0x080189e8    0x2a0  PCA9555.o [1]
  .text              ro code  0x08018c88    0x298  adf411x.o [1]
  .text              ro code  0x08018f20   0x185e  Alarm.o [1]
  .text              ro code  0x0801a780    0x368  lib_extdev_1208.o [7]
  .text              ro code  0x0801aae8    0x2bc  adcFunc.o [1]
  .text              ro code  0x0801ada4     0x2e  I32ToFlt.o [4]
  .text              ro code  0x0801add4     0x4e  FltToDbl.o [4]
  .text              ro code  0x0801ae24    0x246  DblDiv.o [4]
  .text              ro code  0x0801b070    0x860  pow.o [4]
  .text              ro code  0x0801b8d0     0x58  DblToI32.o [4]
  .text              ro code  0x0801b928    0x364  xlog.o [4]
  .text              ro code  0x0801bc8c    0x1a2  DblMul.o [4]
  .text              ro code  0x0801be30    0x10a  exlib.o [1]
  .text              ro code  0x0801bf3c    0x2c0  stm32f2xx_usart4_1208.o [6]
  .text              ro code  0x0801c1fc   0x2a88  bell860s_v0112.o [1]
  .text              ro code  0x0801ec84    0x30c  stm32f2xx_usart1_1208.o [6]
  .text              ro code  0x0801ef90      0x6  ABImemclr4.o [5]
  .text              ro code  0x0801ef98     0x66  ABImemset.o [5]
  .text              ro code  0x0801f000     0x36  strlen.o [5]
  .text              ro code  0x0801f038     0x62  memcmp.o [5]
  .text              ro code  0x0801f09c     0x30  I32ToDbl.o [4]
  .text              ro code  0x0801f0cc     0x34  stm32f2xx_iwdg.o [6]
  CODE               ro code  0x0801f100     0xa0  os_cpu_a.o [1]
  .text              ro code  0x0801f1a0    0x5d0  os_core.o [1]
  .text              ro code  0x0801f770    0x31c  aa_iAPD.o [1]
  .text              ro code  0x0801fa8c    0x304  AT25DF641_v1204.o [1]
  .text              ro code  0x0801fd90     0x7e  os_cpu_c.o [1]
  .text              ro code  0x0801fe10     0x20  stm32f2xx_nvic_1208.o [6]
  CODE               ro code  0x0801fe30     0x2a  cpu_a.o [1]
  .text              ro code  0x0801fe5a     0x44  xdnorm.o [4]
  .text              ro code  0x0801fe9e     0x80  xdint.o [4]
  .text              ro code  0x0801ff20     0x20  DblCmpEq.o [4]
  .text              ro code  0x0801ff40      0xc  errno.o [3]
  .text              ro code  0x0801ff4c     0x2e  DblCmpGe.o [4]
  .text              ro code  0x0801ff7c     0x2e  DblCmpLe.o [4]
  .text              ro code  0x0801ffac     0xe8  DblAdd.o [4]
  .text              ro code  0x08020094    0x180  DblSub.o [4]
  .text              ro code  0x08020214    0x2f4  xexp.o [4]
  .text              ro code  0x08020508     0xe4  stm32f2xx_usart.o [6]
  .text              ro code  0x080205ec     0x2c  vsprintf.o [3]
  .text              ro code  0x08020618     0x34  sprintf.o [3]
  .text              ro code  0x0802064c     0x1e  strcat.o [3]
  .text              ro code  0x0802066a     0x2a  strncmp.o [3]
  .text              ro code  0x08020694     0x2c  strstr.o [3]
  .text              ro code  0x080206c0     0x3a  ABImemset48.o [5]
  .text              ro code  0x080206fc     0x4c  os_flag.o [1]
  .text              ro code  0x08020748     0x40  os_mem.o [1]
  .text              ro code  0x08020788     0x30  os_q.o [1]
  .text              ro code  0x080207b8    0x42c  main.o [1]
  .text              ro code  0x08020be4    0x106  stm32f2xx_spi.o [6]
  .text              ro code  0x08020cea      0x2  xtls.o [3]
  .text              ro code  0x08020cec    0x11a  xdscale.o [4]
  .text              ro code  0x08020e08     0x90  stm32f2xx_rcc.o [6]
  .text              ro code  0x08020e98    0xd1e  xprintffull.o [3]
  .text              ro code  0x08021bb8     0x16  strchr.o [5]
  .text              ro code  0x08021bd0    0x5d8  stm32f2xx_system.o [6]
  .text              ro code  0x080221a8     0x3c  stm32f0xx_core.o [6]
  .text              ro code  0x080221e4   0x1b00  aa_test.o [1]
  .text              ro code  0x08023ce4     0x58  memchr.o [5]
  .text              ro code  0x08023d3c     0xee  I64DivMod.o [5]
  .text              ro code  0x08023e2a      0xe  div.o [3]
  .text              ro code  0x08023e38      0xc  cstartup_M.o [5]
  .text              ro code  0x08023e44     0xdc  stm32f2xx_fsmc.o [6]
  .text              ro code  0x08023f20     0x42  strcmp.o [5]
  .text              ro code  0x08023f62     0x84  xstol.o [3]
  .text              ro code  0x08023fe8      0x2  I64DivZer.o [5]
  .text              ro code  0x08023fec     0x16  cmain.o [5]
  .text              ro code  0x08024004    0x174  xstoul.o [3]
  .text              ro code  0x08024178     0x2c  data_init3.o [5]
  .text              ro code  0x080241a4     0x24  stm32f2xx_main.o [6]
  .text              ro code  0x080241c8      0x4  exit.o [3]
  .text              ro code  0x080241cc      0xa  cexit.o [5]
  .text              ro code  0x080241d8      0xc  XXexit.o [5]
  .text              ro code  0x080241e4    0x2f8  stm32f2xx_usart3_1208.o [6]
  .text              ro code  0x080244dc    0x112  stm32f2xx_it_1208.o [1]
  .text              ro code  0x080245f0     0x1c  stm32f2xx_exti.o [6]
  .rodata            const    0x0802460c     0xf8  aa_serial1.o [1]
  .rodata            const    0x08024704     0xf0  aa_Table.o [1]
  .rodata            const    0x080247f4     0xa8  aa_test.o [1]
  .text              ro code  0x0802489c     0xa0  packbits_init3.o [5]
  .text              ro code  0x0802493c     0x7a  stm32f0xx_macro.o [6]
  .rodata            const    0x080249b8     0x34  main.o [1]
  .iar.init_table    const    0x080249ec     0x50  - Linker created -
  .rodata            const    0x08024a3c     0x1c  cdma.o [1]
  .rodata            const    0x08024a58     0x18  aa_protocol.o [1]
  .rodata            const    0x08024a70      0x0  bwt_init3c.o [5]
  Initializer bytes  ro data  0x08024a70    0x17e  <for P3 s0>
  Initializer bytes  ro data  0x08024bee     0x83  <for P2 s1>
                            - 0x08024c71  0x1caed

"P2", part 1 of 3:                           0x9c
  P2 s1                       0x20000000     0x9c  <Init block>
    iram             inited   0x20000000     0x34  stm32f2xx_usart3_1208.o [6]
    iram             inited   0x20000034     0x34  stm32f2xx_usart1_1208.o [6]
    iram             inited   0x20000068     0x34  stm32f2xx_usart4_1208.o [6]
                            - 0x2000009c     0x9c

"P2", part 2 of 3:                         0x8434
  iram               zero     0x2000009c   0x1400  stm32f2xx_usart4_1208.o [6]
  iram               zero     0x2000149c   0x1400  stm32f2xx_usart4_1208.o [6]
  iram               zero     0x2000289c   0x1000  stm32f2xx_usart3_1208.o [6]
  iram               zero     0x2000389c   0x1000  stm32f2xx_usart3_1208.o [6]
  iram               zero     0x2000489c    0xa00  stm32f2xx_usart1_1208.o [6]
  iram               zero     0x2000529c    0xa00  stm32f2xx_usart1_1208.o [6]
  iram               zero     0x20005c9c    0x9d4  os_core.o [1]
  iram               zero     0x20006670    0x800  aa_test.o [1]
  iram               zero     0x20006e70    0x600  aa_expio.o [1]
  iram               zero     0x20007470    0x600  aa_serial1.o [1]
  iram               zero     0x20007a70    0x400  aa_alc.o [1]
  iram               zero     0x20007e70    0x200  apl_dtu.o [1]
  iram               zero     0x20008070    0x200  stm32f2xx_main.o [6]
  iram               zero     0x20008270     0xb4  os_core.o [1]
  iram               zero     0x20008324     0x8c  os_core.o [1]
  iram               zero     0x200083b0     0x80  os_core.o [1]
  iram               zero     0x20008430     0x60  os_core.o [1]
  iram               zero     0x20008490     0x34  os_core.o [1]
  iram               zero     0x200084c4      0x4  os_core.o [1]
  iram               zero     0x200084c8      0x4  os_core.o [1]
  iram               zero     0x200084cc      0x4  os_core.o [1]
                            - 0x200084d0   0x8434

"P2", part 3 of 3:                          0x500
  CSTACK                      0x200084d0    0x500  <Block>
    CSTACK           uninit   0x200084d0    0x500  <Block tail>
                            - 0x200089d0    0x500

"P3", part 1 of 2:                         0x1ec8
  P3 s0                       0x200089d0   0x1ec5  <Init block>
    .data            inited   0x200089d0   0x13dc  aa_serial1.o [1]
    .data            inited   0x20009dac    0x85c  cdma.o [1]
    .data            inited   0x2000a608     0xc8  Alarm.o [1]
    .data            inited   0x2000a6d0     0x58  aa_test.o [1]
    .data            inited   0x2000a728     0x4c  adcFunc.o [1]
    .data            inited   0x2000a774     0x4c  apl_dtu.o [1]
    .data            inited   0x2000a7c0     0x4c  bell860s_v0112.o [1]
    .data            inited   0x2000a80c     0x20  aa_expio.o [1]
    .data            inited   0x2000a82c     0x10  stm32f2xx_rcc.o [6]
    .data            inited   0x2000a83c      0xc  cdma.o [1]
    .data            inited   0x2000a848      0xc  cdma.o [1]
    .data            inited   0x2000a854      0xa  aa_expio.o [1]
    .data            inited   0x2000a85e      0x2  aa_alc.o [1]
    .data            inited   0x2000a860      0x8  aa_alc.o [1]
    .data            inited   0x2000a868      0x8  aa_test.o [1]
    .data            inited   0x2000a870      0x4  PCA9555.o [1]
    .data            inited   0x2000a874      0x4  aa_protocol.o [1]
    .data            inited   0x2000a878      0x4  aa_protocol.o [1]
    .data            inited   0x2000a87c      0x4  aa_protocol.o [1]
    .data            inited   0x2000a880      0x4  aa_protocol.o [1]
    .data            inited   0x2000a884      0x4  aa_protocol.o [1]
    .data            inited   0x2000a888      0x4  bell860s_v0112.o [1]
    .data            inited   0x2000a88c      0x4  cdma.o [1]
    .data            inited   0x2000a890      0x3  cdma.o [1]
    .data            inited   0x2000a893      0x1  aa_expio.o [1]
    .data            inited   0x2000a894      0x1  main.o [1]
                            - 0x2000a895   0x1ec5

"P3", part 2 of 2:                        0x10a28
  .bss               zero     0x2000a898   0x4e20  bell860s_v0112.o [1]
  .bss               zero     0x2000f6b8   0x35b8  cdma.o [1]
  .bss               zero     0x20012c70   0x2000  aa_serial1.o [1]
  .bss               zero     0x20014c70   0x2000  bell860s_v0112.o [1]
  .bss               zero     0x20016c70   0x1388  aa_serial1.o [1]
  .bss               zero     0x20017ff8   0x1000  bell860s_v0112.o [1]
  .bss               zero     0x20018ff8    0x500  aa_protocol.o [1]
  .bss               zero     0x200194f8    0x470  aa_serial1.o [1]
  .bss               zero     0x20019968    0x344  aa_iAPD.o [1]
  .bss               zero     0x20019cac    0x2f4  aa_protocol.o [1]
  .bss               zero     0x20019fa0    0x2dc  aa_protocol.o [1]
  .bss               zero     0x2001a27c    0x2bc  aa_Table.o [1]
  .bss               zero     0x2001a538    0x200  cdma.o [1]
  .bss               zero     0x2001a738    0x190  lib_timer_1212.o [7]
  .bss               zero     0x2001a8c8    0x100  cdma.o [1]
  .bss               zero     0x2001a9c8     0xc8  adcFunc.o [1]
  .bss               zero     0x2001aa90     0xc8  adcFunc.o [1]
  .bss               zero     0x2001ab58     0xa8  aa_alc.o [1]
  .bss               zero     0x2001ac00     0xa4  aa_test.o [1]
  .bss               zero     0x2001aca4     0x90  aa_protocol.o [1]
  .bss               zero     0x2001ad34     0x70  cdma.o [1]
  .bss               zero     0x2001ada4     0x60  aa_alc.o [1]
  .bss               zero     0x2001ae04     0x56  aa_alc.o [1]
  .bss               zero     0x2001ae5a      0x6  aa_alc.o [1]
  .bss               zero     0x2001ae60     0x54  aa_alc.o [1]
  .bss               zero     0x2001aeb4     0x54  aa_alc.o [1]
  .bss               zero     0x2001af08     0x54  aa_alc.o [1]
  .bss               zero     0x2001af5c     0x44  bell860s_v0112.o [1]
  .bss               zero     0x2001afa0     0x40  aa_expio.o [1]
  .bss               zero     0x2001afe0     0x40  aa_serial1.o [1]
  .bss               zero     0x2001b020     0x40  aa_test.o [1]
  .bss               zero     0x2001b060     0x40  adcFunc.o [1]
  .bss               zero     0x2001b0a0     0x3c  adcFunc.o [1]
  .bss               zero     0x2001b0dc     0x3c  adf411x.o [1]
  .bss               zero     0x2001b118     0x34  aa_test.o [1]
  .bss               zero     0x2001b14c     0x2c  aa_alc.o [1]
  .bss               zero     0x2001b178     0x19  aa_alc.o [1]
  .bss               zero     0x2001b191      0x2  bell860s_v0112.o [1]
  .bss               zero     0x2001b193      0x1  Alarm.o [1]
  .bss               zero     0x2001b194     0x18  PCA9555.o [1]
  .bss               zero     0x2001b1ac     0x18  aa_alc.o [1]
  .bss               zero     0x2001b1c4     0x14  bell860s_v0112.o [1]
  .bss               zero     0x2001b1d8     0x10  Alarm.o [1]
  .bss               zero     0x2001b1e8     0x10  aa_alc.o [1]
  .bss               zero     0x2001b1f8     0x10  bell860s_v0112.o [1]
  .bss               zero     0x2001b208     0x10  cdma.o [1]
  .bss               zero     0x2001b218     0x10  cdma.o [1]
  .bss               zero     0x2001b228     0x10  cdma.o [1]
  .bss               zero     0x2001b238     0x10  cdma.o [1]
  .bss               zero     0x2001b248      0xc  aa_expio.o [1]
  .bss               zero     0x2001b254      0xc  main.o [1]
  .bss               zero     0x2001b260      0x8  aa_alc.o [1]
  .bss               zero     0x2001b268      0x8  aa_expio.o [1]
  .bss               zero     0x2001b270      0x4  aa_Table.o [1]
  .bss               zero     0x2001b274      0x4  aa_alc.o [1]
  .bss               zero     0x2001b278      0x4  aa_expio.o [1]
  .bss               zero     0x2001b27c      0x4  aa_expio.o [1]
  .bss               zero     0x2001b280      0x4  aa_expio.o [1]
  .bss               zero     0x2001b284      0x4  aa_expio.o [1]
  .bss               zero     0x2001b288      0x4  aa_test.o [1]
  __DLIB_PERTHREAD   zero     0x2001b28c      0x4  errno.o [3]
  .bss               zero     0x2001b290      0x2  cdma.o [1]
  .bss               zero     0x2001b292      0x1  aa_alc.o [1]
  .bss               zero     0x2001b293      0x1  aa_alc.o [1]
  .bss               zero     0x2001b294      0x1  aa_alc.o [1]
  .bss               zero     0x2001b295      0x1  aa_alc.o [1]
  .bss               zero     0x2001b296      0x1  aa_alc.o [1]
  .bss               zero     0x2001b297      0x1  aa_alc.o [1]
  .bss               zero     0x2001b298      0x1  aa_alc.o [1]
  .bss               zero     0x2001b299      0x1  aa_alc.o [1]
  .bss               zero     0x2001b29a      0x1  aa_alc.o [1]
  .bss               zero     0x2001b29b      0x1  aa_alc.o [1]
  .bss               zero     0x2001b29c      0x1  aa_alc.o [1]
  .bss               zero     0x2001b29d      0x1  aa_alc.o [1]
  .bss               zero     0x2001b29e      0x1  aa_alc.o [1]
  .bss               zero     0x2001b29f      0x1  aa_alc.o [1]
  .bss               zero     0x2001b2a0      0x1  aa_alc.o [1]
  .bss               zero     0x2001b2a1      0x1  aa_alc.o [1]
  .bss               zero     0x2001b2a2      0x1  aa_alc.o [1]
  .bss               zero     0x2001b2a3      0x1  aa_alc.o [1]
  .bss               zero     0x2001b2a4      0x1  aa_alc.o [1]
  .bss               zero     0x2001b2a5      0x1  aa_alc.o [1]
  .bss               zero     0x2001b2a6      0x1  aa_expio.o [1]
  .bss               zero     0x2001b2a7      0x1  aa_expio.o [1]
  .bss               zero     0x2001b2a8      0x1  aa_expio.o [1]
  .bss               zero     0x2001b2a9      0x1  aa_expio.o [1]
  .bss               zero     0x2001b2aa      0x1  aa_expio.o [1]
  .bss               zero     0x2001b2ab      0x1  aa_expio.o [1]
  .bss               zero     0x2001b2ac      0x1  aa_expio.o [1]
  .bss               zero     0x2001b2ad      0x1  aa_expio.o [1]
  .bss               zero     0x2001b2ae      0x1  aa_expio.o [1]
  .bss               zero     0x2001b2af      0x1  aa_expio.o [1]
  .bss               zero     0x2001b2b0      0x1  aa_expio.o [1]
  .bss               zero     0x2001b2b1      0x1  aa_expio.o [1]
  .bss               zero     0x2001b2b2      0x1  aa_expio.o [1]
  .bss               zero     0x2001b2b3      0x1  aa_expio.o [1]
  .bss               zero     0x2001b2b4      0x1  aa_expio.o [1]
  .bss               zero     0x2001b2b5      0x1  aa_serial1.o [1]
  .bss               zero     0x2001b2b6      0x1  aa_test.o [1]
  .bss               zero     0x2001b2b7      0x1  aa_test.o [1]
  .bss               zero     0x2001b2b8      0x1  apl_dtu.o [1]
  .bss               zero     0x2001b2b9      0x1  apl_dtu.o [1]
  .bss               zero     0x2001b2ba      0x1  cdma.o [1]
  .bss               zero     0x2001b2bb      0x1  cdma.o [1]
  .bss               zero     0x2001b2bc      0x1  cdma.o [1]
  .bss               zero     0x2001b2bd      0x1  cdma.o [1]
  .bss               zero     0x2001b2be      0x1  cdma.o [1]
                            - 0x2001b2bf  0x10a27


*******************************************************************************
*** INIT TABLE
***

          Address     Size
          -------     ----
Zero (__iar_zero_init3)
    2 destination ranges, total size 0x18e5b:
          0x2000009c   0x8434
          0x2000a898  0x10a27

Copy/packbits (__iar_packbits_init3)
    1 source range, total size 0x17e (4% of destination):
          0x08024a70    0x17e
    1 destination range, total size 0x1ec5:
          0x200089d0   0x1ec5

Copy/packbits (__iar_packbits_init3)
    1 source range, total size 0x83 (83% of destination):
          0x08024bee     0x83
    1 destination range, total size 0x9c:
          0x20000000     0x9c



*******************************************************************************
*** MODULE SUMMARY
***

    Module                   ro code  ro data  rw data
    ------                   -------  -------  -------
D:\Project\TRIO\3.TRIO-MD\2_1G Clearing\TRIO_MD_appl_stm207_20150327_20150518_20161130\out: [1]
    AT25DF641_v1204.o            772
    Alarm.o                    6 238       10      217
    PCA9555.o                    672                28
    aa_Table.o                 4 660      240      704
    aa_alc.o                  10 304             1 783
    aa_expio.o                 6 480        2    1 694
    aa_iAPD.o                    796               836
    aa_protocol.o             20 430       25    2 932
    aa_serial1.o               5 192      494   21 013
    aa_test.o                  6 912      173    2 430
    adcFunc.o                    700        3      600
    adf411x.o                    664                60
    apl_dtu.o                  4 180        4      590
    bell860s_v0112.o          10 888        4   32 474
    cdma.o                    14 324      133   16 874
    cpu_a.o                       42
    exlib.o                      266
    main.o                     1 068       53       13
    os_core.o                  1 488             3 124
    os_cpu_a.o                   160
    os_cpu_c.o                   126
    os_dbg.o                                2
    os_flag.o                     76
    os_mem.o                      64
    os_q.o                        48
    os_sem.o                     306
    os_task.o                    148
    os_time.o                     84
    stm32f2xx_it_1208.o          274
    stm32f2xx_vector.o                    388
    swab.o                        14
    --------------------------------------------------
    Total:                    97 376    1 531   85 372

command line: [2]
    --------------------------------------------------
    Total:

dl7M_tln.a: [3]
    div.o                         14
    errno.o                       12                 4
    exit.o                         4
    sprintf.o                     52
    strcat.o                      30
    strncmp.o                     42
    strstr.o                      44
    vsprintf.o                    44
    xprintffull.o              3 358
    xsprout.o                     10
    xstol.o                      132
    xstoul.o                     372
    xtls.o                         2
    --------------------------------------------------
    Total:                     4 116                 4

m7M_tl.a: [4]
    DblAdd.o                     232
    DblCmpEq.o                    32
    DblCmpGe.o                    46
    DblCmpLe.o                    46
    DblDiv.o                     582
    DblMul.o                     418
    DblSub.o                     384
    DblToI32.o                    88
    FltToDbl.o                    78
    I32ToDbl.o                    48
    I32ToFlt.o                    46
    pow.o                      2 144
    xdint.o                      128
    xdnorm.o                      68
    xdscale.o                    282
    xexp.o                       756
    xlog.o                       868
    --------------------------------------------------
    Total:                     6 246

rt7M_tl.a: [5]
    ABImemclr.o                    6
    ABImemclr4.o                   6
    ABImemcpy.o                  118
    ABImemset.o                  102
    ABImemset48.o                 58
    I64DivMod.o                  238
    I64DivZer.o                    2
    XXexit.o                      12
    bwt_init3c.o
    cexit.o                       10
    cmain.o                       22
    cstartup_M.o                  12
    data_init3.o                  44
    memchr.o                      88
    memcmp.o                      98
    packbits_init3.o             160
    strchr.o                      22
    strcmp.o                      66
    strlen.o                      54
    zero_init3.o                  34
    --------------------------------------------------
    Total:                     1 152

stm32F_cpulib_prj_v62.a: [6]
    stm32f0xx_core.o              60
    stm32f0xx_macro.o            122
    stm32f2xx_exti.o              28
    stm32f2xx_fsmc.o             220
    stm32f2xx_gpio_1212.o        138
    stm32f2xx_iwdg.o              52
    stm32f2xx_main.o              36               512
    stm32f2xx_nvic_1208.o         32
    stm32f2xx_rcc.o              144        1       16
    stm32f2xx_spi.o              262
    stm32f2xx_system.o         1 496
    stm32f2xx_usart.o            228
    stm32f2xx_usart1_1208.o      780       44    5 172
    stm32f2xx_usart3_1208.o      760       43    8 244
    stm32f2xx_usart4_1208.o      704       44   10 292
    --------------------------------------------------
    Total:                     5 062      132   24 236

stm32F_devlib_prj_v62.a: [7]
    lib_24c64_1208.o             792
    lib_extdev_1208.o            872
    lib_timer_1212.o             454               400
    --------------------------------------------------
    Total:                     2 118               400

    Gaps                          58        2
    Linker created                         80    1 280
------------------------------------------------------
    Grand Total:             116 128    1 745  111 292


*******************************************************************************
*** ENTRY LIST
***

Entry                      Address    Size  Type      Object
-----                      -------    ----  ----      ------
?main                   0x08023fed          Code  Gb  cmain.o [5]
ACFailCnt               0x2001b2b2     0x1  Data  Gb  aa_expio.o [1]
ACKEEprom               0x0800e511    0x20  Code  Gb  lib_24c64_1208.o [7]
ACKpPCA9555             0x08018b8b    0x20  Code  Gb  PCA9555.o [1]
ADC1_SWStart            0x0801abd9    0x62  Code  Gb  adcFunc.o [1]
ADC3Index               0x2001b062     0x1  Data  Gb  adcFunc.o [1]
ADC3_IRQHandler         0x080245a9     0x2  Code  Gb  stm32f2xx_it_1208.o [1]
ADCIndex                0x2001b060     0x1  Data  Gb  adcFunc.o [1]
ADCInit                 0x0801aae9    0xd4  Code  Gb  adcFunc.o [1]
ADCSTART                0x2001b064    0x14  Data  Gb  adcFunc.o [1]
ADC_AVR                 0x2000a728    0x4c  Data  Gb  adcFunc.o [1]
ADC_AVR_VALUE0          0x2001a9c8    0xc8  Data  Gb  adcFunc.o [1]
ADC_AVR_VALUE1          0x2001aa90    0xc8  Data  Gb  adcFunc.o [1]
ADC_ChannelEnable       0x0801abcf     0xa  Code  Gb  adcFunc.o [1]
ADC_CheckFinish         0x0801abbd    0x12  Code  Gb  adcFunc.o [1]
ADC_DATA1               0x2001b0a0    0x3c  Data  Gb  adcFunc.o [1]
ADC_IRQHandler          0x08024569     0x4  Code  Gb  stm32f2xx_it_1208.o [1]
ADC_IRQInitHandler      0x0801ac67    0x54  Code  Gb  adcFunc.o [1]
ADC_Select              0x0800ff17    0x40  Code  Gb  aa_expio.o [1]
ADC_WRCNT               0x2001b078    0x28  Data  Gb  adcFunc.o [1]
AGCCheck                0x08011281    0x8e  Code  Gb  aa_alc.o [1]
AGCCheckFunction        0x08010ed5   0x274  Code  Gb  aa_alc.o [1]
ALCCheckFunction        0x08011149   0x12c  Code  Gb  aa_alc.o [1]
APBAHBPrescTable        0x2000a82c    0x10  Data  Lc  stm32f2xx_rcc.o [6]
APD0TaskStk             0x2001998c   0x320  Data  Lc  aa_iAPD.o [1]
ASTART                  0x2001b061     0x1  Data  Gb  adcFunc.o [1]
ASTART3                 0x2001b063     0x1  Data  Gb  adcFunc.o [1]
AT25DFSpi               0x20019968     0x8  Data  Gb  aa_iAPD.o [1]
Ac_Sd_Flag              0x2001b297     0x1  Data  Gb  aa_alc.o [1]
AdInputStatus           0x080230c1    0x96  Code  Gb  aa_test.o [1]
AdcBuffMax              0x0801ad58    0x4c  Data  Gb  adcFunc.o [1]
AdcStep0                0x2000a85e     0x1  Data  Gb  aa_alc.o [1]
AdcStep1                0x2000a85f     0x1  Data  Gb  aa_alc.o [1]
AdctoVolt33V            0x0801ac3b     0xe  Code  Gb  adcFunc.o [1]
AlarmCheck              0x08018f21   0xdca  Code  Gb  Alarm.o [1]
AlarmCheck_2G           0x2001b2ae     0x1  Data  Gb  aa_expio.o [1]
AlarmCheck_LTE          0x2001b2af     0x1  Data  Gb  aa_expio.o [1]
AlarmCheck_LTE_21       0x2001b2b1     0x1  Data  Gb  aa_expio.o [1]
AlarmCheck_LTE_A2       0x2001b2b0     0x1  Data  Gb  aa_expio.o [1]
AlarmInitialize         0x08011e51    0x1a  Code  Gb  aa_alc.o [1]
AlarmStatusUpdate       0x0801a4bf   0x1d4  Code  Gb  Alarm.o [1]
AlcInit                 0x08010011    0x10  Code  Gb  aa_alc.o [1]
AlcSem                  0x2001b274     0x4  Data  Gb  aa_alc.o [1]
AlcTask                 0x08010021    0x8a  Code  Gb  aa_alc.o [1]
AlcTaskStk              0x20007a70   0x400  Data  Lc  aa_alc.o [1]
AmpBitReason            0x08011d69    0xe8  Code  Gb  aa_alc.o [1]
AmpPathOnOff            0x0800f135   0x1a2  Code  Gb  aa_expio.o [1]
AmpSd_Clear             0x08011ce1    0x86  Code  Gb  aa_alc.o [1]
Amp_Step                0x2000a860     0x8  Data  Gb  aa_alc.o [1]
AnalyzeAidData          0x0800d035    0x8c  Code  Gb  aa_protocol.o [1]
AnyCheckByte            0x0801e787    0x3a  Code  Gb  bell860s_v0112.o [1]
AnyRxGetByte            0x0801e751    0x36  Code  Gb  bell860s_v0112.o [1]
Argc                    0x2001b022     0x2  Data  Gb  aa_test.o [1]
Argv                    0x2001b024    0x3c  Data  Gb  aa_test.o [1]
AttnBufferInit          0x0800fc79    0x5c  Code  Gb  aa_expio.o [1]
AttnCS0Val              0x2001b278     0x4  Data  Gb  aa_expio.o [1]
AttnCS1Val              0x2001b27c     0x4  Data  Gb  aa_expio.o [1]
AttnDataOutput          0x0800fd01   0x1e8  Code  Gb  aa_expio.o [1]
AttnOffsetTable         0x2000a87c     0x4  Data  Gb  aa_protocol.o [1]
AttnOffsetTableB        0x20019cac   0x2f4  Data  Gb  aa_protocol.o [1]
AttnTempTable           0x2000a880     0x4  Data  Gb  aa_protocol.o [1]
AttnTempTableB          0x2001aca4    0x90  Data  Gb  aa_protocol.o [1]
AutoResetCheck          0x08012ebd    0x26  Code  Gb  cdma.o [1]
AutoResetCnt            0x2001b23c     0x4  Data  Gb  cdma.o [1]
AutoResetFlg            0x2001b229     0x1  Data  Gb  cdma.o [1]
AutoRptChk              0x08013731    0xc6  Code  Gb  cdma.o [1]
AutoTimeChk             0x080136b9    0x78  Code  Gb  cdma.o [1]
Auto_ResetCheckInit     0x08012e09    0x48  Code  Gb  cdma.o [1]
Average_Sum             0x0801ad29    0x28  Code  Gb  adcFunc.o [1]
Average_Sum_Test        0x080127b1    0x48  Code  Gb  aa_alc.o [1]
BcMEsnNum               0x2000a7d8     0x8  Data  Gb  bell860s_v0112.o [1]
BcMFreqStateCheck       0x0801cf5d   0xc3a  Code  Gb  bell860s_v0112.o [1]
BcMMaker                0x2000a7c7     0x1  Data  Gb  bell860s_v0112.o [1]
BcMPilotStateCheck      0x0801dba1   0x41c  Code  Gb  bell860s_v0112.o [1]
BcMPilotStatus          0x2000a888     0x4  Data  Gb  bell860s_v0112.o [1]
BcMPilotStatusB         0x2001b1f8    0x10  Data  Gb  bell860s_v0112.o [1]
BcMRfStatus             0x2000a808     0x4  Data  Gb  bell860s_v0112.o [1]
BcMRfStatusB            0x2001af5c    0x44  Data  Gb  bell860s_v0112.o [1]
BcMRtryNo               0x2000a7c6     0x1  Data  Gb  bell860s_v0112.o [1]
BcMSrcTel               0x2000a7cc     0xc  Data  Gb  bell860s_v0112.o [1]
BcMTimerRx              0x2000a7f4     0x2  Data  Gb  bell860s_v0112.o [1]
BcMType                 0x2000a7c8     0x1  Data  Gb  bell860s_v0112.o [1]
BcMVerNum               0x2000a7c0     0x4  Data  Gb  bell860s_v0112.o [1]
BcMdebug                0x2000a7c4     0x1  Data  Gb  bell860s_v0112.o [1]
BcMdemCalling           0x0801e1b9    0xae  Code  Gb  bell860s_v0112.o [1]
BcMdemCommad            0x0801e295   0x190  Code  Gb  bell860s_v0112.o [1]
BcMdemDataProtocolCheck
                        0x0801cb55   0x3ac  Code  Gb  bell860s_v0112.o [1]
BcMdemDebug             0x0801c1fd    0x10  Code  Gb  bell860s_v0112.o [1]
BcMdemInit              0x0801c20d   0x108  Code  Gb  bell860s_v0112.o [1]
BcMdemMSGSentTx         0x0801c453    0xd2  Code  Gb  bell860s_v0112.o [1]
BcMdemMSGTx             0x0801c381    0xd2  Code  Gb  bell860s_v0112.o [1]
BcMdemRecv              0x0801e5a3   0x178  Code  Gb  bell860s_v0112.o [1]
BcMdemSyncCheck         0x0801c77b   0x266  Code  Gb  bell860s_v0112.o [1]
BcMdemSyncProtocolCheck
                        0x0801c693    0x6c  Code  Gb  bell860s_v0112.o [1]
BcMdemSyncProtocolCheck1
                        0x0801c6ff    0x68  Code  Gb  bell860s_v0112.o [1]
BcMdemSyncProtocolCheck_Mode
                        0x0801e9cd    0x82  Code  Gb  bell860s_v0112.o [1]
BcMdemTCPRxCheck1       0x0801c5ed    0x9c  Code  Gb  bell860s_v0112.o [1]
BcMdemTCPTx             0x0801c565    0x70  Code  Gb  bell860s_v0112.o [1]
BcMdemTcpConnect        0x0801dfbd   0x116  Code  Gb  bell860s_v0112.o [1]
BcMdemTcpExit           0x0801e125    0x7c  Code  Gb  bell860s_v0112.o [1]
BcMdemXmit              0x0801c351    0x30  Code  Gb  bell860s_v0112.o [1]
BcMpresentTime          0x2000a804     0x4  Data  Gb  bell860s_v0112.o [1]
BcMpresentTimeB         0x2001b1c4    0x14  Data  Gb  bell860s_v0112.o [1]
BcdemPilotGet           0x0801e71b    0x36  Code  Gb  bell860s_v0112.o [1]
BcdemRfStsGet           0x0801e531    0x72  Code  Gb  bell860s_v0112.o [1]
BcdemTimeGet            0x0801e4ad    0x84  Code  Gb  bell860s_v0112.o [1]
BlinkFlag               0x2001b190     0x1  Data  Gb  aa_alc.o [1]
BootAlarmFlag           0x2001b228     0x1  Data  Gb  cdma.o [1]
BubbleSort              0x0801acf5    0x34  Code  Gb  adcFunc.o [1]
BusFaultException       0x080244e3     0x2  Code  Gb  stm32f2xx_it_1208.o [1]
CAN2_RX0_IRQHandler     0x080245cd     0x2  Code  Gb  stm32f2xx_it_1208.o [1]
CAN2_RX1_IRQHandler     0x080245cf     0x2  Code  Gb  stm32f2xx_it_1208.o [1]
CAN2_SCE_IRQHandler     0x080245d1     0x2  Code  Gb  stm32f2xx_it_1208.o [1]
CAN2_TX_IRQHandler      0x080245cb     0x2  Code  Gb  stm32f2xx_it_1208.o [1]
CAN_RX1_IRQHandler      0x08024571     0x2  Code  Gb  stm32f2xx_it_1208.o [1]
CAN_SCE_IRQHandler      0x08024573     0x2  Code  Gb  stm32f2xx_it_1208.o [1]
CDMATaskStk             0x20012870   0x400  Data  Lc  cdma.o [1]
COMTestFunc             0x08023189    0x80  Code  Gb  aa_test.o [1]
CPU_CntLeadZeros        0x0801fe47          Code  Gb  cpu_a.o [1]
CPU_IntDis              0x0801fe31          Code  Gb  cpu_a.o [1]
CPU_IntEn               0x0801fe35          Code  Gb  cpu_a.o [1]
CPU_RevBits             0x0801fe4d          Code  Gb  cpu_a.o [1]
CPU_SR_Restore          0x0801fe41          Code  Gb  cpu_a.o [1]
CPU_SR_Save             0x0801fe39          Code  Gb  cpu_a.o [1]
CPU_WaitForExcept       0x0801fe57          Code  Gb  cpu_a.o [1]
CPU_WaitForInt          0x0801fe53          Code  Gb  cpu_a.o [1]
CRC_16_Table            0x08018594   0x200  Data  Gb  aa_serial1.o [1]
CRYP_IRQHandler         0x080245eb     0x2  Code  Gb  stm32f2xx_it_1208.o [1]
CSTACK$$Base            0x200084d0           --   Gb  - Linker created -
CSTACK$$Limit           0x200089d0           --   Gb  - Linker created -
CdmaFuncselect          0x080128fd    0x38  Code  Gb  cdma.o [1]
CdmaModemHangUp         0x0801e27b     0x4  Code  Gb  bell860s_v0112.o [1]
CdmaModemTrafficCheck   0x0801e275     0x6  Code  Gb  bell860s_v0112.o [1]
CdmaSem                 0x2000f738     0x4  Data  Gb  cdma.o [1]
CheckSoftTimer          0x0801714d    0x5e  Code  Gb  lib_timer_1212.o [7]
CheckTime               0x08012e51    0x5e  Code  Gb  cdma.o [1]
ChkAgcChange            0x2001b269     0x1  Data  Gb  aa_expio.o [1]
ChkAttChange            0x2001b268     0x1  Data  Gb  aa_expio.o [1]
ChkBandSelet_CDMALTE    0x2000a859     0x1  Data  Gb  aa_expio.o [1]
ChkBandSelet_LTE_A      0x2000a85a     0x1  Data  Gb  aa_expio.o [1]
ChkBandSelet_WCDMALTE_21
                        0x2000a85b     0x1  Data  Gb  aa_expio.o [1]
ChkISO                  0x2001ae5a     0x1  Data  Gb  aa_alc.o [1]
ChkISOSet               0x2001ae5b     0x1  Data  Gb  aa_alc.o [1]
ChkRvsOtherOverInAlarm  0x2001b1e7     0x1  Data  Gb  Alarm.o [1]
ChkRvsOverInAlarm       0x2001b1e4     0x1  Data  Gb  Alarm.o [1]
ChkTableAlarm           0x2000a893     0x1  Data  Gb  aa_expio.o [1]
Chk_Reset               0x2000a858     0x1  Data  Gb  aa_expio.o [1]
CommandInterpret        0x0802232d   0xa76  Code  Gb  aa_test.o [1]
Crc16Calc               0x0801a79f    0x4a  Code  Gb  lib_extdev_1208.o [7]
Crc_tbl                 0x0801a8e8   0x200  Data  Gb  lib_extdev_1208.o [7]
CurrAgcAttn_2G          0x2001b29b     0x1  Data  Gb  aa_alc.o [1]
CurrAgcAttn_3G          0x2001b29a     0x1  Data  Gb  aa_alc.o [1]
CurrAgcAttn_LTE         0x2001b29c     0x1  Data  Gb  aa_alc.o [1]
CurrAgcAttn_LTE_21      0x2001b29f     0x1  Data  Gb  aa_alc.o [1]
CurrAgcAttn_LTE_A1      0x2001b29d     0x1  Data  Gb  aa_alc.o [1]
CurrAgcAttn_LTE_A2      0x2001b29e     0x1  Data  Gb  aa_alc.o [1]
CurrAlarm               0x2001b1d8     0xc  Data  Gb  Alarm.o [1]
CurrFwdAttn1_2G         0x2000a80c     0x1  Data  Gb  aa_expio.o [1]
CurrFwdAttn1_3G         0x2000a824     0x1  Data  Gb  aa_expio.o [1]
CurrFwdAttn1_CDMALTE    0x2000a814     0x1  Data  Gb  aa_expio.o [1]
CurrFwdAttn1_LTE        0x2000a810     0x1  Data  Gb  aa_expio.o [1]
CurrFwdAttn1_LTEA       0x2000a820     0x1  Data  Gb  aa_expio.o [1]
CurrFwdAttn1_LTE_21     0x2000a828     0x1  Data  Gb  aa_expio.o [1]
CurrFwdAttn1_LTE_A1     0x2000a81c     0x1  Data  Gb  aa_expio.o [1]
CurrFwdAttn1_LTE_A2     0x2000a818     0x1  Data  Gb  aa_expio.o [1]
CurrFwdAttn1_WCDMALTE_21
                        0x2000a854     0x1  Data  Gb  aa_expio.o [1]
CurrFwdAttn2_2G         0x2000a80d     0x1  Data  Gb  aa_expio.o [1]
CurrFwdAttn2_3G         0x2000a825     0x1  Data  Gb  aa_expio.o [1]
CurrFwdAttn2_LTE        0x2000a811     0x1  Data  Gb  aa_expio.o [1]
CurrFwdAttn2_LTE_21     0x2000a829     0x1  Data  Gb  aa_expio.o [1]
CurrFwdAttn2_LTE_A1     0x2000a81d     0x1  Data  Gb  aa_expio.o [1]
CurrFwdAttn2_LTE_A2     0x2000a819     0x1  Data  Gb  aa_expio.o [1]
CurrModemOnOff          0x2000a85d     0x1  Data  Gb  aa_expio.o [1]
CurrRvsAlcAttn_2G       0x2001b2a1     0x1  Data  Gb  aa_alc.o [1]
CurrRvsAlcAttn_3G       0x2001b2a0     0x1  Data  Gb  aa_alc.o [1]
CurrRvsAlcAttn_LTE      0x2001b2a2     0x1  Data  Gb  aa_alc.o [1]
CurrRvsAlcAttn_LTE_21   0x2001b2a5     0x1  Data  Gb  aa_alc.o [1]
CurrRvsAlcAttn_LTE_A1   0x2001b2a3     0x1  Data  Gb  aa_alc.o [1]
CurrRvsAlcAttn_LTE_A2   0x2001b2a4     0x1  Data  Gb  aa_alc.o [1]
CurrRvsAttn1_2G         0x2000a80e     0x1  Data  Gb  aa_expio.o [1]
CurrRvsAttn1_3G         0x2000a826     0x1  Data  Gb  aa_expio.o [1]
CurrRvsAttn1_CDMALTE    0x2000a815     0x1  Data  Gb  aa_expio.o [1]
CurrRvsAttn1_LTE        0x2000a812     0x1  Data  Gb  aa_expio.o [1]
CurrRvsAttn1_LTEA       0x2000a821     0x1  Data  Gb  aa_expio.o [1]
CurrRvsAttn1_LTE_21     0x2000a82a     0x1  Data  Gb  aa_expio.o [1]
CurrRvsAttn1_LTE_A1     0x2000a81e     0x1  Data  Gb  aa_expio.o [1]
CurrRvsAttn1_LTE_A2     0x2000a81a     0x1  Data  Gb  aa_expio.o [1]
CurrRvsAttn1_WCDMALTE_21
                        0x2000a855     0x1  Data  Gb  aa_expio.o [1]
CurrRvsAttn2_2G         0x2000a80f     0x1  Data  Gb  aa_expio.o [1]
CurrRvsAttn2_3G         0x2000a827     0x1  Data  Gb  aa_expio.o [1]
CurrRvsAttn2_CDMALTE    0x2000a816     0x1  Data  Gb  aa_expio.o [1]
CurrRvsAttn2_LTE        0x2000a813     0x1  Data  Gb  aa_expio.o [1]
CurrRvsAttn2_LTEA       0x2000a822     0x1  Data  Gb  aa_expio.o [1]
CurrRvsAttn2_LTE_21     0x2000a82b     0x1  Data  Gb  aa_expio.o [1]
CurrRvsAttn2_LTE_A1     0x2000a81f     0x1  Data  Gb  aa_expio.o [1]
CurrRvsAttn2_LTE_A2     0x2000a81b     0x1  Data  Gb  aa_expio.o [1]
CurrRvsAttn2_WCDMALTE_21
                        0x2000a856     0x1  Data  Gb  aa_expio.o [1]
CurrRvsAttn3_CDMALTE    0x2000a817     0x1  Data  Gb  aa_expio.o [1]
CurrRvsAttn3_LTEA       0x2000a823     0x1  Data  Gb  aa_expio.o [1]
CurrRvsAttn3_WCDMALTE_21
                        0x2000a857     0x1  Data  Gb  aa_expio.o [1]
CurrentInputStatus      0x08023219   0x126  Code  Gb  aa_test.o [1]
DCFailCnt               0x2001b2b3     0x1  Data  Gb  aa_expio.o [1]
DCMI_IRQHandler         0x080245e9     0x2  Code  Gb  stm32f2xx_it_1208.o [1]
DMA2_Stream0_IRQHandler
                        0x080245bd     0x2  Code  Gb  stm32f2xx_it_1208.o [1]
DMA2_Stream1_IRQHandler
                        0x080245bf     0x2  Code  Gb  stm32f2xx_it_1208.o [1]
DMA2_Stream2_IRQHandler
                        0x080245c1     0x2  Code  Gb  stm32f2xx_it_1208.o [1]
DMA2_Stream3_IRQHandler
                        0x080245c3     0x2  Code  Gb  stm32f2xx_it_1208.o [1]
DMA2_Stream4_IRQHandler
                        0x080245c5     0x2  Code  Gb  stm32f2xx_it_1208.o [1]
DMA2_Stream5_IRQHandler
                        0x080245d5     0x2  Code  Gb  stm32f2xx_it_1208.o [1]
DMA2_Stream6_IRQHandler
                        0x080245d7     0x2  Code  Gb  stm32f2xx_it_1208.o [1]
DMA2_Stream7_IRQHandler
                        0x080245d9     0x2  Code  Gb  stm32f2xx_it_1208.o [1]
DMAChannel1_IRQHandler  0x0802455b     0x2  Code  Gb  stm32f2xx_it_1208.o [1]
DMAChannel2_IRQHandler  0x0802455d     0x2  Code  Gb  stm32f2xx_it_1208.o [1]
DMAChannel3_IRQHandler  0x0802455f     0x2  Code  Gb  stm32f2xx_it_1208.o [1]
DMAChannel4_IRQHandler  0x08024561     0x2  Code  Gb  stm32f2xx_it_1208.o [1]
DMAChannel5_IRQHandler  0x08024563     0x2  Code  Gb  stm32f2xx_it_1208.o [1]
DMAChannel6_IRQHandler  0x08024565     0x2  Code  Gb  stm32f2xx_it_1208.o [1]
DMAChannel7_IRQHandler  0x08024567     0x2  Code  Gb  stm32f2xx_it_1208.o [1]
DNMode                  0x2001b2bc     0x1  Data  Gb  cdma.o [1]
DNModeCnt               0x20009de8     0x4  Data  Gb  cdma.o [1]
DNModeMaxCnt            0x20009dec     0x4  Data  Gb  cdma.o [1]
DTUGetSpecData          0x080163d1    0xe2  Code  Gb  apl_dtu.o [1]
DTUInitCheck            0x080161cb   0x1c8  Code  Gb  apl_dtu.o [1]
DTULinkFailCnt          0x2000a775     0x1  Data  Gb  apl_dtu.o [1]
DTUStatusUpdate         0x080164b3   0x536  Code  Gb  apl_dtu.o [1]
DTUStatustoIO           0x0800f903   0x372  Code  Gb  aa_expio.o [1]
DTUSwResetFunc          0x0801617f    0x4c  Code  Gb  apl_dtu.o [1]
DTUTest                 0x2001b020     0x1  Data  Gb  aa_test.o [1]
DTU_ReadData            0x08016b13   0x134  Code  Gb  apl_dtu.o [1]
DTU_WriteData           0x080169e9   0x12a  Code  Gb  apl_dtu.o [1]
DataConv                0x0801492f    0x2e  Code  Gb  cdma.o [1]
DataCount               0x200089ec     0x4  Data  Gb  aa_serial1.o [1]
DebugMonitor            0x080244e7     0x2  Code  Gb  stm32f2xx_it_1208.o [1]
DefaultTable            0x0800d8a9   0x6dc  Code  Gb  aa_Table.o [1]
DefaultTableSet         0x0800d741   0x15e  Code  Gb  aa_Table.o [1]
DefaultValueSet         0x0800d5cb   0x176  Code  Gb  aa_Table.o [1]
DigitalInputDiplay      0x080236ef    0xb4  Code  Gb  aa_test.o [1]
DnReceiveData           0x080176e9   0x32c  Code  Gb  aa_serial1.o [1]
Dnr0_ReadPwrTable       0x08011b47   0x196  Code  Gb  aa_alc.o [1]
DnrAlarmCheckUpdate     0x0801a6bb    0x3e  Code  Gb  Alarm.o [1]
DnrAlarmReport          0x08014f99   0x684  Code  Gb  cdma.o [1]
DnrIpAddressAck         0x08013ba5    0x90  Code  Gb  cdma.o [1]
DnrPacketReadyFunc      0x08013c35    0x58  Code  Gb  cdma.o [1]
DnrSMS2Data             0x08012935    0x92  Code  Gb  cdma.o [1]
DnrSmsTask              0x080129c9   0x402  Code  Gb  cdma.o [1]
DnrVerString            0x2000a88c     0x4  Data  Gb  cdma.o [1]
DownFlagSet             0x0801a781    0x18  Code  Gb  lib_extdev_1208.o [7]
DownLoadBootingJump     0x0801a8d1     0xe  Code  Gb  lib_extdev_1208.o [7]
DownLoadGiveupTimerChk1
                        0x08017365    0x1a  Code  Gb  aa_serial1.o [1]
DownLoadGiveupTimerSet  0x0801734d    0x18  Code  Gb  aa_serial1.o [1]
DownLoadTargetID        0x200089d4     0x1  Data  Gb  aa_serial1.o [1]
DownLoadTotalSize       0x200089f0     0x4  Data  Gb  aa_serial1.o [1]
DownPageData            0x20012c70  0x2000  Data  Gb  aa_serial1.o [1]
DownloadFlagClr         0x0801a799     0x6  Code  Gb  lib_extdev_1208.o [7]
DownloadFlagSetExtSRAM  0x0801a87d    0x14  Code  Gb  lib_extdev_1208.o [7]
DownloadFunc            0x0801738f   0x2f4  Code  Gb  aa_serial1.o [1]
DtuInit                 0x080160c5    0x10  Code  Gb  apl_dtu.o [1]
DtuStsUpdate            0x08016111    0x6e  Code  Gb  apl_dtu.o [1]
DtuTask                 0x080160d5    0x3c  Code  Gb  apl_dtu.o [1]
DtuTaskStk              0x20007e70   0x200  Data  Lc  apl_dtu.o [1]
EEpromInit              0x0800e3a9    0x2a  Code  Gb  lib_24c64_1208.o [7]
ETH_IRQHandler          0x080245c7     0x2  Code  Gb  stm32f2xx_it_1208.o [1]
ETH_WKUP_IRQHandler     0x080245c9     0x2  Code  Gb  stm32f2xx_it_1208.o [1]
EXTI0_IRQHandler        0x08024515    0x36  Code  Gb  stm32f2xx_it_1208.o [1]
EXTI15_10_IRQHandler    0x0802459b     0x2  Code  Gb  stm32f2xx_it_1208.o [1]
EXTI1_IRQHandler        0x08024553     0x2  Code  Gb  stm32f2xx_it_1208.o [1]
EXTI2_IRQHandler        0x08024555     0x2  Code  Gb  stm32f2xx_it_1208.o [1]
EXTI3_IRQHandler        0x08024557     0x2  Code  Gb  stm32f2xx_it_1208.o [1]
EXTI4_IRQHandler        0x08024559     0x2  Code  Gb  stm32f2xx_it_1208.o [1]
EXTI9_5_IRQHandler      0x08024575     0x2  Code  Gb  stm32f2xx_it_1208.o [1]
EXTI_GetITStatus        0x080245f1    0x16  Code  Gb  stm32f2xx_exti.o [6]
EcIoFlag                0x2001ad49     0x1  Data  Gb  cdma.o [1]
EcIoNew                 0x2001ad48     0x1  Data  Gb  cdma.o [1]
EcIoOld                 0x2001ad4a     0x1  Data  Gb  cdma.o [1]
EsnChecksumH            0x2001b290     0x1  Data  Gb  cdma.o [1]
EsnChecksumL            0x2001b291     0x1  Data  Gb  cdma.o [1]
ExpSem                  0x2001b26c     0x4  Data  Gb  aa_expio.o [1]
ExpioCS0                0x080170c8    0x50  Data  Gb  apl_dtu.o [1]
ExpioInit               0x0800e6c1    0x22  Code  Gb  aa_expio.o [1]
ExpioModeChanege        0x0801be31    0xc6  Code  Gb  exlib.o [1]
ExpioSem                0x2001b280     0x4  Data  Gb  aa_expio.o [1]
ExpioTask               0x0800e6e5   0x1bc  Code  Gb  aa_expio.o [1]
ExpioTaskStk            0x20006e70   0x600  Data  Lc  aa_expio.o [1]
ExtSRAM_DataWrite       0x0801a7e9    0x48  Code  Gb  lib_extdev_1208.o [7]
FLASH_IRQHandler        0x08024511     0x2  Code  Gb  stm32f2xx_it_1208.o [1]
FPGASpi                 0x20019984     0x8  Data  Gb  aa_iAPD.o [1]
FSKDebug                0x200089d0     0x1  Data  Gb  aa_serial1.o [1]
FSMC_IRQHandler         0x080245ab     0x2  Code  Gb  stm32f2xx_it_1208.o [1]
FSMC_NORSRAMCmd         0x08023efd    0x14  Code  Gb  stm32f2xx_fsmc.o [6]
FSMC_NORSRAMInit        0x08023e45    0xb8  Code  Gb  stm32f2xx_fsmc.o [6]
FTPDownloadheck         0x08015ce9    0x86  Code  Gb  cdma.o [1]
FTPFileSize             0x20009de4     0x4  Data  Gb  cdma.o [1]
FTPFileSizeRxCheck      0x0801e8a5   0x128  Code  Gb  bell860s_v0112.o [1]
FTPFrameCnt             0x20009dd2     0x2  Data  Gb  cdma.o [1]
FTPGetRxCheck           0x0801ea55    0xea  Code  Gb  bell860s_v0112.o [1]
FTPMode                 0x2001b22a     0x1  Data  Gb  cdma.o [1]
FTPRxProtocolCheck      0x08015621    0xf0  Code  Gb  cdma.o [1]
FTPSts                  0x08015767   0x572  Code  Gb  cdma.o [1]
FTPTotFrame             0x20009dd4     0x2  Data  Gb  cdma.o [1]
FTP_Mode                0x08015d8d   0x24e  Code  Gb  cdma.o [1]
FilterCoefficientWrite  0x08016c47   0x11c  Code  Gb  apl_dtu.o [1]
FilterDataBuff          0x20016c70  0x1388  Data  Gb  aa_serial1.o [1]
FilterOperating         0x08016d63     0x2  Code  Gb  apl_dtu.o [1]
FilterOperating_2100MHz_15_05
                        0x08016d75    0xe2  Code  Gb  apl_dtu.o [1]
FilterRxCheck           0x08016e71   0x1ae  Code  Gb  apl_dtu.o [1]
FilterTable             0x2000a884     0x4  Data  Gb  aa_protocol.o [1]
FilterTableB            0x20018ff8   0x500  Data  Gb  aa_protocol.o [1]
Filter_2100MHz_15_05_L  0x0802460c    0x7c  Data  Gb  aa_serial1.o [1]
Filter_2100MHz_15_05_R  0x08024688    0x7c  Data  Gb  aa_serial1.o [1]
FirstCheckFlag          0x2001b2ad     0x1  Data  Gb  aa_expio.o [1]
FirstFlag               0x2001b22d     0x1  Data  Gb  cdma.o [1]
FirstPNCheckFlag        0x2001b2ac     0x1  Data  Gb  aa_expio.o [1]
FlagAmpOnOff_2G         0x2001b292     0x1  Data  Gb  aa_alc.o [1]
FlagAmpOnOff_3G         0x2001b293     0x1  Data  Gb  aa_alc.o [1]
FlagAmpOnOff_LTE        0x2001b294     0x1  Data  Gb  aa_alc.o [1]
FlagAmpOnOff_LTE_21     0x2001b296     0x1  Data  Gb  aa_alc.o [1]
FlagAmpOnOff_LTE_A2     0x2001b295     0x1  Data  Gb  aa_alc.o [1]
FlashSwcrc16            0x20019982     0x2  Data  Gb  aa_iAPD.o [1]
FlashTotFrame           0x20019980     0x2  Data  Gb  aa_iAPD.o [1]
ForDelay                0x080172a5    0x12  Code  Gb  lib_timer_1212.o [7]
FrameCnt                0x200089d6     0x2  Data  Gb  aa_serial1.o [1]
FreqAlarmCheckRpt       0x080144f7    0x4e  Code  Gb  cdma.o [1]
FreqAlarmRptFunc        0x08014565   0x1f8  Code  Gb  cdma.o [1]
FrontLEDDisplay         0x08011325   0x4c4  Code  Gb  aa_alc.o [1]
FrontLEDStausUpdate     0x080117e9   0x29c  Code  Gb  aa_alc.o [1]
FwdAttn1_CDMALTE_TBL    0x0800e128    0x40  Data  Gb  aa_Table.o [1]
FwdAttn1_LTE_A2_TBL     0x0800e1a8    0x40  Data  Gb  aa_Table.o [1]
FwdAttn1_WCDMA_TBL      0x0800e2a8    0x40  Data  Gb  aa_Table.o [1]
FwdOutPwrTemp_CDMA      0x08024704    0x18  Data  Gb  aa_Table.o [1]
FwdOutPwrTemp_LTE       0x08024734    0x18  Data  Gb  aa_Table.o [1]
FwdOutPwrTemp_LTE_21    0x08024794    0x18  Data  Gb  aa_Table.o [1]
FwdOutPwrTemp_LTE_A2    0x080247c4    0x18  Data  Gb  aa_Table.o [1]
FwdOutPwrTemp_WCDMA     0x08024764    0x18  Data  Gb  aa_Table.o [1]
FwdOutPwr_CDMALTE_TBL   0x0800df98    0x2c  Data  Gb  aa_Table.o [1]
FwdOutPwr_WCDMA_TBL     0x0800e070    0x28  Data  Gb  aa_Table.o [1]
FwdTempAtt_CDMA_TBL     0x0800e098    0x18  Data  Gb  aa_Table.o [1]
FwdTempAtt_LTE_A2_TBL   0x0800e0c8    0x18  Data  Gb  aa_Table.o [1]
FwdTempAtt_WCDMA_TBL    0x0800e0f8    0x18  Data  Gb  aa_Table.o [1]
GMMLockOrder            0x2001b192     0x1  Data  Gb  bell860s_v0112.o [1]
GPIOPortInit            0x080188f1    0x62  Code  Gb  stm32f2xx_gpio_1212.o [6]
GPIO_PinAFConfig        0x080188c9    0x28  Code  Gb  stm32f2xx_gpio_1212.o [6]
GainAttnCalculation     0x0800ff0b     0xc  Code  Gb  aa_expio.o [1]
GenAidData              0x0800d0c1    0x24  Code  Gb  aa_protocol.o [1]
GenAidData16            0x0800d0e5    0x16  Code  Gb  aa_protocol.o [1]
GenAidData16Bit         0x0800d0fb    0x34  Code  Gb  aa_protocol.o [1]
GenAidData32Bit         0x0800d135    0x1e  Code  Gb  aa_protocol.o [1]
GenBodyFrame            0x08018349    0x70  Code  Gb  aa_serial1.o [1]
GenDnrAidSts            0x08008185  0x1896  Code  Gb  aa_protocol.o [1]
GenEtc1StsAid           0x08014d85    0xb2  Code  Gb  cdma.o [1]
GenSmsStsAidSts_1St     0x08014973   0x206  Code  Gb  cdma.o [1]
GenSmsStsAidSts_2St     0x08014b81   0x1ce  Code  Gb  cdma.o [1]
GenWaveStsAid           0x08014e37    0xba  Code  Gb  cdma.o [1]
GetCommand              0x0802229d    0x90  Code  Gb  aa_test.o [1]
HASH_RNG_IRQHandler     0x080245ed     0x2  Code  Gb  stm32f2xx_it_1208.o [1]
HardFaultException      0x080244df     0x2  Code  Gb  stm32f2xx_it_1208.o [1]
HostStation             0x2001b208    0x10  Data  Gb  cdma.o [1]
HwTestOutFunc           0x0802335d   0x38c  Code  Gb  aa_test.o [1]
I2C1_ER_IRQHandler      0x08024587     0x2  Code  Gb  stm32f2xx_it_1208.o [1]
I2C1_EV_IRQHandler      0x08024585     0x2  Code  Gb  stm32f2xx_it_1208.o [1]
I2C2_ER_IRQHandler      0x0802458b     0x2  Code  Gb  stm32f2xx_it_1208.o [1]
I2C2_EV_IRQHandler      0x08024589     0x2  Code  Gb  stm32f2xx_it_1208.o [1]
I2C3_ER_IRQHandler      0x080245df     0x2  Code  Gb  stm32f2xx_it_1208.o [1]
I2C3_EV_IRQHandler      0x080245dd     0x2  Code  Gb  stm32f2xx_it_1208.o [1]
ICCIDNum                0x2000a7e0    0x14  Data  Gb  bell860s_v0112.o [1]
ISOCnt                  0x2001b2a8     0x1  Data  Gb  aa_expio.o [1]
ISOCntInit              0x2001b2b4     0x1  Data  Gb  aa_expio.o [1]
ISOConversion           0x2001ae5e     0x1  Data  Gb  aa_alc.o [1]
ISODebug                0x200089d1     0x1  Data  Gb  aa_serial1.o [1]
ISOManualCnt            0x2001b2b8     0x1  Data  Gb  apl_dtu.o [1]
ISOOnOffMode            0x2001ae5d     0x1  Data  Gb  aa_alc.o [1]
ISOOnOffStart           0x2001ae5c     0x1  Data  Gb  aa_alc.o [1]
ISOStartCnt             0x2001b2a9     0x1  Data  Gb  aa_expio.o [1]
ISO_DATA                0x2001afa0    0x40  Data  Gb  aa_expio.o [1]
IWDG_Enable             0x0801f0e9     0xa  Code  Gb  stm32f2xx_iwdg.o [6]
IWDG_ReloadCounter      0x0801f0df     0xa  Code  Gb  stm32f2xx_iwdg.o [6]
IWDG_SetPrescaler       0x0801f0d3     0x6  Code  Gb  stm32f2xx_iwdg.o [6]
IWDG_SetReload          0x0801f0d9     0x6  Code  Gb  stm32f2xx_iwdg.o [6]
IWDG_WriteAccessCmd     0x0801f0cd     0x6  Code  Gb  stm32f2xx_iwdg.o [6]
ImageCheck              0x200089d5     0x1  Data  Gb  aa_serial1.o [1]
InitAFIO                0x080207d5    0x48  Code  Gb  main.o [1]
InitAverOffset          0x2000a79c    0x24  Data  Gb  apl_dtu.o [1]
InitGPIO                0x0802081d   0x2e4  Code  Gb  main.o [1]
InitLedDisplay          0x2001ae58     0x1  Data  Gb  aa_alc.o [1]
InitLedStep             0x2001ae59     0x1  Data  Gb  aa_alc.o [1]
InitPeakOffset          0x2000a778    0x24  Data  Gb  apl_dtu.o [1]
InitPwrAlarm            0x2000a891     0x1  Data  Gb  cdma.o [1]
InitStm32f103           0x080207b9    0x1c  Code  Gb  main.o [1]
InitSysTick             0x080221a9    0x32  Code  Gb  stm32f0xx_core.o [6]
InitUSART1              0x0801ec85    0xb4  Code  Gb  stm32f2xx_usart1_1208.o [6]
InitUSART3              0x080241e5    0xb4  Code  Gb  stm32f2xx_usart3_1208.o [6]
InitUSART4              0x0801bf3d    0x96  Code  Gb  stm32f2xx_usart4_1208.o [6]
Initialize              0x0800c531   0x19a  Code  Gb  aa_protocol.o [1]
IsItDTUInited           0x2000a774     0x1  Data  Gb  apl_dtu.o [1]
IsItFilter              0x2001b2b9     0x1  Data  Gb  apl_dtu.o [1]
IsolationCheck          0x08012565   0x1ca  Code  Gb  aa_alc.o [1]
IsolationPathSelect     0x08012735    0x7c  Code  Gb  aa_alc.o [1]
LEDStatus               0x2001b188     0x8  Data  Gb  aa_alc.o [1]
LedDisplay              0x08020b61    0x28  Code  Gb  main.o [1]
LoadBackupData          0x0800c8d5   0x724  Code  Gb  aa_protocol.o [1]
LoadTable               0x0800d477    0x96  Code  Gb  aa_Table.o [1]
LockOrder               0x2001b191     0x1  Data  Gb  bell860s_v0112.o [1]
LockOrderCnt            0x2001b22e     0x2  Data  Gb  cdma.o [1]
LongTimer               0x2001a738   0x190  Data  Gb  lib_timer_1212.o [7]
MainTaskStk             0x20008070   0x200  Data  Gb  stm32f2xx_main.o [6]
MemManageException      0x080244e1     0x2  Code  Gb  stm32f2xx_it_1208.o [1]
MinMaxAttnCheck         0x0800fef7    0x14  Code  Gb  aa_expio.o [1]
ModemBaudRateSet        0x0801e7c1    0x14  Code  Gb  bell860s_v0112.o [1]
ModemEsnCheck           0x08013979    0xc2  Code  Gb  cdma.o [1]
ModemFTPFileErase       0x0801e829     0xe  Code  Gb  bell860s_v0112.o [1]
ModemFTPFileGet         0x0801e865    0x40  Code  Gb  bell860s_v0112.o [1]
ModemFTPOpen            0x0801e7d5    0x54  Code  Gb  bell860s_v0112.o [1]
ModemFTPSize            0x0801e83d     0xc  Code  Gb  bell860s_v0112.o [1]
ModemLockOrder          0x0801e287     0x6  Code  Gb  bell860s_v0112.o [1]
ModemPwrOFF             0x0801e28d     0x6  Code  Gb  bell860s_v0112.o [1]
ModemSer                0x20009ddc     0x4  Data  Gb  cdma.o [1]
ModemSerB               0x2000f6f8    0x40  Data  Gb  cdma.o [1]
ModemType               0x2000a7c9     0x1  Data  Gb  bell860s_v0112.o [1]
ModuleDnReceiveData     0x08017ab1   0x1ea  Code  Gb  aa_serial1.o [1]
MonStr                  0x2001ac00    0xa4  Data  Gb  aa_test.o [1]
N25QSpi                 0x20019970     0x8  Data  Gb  aa_iAPD.o [1]
NACKEEprom              0x0800e531    0x16  Code  Gb  lib_24c64_1208.o [7]
NMIException            0x080244dd     0x2  Code  Gb  stm32f2xx_it_1208.o [1]
NVIC_Init               0x0801fe11    0x18  Code  Gb  stm32f2xx_nvic_1208.o [6]
OSCPUUsage              0x20008490     0x1  Data  Gb  os_core.o [1]
OSCtxSw                 0x0801f12b          Code  Gb  os_cpu_a.o [1]
OSCtxSwCtr              0x200084a0     0x4  Data  Gb  os_core.o [1]
OSDebugEn               0x080172de     0x2  Data  Gb  os_dbg.o [1]
OSEventFreeList         0x2000626c     0x4  Data  Gb  os_core.o [1]
OSEventTbl              0x20005c9c   0x1e0  Data  Gb  os_core.o [1]
OSFlagFreeList          0x200084c4     0x4  Data  Gb  os_core.o [1]
OSFlagTbl               0x20008324    0x8c  Data  Gb  os_core.o [1]
OSIdleCtr               0x200084ac     0x4  Data  Gb  os_core.o [1]
OSIdleCtrMax            0x200084a4     0x4  Data  Gb  os_core.o [1]
OSIdleCtrRun            0x200084a8     0x4  Data  Gb  os_core.o [1]
OSInit                  0x0801f1a1   0x142  Code  Gb  os_core.o [1]
OSInitHookEnd           0x0801fd91     0x2  Code  Gb  os_cpu_c.o [1]
OSIntCtxSw              0x0801f133          Code  Gb  os_cpu_a.o [1]
OSIntExit               0x0801f2e3    0x4e  Code  Gb  os_core.o [1]
OSIntNesting            0x20008492     0x1  Data  Gb  os_core.o [1]
OSLockNesting           0x20008493     0x1  Data  Gb  os_core.o [1]
OSMemFreeList           0x200084c8     0x4  Data  Gb  os_core.o [1]
OSMemTbl                0x20008270    0xb4  Data  Gb  os_core.o [1]
OSPrioCur               0x20008494     0x1  Data  Gb  os_core.o [1]
OSPrioHighRdy           0x20008495     0x1  Data  Gb  os_core.o [1]
OSQFreeList             0x200084cc     0x4  Data  Gb  os_core.o [1]
OSQTbl                  0x20008430    0x60  Data  Gb  os_core.o [1]
OSRdyGrp                0x20008496     0x1  Data  Gb  os_core.o [1]
OSRdyTbl                0x2000849c     0x4  Data  Gb  os_core.o [1]
OSRunning               0x20008497     0x1  Data  Gb  os_core.o [1]
OSSemCreate             0x08018795    0x38  Code  Gb  os_sem.o [1]
OSSemPend               0x080187cd    0x92  Code  Gb  os_sem.o [1]
OSSemPost               0x08018871    0x4e  Code  Gb  os_sem.o [1]
OSStart                 0x0801f331    0x28  Code  Gb  os_core.o [1]
OSStartHighRdy          0x0801f10f          Code  Gb  os_cpu_a.o [1]
OSStatRdy               0x20008491     0x1  Data  Gb  os_core.o [1]
OSTCBCur                0x200084b0     0x4  Data  Gb  os_core.o [1]
OSTCBFreeList           0x200084b4     0x4  Data  Gb  os_core.o [1]
OSTCBHighRdy            0x200084b8     0x4  Data  Gb  os_core.o [1]
OSTCBList               0x200084bc     0x4  Data  Gb  os_core.o [1]
OSTCBPrioTbl            0x200083b0    0x80  Data  Gb  os_core.o [1]
OSTCBTbl                0x20005e7c   0x3f0  Data  Gb  os_core.o [1]
OSTaskCreate            0x08018955    0x88  Code  Gb  os_task.o [1]
OSTaskCtr               0x20008498     0x1  Data  Gb  os_core.o [1]
OSTaskIdleStk           0x20006470   0x200  Data  Gb  os_core.o [1]
OSTaskStatStk           0x20006270   0x200  Data  Gb  os_core.o [1]
OSTaskStkInit           0x0801fd93    0x78  Code  Gb  os_cpu_c.o [1]
OSTaskSwHook            0x0801fe0b     0x2  Code  Gb  os_cpu_c.o [1]
OSTickStepState         0x20008499     0x1  Data  Gb  os_core.o [1]
OSTime                  0x200084c0     0x4  Data  Gb  os_core.o [1]
OSTimeDly               0x080172e9    0x42  Code  Gb  os_time.o [1]
OSTimeTick              0x0801f359    0x86  Code  Gb  os_core.o [1]
OSTimeTickHook          0x0801fe0d     0x2  Code  Gb  os_cpu_c.o [1]
OSUnMapTbl              0x0801f670   0x100  Data  Gb  os_core.o [1]
OS_CPU_PendSVHandler    0x0801f13b          Code  Gb  os_cpu_a.o [1]
OS_CPU_SR_Restore       0x0801f109          Code  Gb  os_cpu_a.o [1]
OS_CPU_SR_Save          0x0801f101          Code  Gb  os_cpu_a.o [1]
OS_EventTOAbort         0x0801f48d    0x36  Code  Gb  os_core.o [1]
OS_EventTaskRdy         0x0801f3df    0x70  Code  Gb  os_core.o [1]
OS_EventTaskWait        0x0801f44f    0x3e  Code  Gb  os_core.o [1]
OS_EventWaitListInit    0x0801f4c3     0xc  Code  Gb  os_core.o [1]
OS_FlagInit             0x080206fd    0x42  Code  Gb  os_flag.o [1]
OS_MemClr               0x0801f4cf    0x12  Code  Gb  os_core.o [1]
OS_MemInit              0x08020749    0x38  Code  Gb  os_mem.o [1]
OS_QInit                0x08020789    0x28  Code  Gb  os_q.o [1]
OS_Sched                0x0801f4e1    0x38  Code  Gb  os_core.o [1]
OS_SchedNew             0x0801f521    0x18  Code  Lc  os_core.o [1]
OS_TCBInit              0x0801f5b3    0xb0  Code  Gb  os_core.o [1]
OS_TaskIdle             0x0801f539    0x20  Code  Gb  os_core.o [1]
OS_TaskStat             0x0801f559    0x5a  Code  Gb  os_core.o [1]
OTG_FS_IRQHandler       0x080245d3     0x2  Code  Gb  stm32f2xx_it_1208.o [1]
OTG_HS_EP1_IN_IRQHandler
                        0x080245e3     0x2  Code  Gb  stm32f2xx_it_1208.o [1]
OTG_HS_EP1_OUT_IRQHandler
                        0x080245e1     0x2  Code  Gb  stm32f2xx_it_1208.o [1]
OTG_HS_IRQHandler       0x080245e7     0x2  Code  Gb  stm32f2xx_it_1208.o [1]
OTG_HS_WKUP_IRQHandler  0x080245e5     0x2  Code  Gb  stm32f2xx_it_1208.o [1]
OneDayPeriod            0x2001b240     0x4  Data  Gb  cdma.o [1]
OneDayResetCnt          0x20009df0     0x4  Data  Gb  cdma.o [1]
OneOutPwrConv           0x08011ab5    0x28  Code  Gb  aa_alc.o [1]
OperatingFunc           0x0800e9bd   0x55e  Code  Gb  aa_expio.o [1]
OperatingFunc_DLAttn    0x0800ef1b    0x7c  Code  Gb  aa_expio.o [1]
OperatingFunc_ULAttn    0x0800ef97    0x8c  Code  Gb  aa_expio.o [1]
OutputTable             0x2000a878     0x4  Data  Gb  aa_protocol.o [1]
OutputTableB            0x20019fa0   0x2dc  Data  Gb  aa_protocol.o [1]
PCA9555_Init            0x080189e9    0x3a  Code  Gb  PCA9555.o [1]
PVD_IRQHandler          0x0802450b     0x2  Code  Gb  stm32f2xx_it_1208.o [1]
Parser                  0x08023881    0x46  Code  Gb  aa_test.o [1]
PastHour                0x20009dce     0x2  Data  Gb  cdma.o [1]
PastMin                 0x20009dd0     0x2  Data  Gb  cdma.o [1]
PcFreqStsRqstFlag       0x20009dc9     0x1  Data  Gb  cdma.o [1]
PcSer                   0x200089e0     0x4  Data  Gb  aa_serial1.o [1]
PcSerB                  0x2001afe0    0x40  Data  Gb  aa_serial1.o [1]
PeriodCnt               0x2001b2a7     0x1  Data  Gb  aa_expio.o [1]
PeriodReportCheck       0x0801a485    0x3a  Code  Gb  Alarm.o [1]
PeriodStart             0x20009dc2     0x1  Data  Gb  cdma.o [1]
Period_Check            0x0800e8a1   0x11c  Code  Gb  aa_expio.o [1]
PheripheralInit         0x08020b01    0x60  Code  Gb  main.o [1]
Pilot_Sts               0x2001ad94    0x10  Data  Gb  cdma.o [1]
Pll411xInit             0x08018dc9    0x14  Code  Gb  adf411x.o [1]
Pll411x_Output          0x08018ddd   0x126  Code  Gb  adf411x.o [1]
PnAlarm                 0x2001ad41     0x1  Data  Gb  cdma.o [1]
PnAlarmFlag             0x2001ad44     0x1  Data  Gb  cdma.o [1]
PnAlarmNew              0x2001ad43     0x1  Data  Gb  cdma.o [1]
PnAlarmOld              0x2001ad42     0x1  Data  Gb  cdma.o [1]
PnChangeCnt             0x2001ad40     0x1  Data  Gb  cdma.o [1]
Power_Sum               0x08012099    0x4c  Code  Gb  aa_alc.o [1]
Pre_AC_Sts              0x2001b2aa     0x1  Data  Gb  aa_expio.o [1]
PresentDay              0x20009dc5     0x1  Data  Gb  cdma.o [1]
PresentHour             0x20009dc6     0x1  Data  Gb  cdma.o [1]
PresentMin              0x20009dc7     0x1  Data  Gb  cdma.o [1]
PresentMonth            0x20009dc4     0x1  Data  Gb  cdma.o [1]
PresentSec              0x20009dc3     0x1  Data  Gb  cdma.o [1]
PrintLogo               0x080237a9    0xc4  Code  Gb  aa_test.o [1]
PrintStar               0x0802386d     0x6  Code  Gb  aa_test.o [1]
PromptOut               0x08023873     0x4  Code  Gb  aa_test.o [1]
ProtocolCheck_1         0x08017e15   0x332  Code  Gb  aa_serial1.o [1]
ProtocolComCheck        0x08018181   0x186  Code  Gb  aa_serial1.o [1]
PwrAlarm                0x2000a608    0x28  Data  Gb  Alarm.o [1]
PwrAlarmChange          0x2000a658    0x28  Data  Gb  Alarm.o [1]
PwrAlarmCnt             0x2000a6a8    0x28  Data  Gb  Alarm.o [1]
PwrAlarmFlag            0x2000a890     0x1  Data  Gb  cdma.o [1]
PwrAlarmPre             0x2000a630    0x28  Data  Gb  Alarm.o [1]
PwrAlarmTimer           0x2000a680    0x28  Data  Gb  Alarm.o [1]
PwrTableLocation        0x0800d5a3    0x28  Code  Gb  aa_Table.o [1]
RCC_GetClocksFreq       0x08020e09    0x7e  Code  Gb  stm32f2xx_rcc.o [6]
RCC_IRQHandler          0x08024513     0x2  Code  Gb  stm32f2xx_it_1208.o [1]
RPcsksio                0x200093d0   0x9dc  Data  Gb  aa_serial1.o [1]
RTCAlarm_IRQHandler     0x0802459d     0x2  Code  Gb  stm32f2xx_it_1208.o [1]
RTC_IRQHandler          0x0802450f     0x2  Code  Gb  stm32f2xx_it_1208.o [1]
RTcpBuff                0x20011e94   0x9dc  Data  Gb  cdma.o [1]
ReadAdcValue            0x080100ab   0x290  Code  Gb  aa_alc.o [1]
ReadAdcValue_TRIO       0x0801033b   0xb7a  Code  Gb  aa_alc.o [1]
ReadEEprom              0x0800e40f     0xa  Code  Gb  lib_24c64_1208.o [7]
ReadEEpromData          0x0800e57f    0x30  Code  Gb  lib_24c64_1208.o [7]
ReadEnvTempTable        0x0801acdd    0x18  Code  Gb  adcFunc.o [1]
ReadPwrTableDnr         0x08011b11    0x36  Code  Gb  aa_alc.o [1]
ReadSDA                 0x0800e679    0x26  Code  Gb  lib_24c64_1208.o [7]
Read_EEprom_16Addr_8Data
                        0x0800e489    0x88  Code  Gb  lib_24c64_1208.o [7]
ReadpPCA9555SDA         0x08018c3f    0x26  Code  Gb  PCA9555.o [1]
Region$$Table$$Base     0x080249ec           --   Gb  - Linker created -
Region$$Table$$Limit    0x08024a3c           --   Gb  - Linker created -
ResetCaseBackup         0x08011a85    0x24  Code  Gb  aa_alc.o [1]
ResetPeriodSet          0x080128df    0x1e  Code  Gb  cdma.o [1]
Response_Table          0x0800d181   0x2c2  Code  Gb  aa_Table.o [1]
RetNormaltoSMSData      0x0801a771     0xe  Code  Gb  Alarm.o [1]
RetPower                0x0800fffd    0x14  Code  Gb  aa_expio.o [1]
Rf_sts                  0x2001ad50    0x44  Data  Gb  cdma.o [1]
RstPllClk               0x08018ca7    0x1e  Code  Gb  adf411x.o [1]
RstPllData              0x08018ced    0x28  Code  Gb  adf411x.o [1]
RstPllEn                0x08018d6f    0x5a  Code  Gb  adf411x.o [1]
RstSCL                  0x0800e62f    0x14  Code  Gb  lib_24c64_1208.o [7]
RstSDA                  0x0800e663    0x16  Code  Gb  lib_24c64_1208.o [7]
RstpPCA9555SCL          0x08018c2b    0x14  Code  Gb  PCA9555.o [1]
RstpPCA9555SDA          0x08018bfb    0x14  Code  Gb  PCA9555.o [1]
Rtcpsms                 0x200114b8   0x9dc  Data  Gb  cdma.o [1]
RvsAttn1_CDMALTE_TBL    0x0800e168    0x40  Data  Gb  aa_Table.o [1]
RvsAttn1_LTE_A2_TBL     0x0800e1e8    0x40  Data  Gb  aa_Table.o [1]
RvsAttn1_WCDMA_TBL      0x0800e2e8    0x40  Data  Gb  aa_Table.o [1]
RvsAttn2_LTE_A2_TBL     0x0800e228    0x40  Data  Gb  aa_Table.o [1]
RvsAttn2_WCDMA_TBL      0x0800e328    0x40  Data  Gb  aa_Table.o [1]
RvsAttn3_LTE_A2_TBL     0x0800e268    0x40  Data  Gb  aa_Table.o [1]
RvsAttn3_WCDMA_TBL      0x0800e368    0x40  Data  Gb  aa_Table.o [1]
RvsOtherOverInAlarmCnt  0x2001b1e6     0x1  Data  Gb  Alarm.o [1]
RvsOutPwrTemp_CDMA      0x0802471c    0x18  Data  Gb  aa_Table.o [1]
RvsOutPwrTemp_LTE       0x0802474c    0x18  Data  Gb  aa_Table.o [1]
RvsOutPwrTemp_LTE_21    0x080247ac    0x18  Data  Gb  aa_Table.o [1]
RvsOutPwrTemp_LTE_A2    0x080247dc    0x18  Data  Gb  aa_Table.o [1]
RvsOutPwrTemp_WCDMA     0x0802477c    0x18  Data  Gb  aa_Table.o [1]
RvsOutPwr_CDMALTE_TBL   0x0800e044    0x2c  Data  Gb  aa_Table.o [1]
RvsOutPwr_WCDMA_TBL     0x0800dfc4    0x54  Data  Gb  aa_Table.o [1]
RvsOverInAlarmCnt       0x2001b1e5     0x1  Data  Gb  Alarm.o [1]
RvsTempAtt_CDMA_TBL     0x0800e0b0    0x18  Data  Gb  aa_Table.o [1]
RvsTempAtt_LTE_A2_TBL   0x0800e0e0    0x18  Data  Gb  aa_Table.o [1]
RvsTempAtt_WCDMA_TBL    0x0800e110    0x18  Data  Gb  aa_Table.o [1]
Rwrcssms                0x2001010c   0x9d0  Data  Gb  cdma.o [1]
Rx1Buff                 0x2000489c   0xa00  Data  Gb  stm32f2xx_usart1_1208.o [6]
Rx1RdCnt                0x20000034     0x2  Data  Gb  stm32f2xx_usart1_1208.o [6]
Rx1WrCnt                0x20000036     0x2  Data  Gb  stm32f2xx_usart1_1208.o [6]
Rx3Buff                 0x2000289c  0x1000  Data  Gb  stm32f2xx_usart3_1208.o [6]
Rx3RdCnt                0x20000000     0x2  Data  Gb  stm32f2xx_usart3_1208.o [6]
Rx3WrCnt                0x20000002     0x2  Data  Gb  stm32f2xx_usart3_1208.o [6]
Rx4Buff                 0x2000009c  0x1400  Data  Gb  stm32f2xx_usart4_1208.o [6]
Rx4RdCnt                0x20000068     0x2  Data  Gb  stm32f2xx_usart4_1208.o [6]
Rx4WrCnt                0x2000006a     0x2  Data  Gb  stm32f2xx_usart4_1208.o [6]
RxBcMData               0x20017ff8  0x1000  Data  Gb  bell860s_v0112.o [1]
RxBuffRdCnt             0x2000a7f6     0x2  Data  Gb  bell860s_v0112.o [1]
RxBuffWrCnt             0x2000a7f8     0x2  Data  Gb  bell860s_v0112.o [1]
RxCdmaData              0x20014c70  0x1000  Data  Gb  bell860s_v0112.o [1]
RxDataBuff              0x20009df8   0x800  Data  Gb  cdma.o [1]
RxTxAlarmFlag           0x2001ad46     0x1  Data  Gb  cdma.o [1]
RxTxAlarmNew            0x2001ad45     0x1  Data  Gb  cdma.o [1]
RxTxAlarmOld            0x2001ad47     0x1  Data  Gb  cdma.o [1]
SDIO_IRQHandler         0x080245ad     0x2  Code  Gb  stm32f2xx_it_1208.o [1]
SET_ULAlarmCnt          0x2001b238     0x1  Data  Gb  cdma.o [1]
SPI1Init                0x08020be5    0x42  Code  Gb  stm32f2xx_spi.o [6]
SPI1_IRQHandler         0x0802458d     0x2  Code  Gb  stm32f2xx_it_1208.o [1]
SPI2Init                0x08020c27    0x40  Code  Gb  stm32f2xx_spi.o [6]
SPI2_IRQHandler         0x0802458f     0x2  Code  Gb  stm32f2xx_it_1208.o [1]
SPI3_IRQHandler         0x080245b1     0x2  Code  Gb  stm32f2xx_it_1208.o [1]
SPI_Cmd                 0x08020cc5    0x14  Code  Gb  stm32f2xx_spi.o [6]
SPI_I2S_GetFlagStatus   0x08020cdd     0xe  Code  Gb  stm32f2xx_spi.o [6]
SPI_I2S_ReceiveData     0x08020cd9     0x4  Code  Gb  stm32f2xx_spi.o [6]
SPI_Init                0x08020c7b    0x38  Code  Gb  stm32f2xx_spi.o [6]
SPcsksio                0x200089f4   0x9dc  Data  Gb  aa_serial1.o [1]
SVCHandler              0x080244e9     0x2  Code  Gb  stm32f2xx_it_1208.o [1]
Sd_Cnt                  0x2001b1ac    0x10  Data  Gb  aa_alc.o [1]
Sd_Path                 0x2001b1bc     0x8  Data  Gb  aa_alc.o [1]
Sd_Step                 0x2001b178    0x10  Data  Gb  aa_alc.o [1]
SearchOffsetEeprom      0x0800d175     0xc  Code  Gb  aa_Table.o [1]
SelectAverage           0x0801ac4f    0x18  Code  Gb  adcFunc.o [1]
Ser1Init                0x08017ca1    0x78  Code  Gb  aa_serial1.o [1]
Ser1Task                0x08017d19    0xe0  Code  Gb  aa_serial1.o [1]
Ser1TaskStk             0x20007470   0x600  Data  Gb  aa_serial1.o [1]
Ser3Ptr                 0x2001b258     0x4  Data  Gb  main.o [1]
Ser4Ptr                 0x2001b25c     0x4  Data  Gb  main.o [1]
SerPtr                  0x2001b254     0x4  Data  Gb  main.o [1]
SerRxBuff               0x2000a898  0x4e20  Data  Gb  bell860s_v0112.o [1]
SetAcRecovery           0x2001b2ab     0x1  Data  Gb  aa_expio.o [1]
SetBootBaudRate         0x0801a831    0x4c  Code  Gb  lib_extdev_1208.o [7]
SetCtrlData             0x08009a1d  0x2b0c  Code  Gb  aa_protocol.o [1]
SetPllClk               0x08018c89    0x1e  Code  Gb  adf411x.o [1]
SetPllData              0x08018cc5    0x28  Code  Gb  adf411x.o [1]
SetPllEn                0x08018d15    0x5a  Code  Gb  adf411x.o [1]
SetSCL                  0x0800e619    0x16  Code  Gb  lib_24c64_1208.o [7]
SetSDA                  0x0800e64b    0x18  Code  Gb  lib_24c64_1208.o [7]
SetSDAInMode            0x0800e5ed    0x18  Code  Gb  lib_24c64_1208.o [7]
SetSDAOutMode           0x0800e605    0x14  Code  Gb  lib_24c64_1208.o [7]
SetSMS_PWR              0x2000a85c     0x1  Data  Gb  aa_expio.o [1]
SetSPIxCommand          0x0801f8f1     0xc  Code  Gb  aa_iAPD.o [1]
SetSPIxCommand_Test     0x0801f8fd    0x16  Code  Gb  aa_iAPD.o [1]
SetSysClock             0x08021c01    0xd6  Code  Gb  stm32f2xx_system.o [6]
SetpPCA9555SCL          0x08018c0f    0x12  Code  Gb  PCA9555.o [1]
[...]
USART1BuffClear         0x0801ef43     0xa  Code  Gb  stm32f2xx_usart1_1208.o [6]
USART1CheckByte         0x0801ef0b    0x38  Code  Gb  stm32f2xx_usart1_1208.o [6]
USART1Printf            0x0801ee3d    0x4a  Code  Gb  stm32f2xx_usart1_1208.o [6]
USART1PutChar           0x0801ee13    0x2a  Code  Gb  stm32f2xx_usart1_1208.o [6]
USART1PutStr            0x0801ee87    0x4e  Code  Gb  stm32f2xx_usart1_1208.o [6]
USART1PutToBuffer       0x0801edcb    0x48  Code  Gb  stm32f2xx_usart1_1208.o [6]
USART1RxGetByte         0x0801eed5    0x36  Code  Gb  stm32f2xx_usart1_1208.o [6]
USART1TxCheckByte       0x0801ef57    0x12  Code  Gb  stm32f2xx_usart1_1208.o [6]
USART1TxClear           0x0801ef4d     0x4  Code  Gb  stm32f2xx_usart1_1208.o [6]
USART1_IRQHandler       0x08024591     0x4  Code  Gb  stm32f2xx_it_1208.o [1]
USART1_IRQIntHandler    0x0801ed39    0x8a  Code  Gb  stm32f2xx_usart1_1208.o [6]
USART2_IRQHandler       0x08024595     0x2  Code  Gb  stm32f2xx_it_1208.o [1]
USART3BuffClear         0x0802448d     0xa  Code  Gb  stm32f2xx_usart3_1208.o [6]
USART3CheckByte         0x08024455    0x38  Code  Gb  stm32f2xx_usart3_1208.o [6]
USART3Printf            0x08024391    0x42  Code  Gb  stm32f2xx_usart3_1208.o [6]
USART3PutChar           0x08024367    0x2a  Code  Gb  stm32f2xx_usart3_1208.o [6]
USART3PutStr            0x080243d3    0x4c  Code  Gb  stm32f2xx_usart3_1208.o [6]
USART3PutToBuffer       0x08024323    0x44  Code  Gb  stm32f2xx_usart3_1208.o [6]
USART3RxGetByte         0x0802441f    0x36  Code  Gb  stm32f2xx_usart3_1208.o [6]
USART3TxCheckByte       0x080244a1    0x12  Code  Gb  stm32f2xx_usart3_1208.o [6]
USART3TxClear           0x08024497     0x4  Code  Gb  stm32f2xx_usart3_1208.o [6]
USART3_IRQHandler       0x08024597     0x4  Code  Gb  stm32f2xx_it_1208.o [1]
USART3_IRQIntHandler    0x08024299    0x82  Code  Gb  stm32f2xx_usart3_1208.o [6]
USART4BuffClear         0x0801c1b1     0xa  Code  Gb  stm32f2xx_usart4_1208.o [6]
USART4CheckByte         0x0801c179    0x38  Code  Gb  stm32f2xx_usart4_1208.o [6]
USART4Printf            0x0801c0bf    0x42  Code  Gb  stm32f2xx_usart4_1208.o [6]
USART4PutChar           0x0801c095    0x2a  Code  Gb  stm32f2xx_usart4_1208.o [6]
USART4PutStr            0x0801c101    0x4a  Code  Gb  stm32f2xx_usart4_1208.o [6]
USART4PutToBuffer       0x0801c055    0x40  Code  Gb  stm32f2xx_usart4_1208.o [6]
USART4RxGetByte         0x0801c14b    0x2e  Code  Gb  stm32f2xx_usart4_1208.o [6]
USART4TxCheckByte       0x0801c1c5    0x12  Code  Gb  stm32f2xx_usart4_1208.o [6]
USART4TxClear           0x0801c1bb     0x4  Code  Gb  stm32f2xx_usart4_1208.o [6]
USART4_IRQIntHandler    0x0801bfd3    0x7a  Code  Gb  stm32f2xx_usart4_1208.o [6]
USART6_IRQHandler       0x080245db     0x2  Code  Gb  stm32f2xx_it_1208.o [1]
USART_Cmd               0x080205a9    0x14  Code  Gb  stm32f2xx_usart.o [6]
USART_ITConfig          0x080205bd    0x30  Code  Gb  stm32f2xx_usart.o [6]
USART_Init              0x08020509    0x98  Code  Gb  stm32f2xx_usart.o [6]
USBWakeUp_IRQHandler    0x0802459f     0x2  Code  Gb  stm32f2xx_it_1208.o [1]
USB_HP_CAN_TX_IRQHandler
                        0x0802456d     0x2  Code  Gb  stm32f2xx_it_1208.o [1]
USB_LP_CAN_RX0_IRQHandler
                        0x0802456f     0x2  Code  Gb  stm32f2xx_it_1208.o [1]
UsageFaultException     0x080244e5     0x2  Code  Gb  stm32f2xx_it_1208.o [1]
WRCS_ProDataAckTx       0x080183b9    0xa8  Code  Gb  aa_serial1.o [1]
WThreePastHour          0x2000a84a     0x2  Data  Gb  cdma.o [1]
WThreePastMin           0x2000a84c     0x2  Data  Gb  cdma.o [1]
WThreePeriodStart       0x2000a849     0x1  Data  Gb  cdma.o [1]
WThreeTimeElapse        0x2000a850     0x4  Data  Gb  cdma.o [1]
WThreeTimeStart         0x2000a848     0x1  Data  Gb  cdma.o [1]
WTwoPastHour            0x2000a83e     0x2  Data  Gb  cdma.o [1]
WTwoPastMin             0x2000a840     0x2  Data  Gb  cdma.o [1]
WTwoPeriodStart         0x2000a83d     0x1  Data  Gb  cdma.o [1]
WTwoTimeElapse          0x2000a844     0x4  Data  Gb  cdma.o [1]
WTwoTimeStart           0x2000a83c     0x1  Data  Gb  cdma.o [1]
WWDG_IRQHandler         0x08024509     0x2  Code  Gb  stm32f2xx_it_1208.o [1]
WatchdogClear           0x080172db     0x4  Code  Gb  lib_timer_1212.o [7]
WatchdogInit            0x080172b7    0x24  Code  Gb  lib_timer_1212.o [7]
WavThrAutoRptChk        0x080138b9    0xbc  Code  Gb  cdma.o [1]
WavTwoAutoRptChk        0x080137fd    0xbc  Code  Gb  cdma.o [1]
WhatRxComm              0x08018165    0x1c  Code  Gb  aa_serial1.o [1]
WhatRxSms               0x080130e5    0x10  Code  Gb  cdma.o [1]
WhatRxTCP               0x08014777    0x10  Code  Gb  cdma.o [1]
WhatTime                0x08013a51    0xca  Code  Gb  cdma.o [1]
WriteEEprom             0x0800e3d3    0x3c  Code  Gb  lib_24c64_1208.o [7]
WriteEEpromData         0x0800e547    0x38  Code  Gb  lib_24c64_1208.o [7]
Write_EEprom_16Addr_8Data
                        0x0800e419    0x70  Code  Gb  lib_24c64_1208.o [7]
Write_pPCA9555_8Addr_16Data
                        0x08018a9d    0x86  Code  Gb  PCA9555.o [1]
WritepPCA9555Data       0x08018b23    0x36  Code  Gb  PCA9555.o [1]
_GenldFull              0x080218fd   0x270  Code  Lc  xprintffull.o [3]
_LdtobFull              0x080214ed   0x400  Code  Lc  xprintffull.o [3]
_LitobFull              0x080213c7   0x126  Code  Lc  xprintffull.o [3]
_PrintfFull             0x08020e99   0x52e  Code  Gb  xprintffull.o [3]
_PutcharsFull           0x08021b6d    0x2e  Code  Lc  xprintffull.o [3]
_SProut                 0x080160bb     0xa  Code  Gb  xsprout.o [3]
__BASEPRICONFIG         0x080249a3          Code  Gb  stm32f0xx_macro.o [6]
__DMB                   0x08024955          Code  Gb  stm32f0xx_macro.o [6]
__DSB                   0x0802494f          Code  Gb  stm32f0xx_macro.o [6]
__GetBASEPRI            0x080249a9          Code  Gb  stm32f0xx_macro.o [6]
__ISB                   0x08024949          Code  Gb  stm32f0xx_macro.o [6]
__MRS_CONTROL           0x0802495f          Code  Gb  stm32f0xx_macro.o [6]
__MRS_MSP               0x0802497b          Code  Gb  stm32f0xx_macro.o [6]
__MRS_PSP               0x0802496f          Code  Gb  stm32f0xx_macro.o [6]
__MSR_CONTROL           0x08024965          Code  Gb  stm32f0xx_macro.o [6]
__MSR_MSP               0x08024981          Code  Gb  stm32f0xx_macro.o [6]
__MSR_PSP               0x08024975          Code  Gb  stm32f0xx_macro.o [6]
__READ_FAULTMASK        0x0802499d          Code  Gb  stm32f0xx_macro.o [6]
__READ_PRIMASK          0x0802498f          Code  Gb  stm32f0xx_macro.o [6]
__RESETFAULTMASK        0x08024995          Code  Gb  stm32f0xx_macro.o [6]
__RESETPRIMASK          0x08024987          Code  Gb  stm32f0xx_macro.o [6]
__REV_HalfWord          0x080249af          Code  Gb  stm32f0xx_macro.o [6]
__REV_Word              0x080249b3          Code  Gb  stm32f0xx_macro.o [6]
__SETFAULTMASK          0x08024999          Code  Gb  stm32f0xx_macro.o [6]
__SETPRIMASK            0x0802498b          Code  Gb  stm32f0xx_macro.o [6]
__SEV                   0x08024945          Code  Gb  stm32f0xx_macro.o [6]
__SVC                   0x0802495b          Code  Gb  stm32f0xx_macro.o [6]
__WFE                   0x08024941          Code  Gb  stm32f0xx_macro.o [6]
__WFI                   0x0802493d          Code  Gb  stm32f0xx_macro.o [6]
__aeabi_cdcmpeq         0x0801ff21          Code  Gb  DblCmpEq.o [4]
__aeabi_cdcmple         0x0801ff7d          Code  Gb  DblCmpLe.o [4]
__aeabi_cdrcmple        0x0801ff4d          Code  Gb  DblCmpGe.o [4]
__aeabi_d2iz            0x0801b8d1          Code  Gb  DblToI32.o [4]
__aeabi_d2uiz           0x0801b8fd          Code  Gb  DblToI32.o [4]
__aeabi_dadd            0x0801ffad          Code  Gb  DblAdd.o [4]
__aeabi_ddiv            0x0801ae25          Code  Gb  DblDiv.o [4]
__aeabi_dmul            0x0801bc8d          Code  Gb  DblMul.o [4]
__aeabi_dsub            0x08020095          Code  Gb  DblSub.o [4]
__aeabi_errno_addr      0x0801ff41     0x6  Code  Gb  errno.o [3]
__aeabi_f2d             0x0801add5          Code  Gb  FltToDbl.o [4]
__aeabi_i2d             0x0801f09d          Code  Gb  I32ToDbl.o [4]
__aeabi_i2f             0x0801ada5          Code  Gb  I32ToFlt.o [4]
__aeabi_ldiv0           0x08023fe9          Code  Gb  I64DivZer.o [5]
__aeabi_memclr          0x080172e1          Code  Gb  ABImemclr.o [5]
__aeabi_memclr4         0x0801ef91          Code  Gb  ABImemclr4.o [5]
__aeabi_memcpy          0x08016045          Code  Gb  ABImemcpy.o [5]
__aeabi_memcpy4         0x08016065          Code  Gb  ABImemcpy.o [5]
__aeabi_memcpy8         0x08016065          Code  Gb  ABImemcpy.o [5]
__aeabi_memset          0x0801ef99          Code  Gb  ABImemset.o [5]
__aeabi_memset4         0x080206c1          Code  Gb  ABImemset48.o [5]
__aeabi_memset8         0x080206c1          Code  Gb  ABImemset48.o [5]
__aeabi_ui2d            0x0801f0b1          Code  Gb  I32ToDbl.o [4]
__aeabi_uldivmod        0x08023d3d          Code  Gb  I64DivMod.o [5]
__cmain                 0x08023fed          Code  Gb  cmain.o [5]
__exit                  0x080241d9          Code  Gb  XXexit.o [5]
__iar_Dint              0x0801fe9f    0x7a  Code  Gb  xdint.o [4]
__iar_Dnorm             0x0801fe5b    0x44  Code  Gb  xdnorm.o [4]
__iar_Dscale            0x08020ced   0x106  Code  Gb  xdscale.o [4]
__iar_Errno             0x2001b28c     0x4  Data  Gb  errno.o [3]
__iar_Exp               0x08020215   0x2f4  Code  Gb  xexp.o [4]
__iar_Log               0x0801b929   0x270  Code  Gb  xlog.o [4]
__iar_Logpoly           0x0801bb99    0x6e  Code  Gb  xlog.o [4]
__iar_Memchr            0x08023ce5          Code  Gb  memchr.o [5]
__iar_Memset            0x0801ef99          Code  Gb  ABImemset.o [5]
__iar_Memset4_word      0x080206c9          Code  Gb  ABImemset48.o [5]
__iar_Memset8_word      0x080206c9          Code  Gb  ABImemset48.o [5]
__iar_Memset_word       0x0801efa1          Code  Gb  ABImemset.o [5]
__iar_SB                0x08024a70          Data  Gb  bwt_init3c.o [5]
__iar_Stolx             0x08023f63    0x84  Code  Gb  xstol.o [3]
__iar_Stoulx            0x08024005   0x124  Code  Gb  xstoul.o [3]
__iar_Strchr            0x08021bb9          Code  Gb  strchr.o [5]
__iar_Strstr            0x08020695    0x2c  Code  Gb  strstr.o [3]
__iar_d2uiz             0x0801b909          Code  Gb  DblToI32.o [4]
__iar_dadd              0x0801ffc1          Code  Gb  DblAdd.o [4]
__iar_data_init3        0x08024179    0x2c  Code  Gb  data_init3.o [5]
__iar_default_requirements$$_Printf<unknown>sprintf {Abs}
                        0x00000000           --   Gb  sprintf.o [3]
__iar_default_requirements$$_Printf<unknown>vsprintf {Abs}
                        0x00000000           --   Gb  vsprintf.o [3]
__iar_dlib_perthread_access
                        0x08020ceb     0x2  Code  Gb  xtls.o [3]
__iar_dsub              0x080200a9          Code  Gb  DblSub.o [4]
__iar_dsubStart         0x080200bb          Code  Gb  DblSub.o [4]
__iar_packbits_init3    0x0802489d    0xa0  Code  Gb  packbits_init3.o [5]
__iar_program_start     0x08023e39          Code  Gb  cstartup_M.o [5]
__iar_provide$$_Printf<flags,floats,hex_floats,int_specials,long_longs,n_formatters,qualifiers,widths>_PrintfFull {Abs}
                        0x00000000           --   Gb  xprintffull.o [3]
__iar_strcmp            0x08023f21          Code  Gb  strcmp.o [5]
__iar_ui2d              0x0801f0b5          Code  Gb  I32ToDbl.o [4]
__iar_ui2f              0x0801adb9          Code  Gb  I32ToFlt.o [4]
__iar_zero_init3        0x0800d153    0x22  Code  Gb  zero_init3.o [5]
__swab16p               0x08017347     0x4  Code  Gb  swab.o [1]
__vector_table          0x08008000   0x184  Data  Gb  stm32f2xx_vector.o [1]
_call_main              0x08023ff9          Code  Gb  cmain.o [5]
_exit                   0x080241cd          Code  Gb  cexit.o [5]
_main                   0x08023fff          Code  Gb  cmain.o [5]
atoh                    0x0801bf11    0x2a  Code  Gb  exlib.o [1]
chkAlarmMaskReport      0x2000a892     0x1  Data  Gb  cdma.o [1]
chkDnrAlarmReport       0x2001b2ba     0x1  Data  Gb  cdma.o [1]
chkLockOrder            0x2001b230     0x2  Data  Gb  cdma.o [1]
chkReport               0x2001b2bd     0x1  Data  Gb  cdma.o [1]
comtstcnt               0x2001b288     0x4  Data  Gb  aa_test.o [1]
convinfo                0x080249b8    0x34  Data  Gb  main.o [1]
dBmTomW                 0x080120e5    0x32  Code  Gb  aa_alc.o [1]
dPre                    0x2001b104    0x14  Data  Gb  adf411x.o [1]
dReffreq                0x2001b0dc    0x14  Data  Gb  adf411x.o [1]
dStep                   0x2001b0f0    0x14  Data  Gb  adf411x.o [1]
dUartPtr                0x2000a7fc     0x4  Data  Gb  bell860s_v0112.o [1]
digits                  0x08024128    0x28  Data  Lc  xstoul.o [3]
div                     0x08023e2b     0xe  Code  Gb  div.o [3]
downloadFlag            0x200089e4     0x4  Data  Gb  aa_serial1.o [1]
dptr                    0x2001b248     0xc  Data  Gb  aa_expio.o [1]
dtoh                    0x0801495d    0x16  Code  Gb  cdma.o [1]
eUartPtr                0x2000a800     0x4  Data  Gb  bell860s_v0112.o [1]
exit                    0x080241c9     0x4  Code  Gb  exit.o [3]
gEE_BACK1               0x2001a27c   0x2bc  Data  Gb  aa_Table.o [1]
gTestFlag               0x2001b2b7     0x1  Data  Gb  aa_test.o [1]
iAPDInit                0x0801f771    0x88  Code  Gb  aa_iAPD.o [1]
iAPDTask                0x0801f7f9    0x1e  Code  Gb  aa_iAPD.o [1]
iAdcIndex               0x2000a894     0x1  Data  Gb  main.o [1]
iDebugCnt               0x200089d2     0x1  Data  Gb  aa_serial1.o [1]
iDev_SPIxInit           0x0801f889    0x66  Code  Gb  aa_iAPD.o [1]
iDev_SPIx_BASE          0x0801f877    0x12  Code  Gb  aa_iAPD.o [1]
iDev_SPIx_CS_RST        0x0801f84f    0x28  Code  Gb  aa_iAPD.o [1]
iDev_SPIx_CS_SET        0x0801f827    0x28  Code  Gb  aa_iAPD.o [1]
iFPGAConfig_DnFlagSet   0x0801f93d   0x10c  Code  Gb  aa_iAPD.o [1]
iFPGASpi                0x20019978     0x8  Data  Gb  aa_iAPD.o [1]
iMasterPNH              0x2001ad4b     0x1  Data  Gb  cdma.o [1]
iMasterPNL              0x2001ad4c     0x1  Data  Gb  cdma.o [1]
iMobileESN              0x20009dd6     0x2  Data  Gb  cdma.o [1]
iPNVal_Old              0x2001ad34     0xc  Data  Gb  cdma.o [1]
iPresentHourCnt         0x20009dcb     0x1  Data  Gb  cdma.o [1]
iPresentMinCnt          0x20009dcc     0x1  Data  Gb  cdma.o [1]
iSMS_Debug_Mode         0x20009dc1     0x1  Data  Gb  cdma.o [1]
iSPIxInit               0x0801f817    0x10  Code  Gb  aa_iAPD.o [1]
iSecCnt                 0x2001b2be     0x1  Data  Gb  cdma.o [1]
iTxValH                 0x2001ad4d     0x1  Data  Gb  cdma.o [1]
iTxValL                 0x2001ad4e     0x1  Data  Gb  cdma.o [1]
iUser_Value2            0x200089d3     0x1  Data  Gb  aa_serial1.o [1]
internal_Pow            0x0801b071   0x3fc  Code  Lc  pow.o [4]
lnbias                  0x0801b4b0   0x420  Data  Lc  pow.o [4]
lower                   0x08023929     0xc  Code  Gb  aa_test.o [1]
mAttnStr                0x2001ada4    0x60  Data  Gb  aa_alc.o [1]
mFwdHighAlm             0x2001ae60    0x54  Data  Gb  aa_alc.o [1]
mFwdInHighAlm           0x2001af08    0x54  Data  Gb  aa_alc.o [1]
mFwdLowAlm              0x2001ae04    0x54  Data  Gb  aa_alc.o [1]
mFwdOutLowAlm           0x2001b14c    0x2c  Data  Gb  aa_alc.o [1]
mRvsHighAlm             0x2001aeb4    0x54  Data  Gb  aa_alc.o [1]
mSDCheck                0x2001b1e8    0x10  Data  Gb  aa_alc.o [1]
mULGainMode1            0x2001abb8    0x48  Data  Gb  aa_alc.o [1]
mULGainMode2            0x2001ab58    0x60  Data  Gb  aa_alc.o [1]
mWTodBm                 0x08012117    0x2e  Code  Gb  aa_alc.o [1]
m_writing               0x2001b2b5     0x1  Data  Gb  aa_serial1.o [1]
main                    0x080241a5    0x24  Code  Gb  stm32f2xx_main.o [6]
mainTask                0x08020b89    0x28  Code  Gb  main.o [1]
makeFCS                 0x08018461    0x2c  Code  Gb  aa_serial1.o [1]
memchr                  0x08023ce5          Code  Gb  memchr.o [5]
memcmp                  0x0801f039          Code  Gb  memcmp.o [5]
ndigs                   0x08024150    0x28  Data  Lc  xstoul.o [3]
pBackupSem              0x2001b270     0x4  Data  Gb  aa_Table.o [1]
pPCA9555BitRst          0x08018a27    0x14  Code  Gb  PCA9555.o [1]
pPCA9555BitSet          0x08018a23     0x4  Code  Gb  PCA9555.o [1]
pPCA9555Port_Init       0x0800ff63    0x28  Code  Gb  aa_expio.o [1]
pPCA9555Str             0x2000a870     0x4  Data  Gb  PCA9555.o [1]
pPCA9555StrB            0x2001b194    0x18  Data  Gb  PCA9555.o [1]
pPCASetConfiguration    0x08018a65    0x20  Code  Gb  PCA9555.o [1]
pPCASetPortData         0x08018a85    0x18  Code  Gb  PCA9555.o [1]
pUSART1                 0x2000003c    0x2c  Data  Gb  stm32f2xx_usart1_1208.o [6]
pUSART3                 0x20000008    0x2c  Data  Gb  stm32f2xx_usart3_1208.o [6]
pUSART4                 0x20000070    0x2c  Data  Gb  stm32f2xx_usart4_1208.o [6]
pow                     0x0801b4a1     0xe  Code  Gb  pow.o [4]
protocol_frame_to_buffer
                        0x08015725    0x42  Code  Gb  cdma.o [1]
rambackup               0x2000a874     0x4  Data  Gb  aa_protocol.o [1]
recvLengthInit          0x200089dc     0x2  Data  Gb  aa_serial1.o [1]
sFLASH_4kErase          0x0801fc1b    0x7c  Code  Gb  AT25DF641_v1204.o [1]
sFLASH_BL4kCheckErase   0x0801faab    0x20  Code  Gb  AT25DF641_v1204.o [1]
sFLASH_DataRead         0x0801fb31    0x38  Code  Gb  AT25DF641_v1204.o [1]
sFLASH_DataWrite        0x0801fb69    0xb2  Code  Gb  AT25DF641_v1204.o [1]
sFLASH_Init             0x0801fa8d    0x1e  Code  Gb  AT25DF641_v1204.o [1]
sFLASH_SetRegister      0x0801fcd9    0xb8  Code  Gb  AT25DF641_v1204.o [1]
sFLASH_Unprotected      0x0801facb    0x5a  Code  Gb  AT25DF641_v1204.o [1]
sFLASH_WaitWriteEnd     0x0801fc97    0x42  Code  Gb  AT25DF641_v1204.o [1]
sSPI_DataRead           0x08023935    0x58  Code  Gb  aa_test.o [1]
sentTel                 0x2000a5f8    0x10  Data  Gb  cdma.o [1]
sms_buff                0x2001a8c8   0x100  Data  Gb  cdma.o [1]
sms_len                 0x2001b234     0x4  Data  Gb  cdma.o [1]
sms_time                0x20009dac    0x14  Data  Gb  cdma.o [1]
sprintf                 0x08020619    0x34  Code  Gb  sprintf.o [3]
strcat                  0x0802064d    0x1e  Code  Gb  strcat.o [3]
strchr                  0x08021bb9          Code  Gb  strchr.o [5]
strcmp                  0x08023f21          Code  Gb  strcmp.o [5]
strlen                  0x0801f001          Code  Gb  strlen.o [5]
strncmp                 0x0802066b    0x2a  Code  Gb  strncmp.o [3]
t1SndData               0x2001a538   0x200  Data  Gb  cdma.o [1]
tAttAccu                0x2001b193     0x1  Data  Gb  Alarm.o [1]
tDisplay                0x2000a704    0x24  Data  Gb  aa_test.o [1]
tDnrSts                 0x200089e8     0x4  Data  Gb  aa_serial1.o [1]
tDnrStsB                0x200194f8   0x470  Data  Gb  aa_serial1.o [1]
tISOSelect              0x2001ae5f     0x1  Data  Gb  aa_alc.o [1]
tPeriod                 0x2001b244     0x4  Data  Gb  cdma.o [1]
tTestFlag               0x2001b2b6     0x1  Data  Gb  aa_test.o [1]
tcp_port                0x20009df4     0x4  Data  Gb  cdma.o [1]
tempIndexHys            0x2001b2a6     0x1  Data  Gb  aa_expio.o [1]
testResult              0x2000a868     0x8  Data  Gb  aa_test.o [1]
tinputSts               0x2000a6d0    0x34  Data  Gb  aa_test.o [1]
tinputStsOld            0x2001b118    0x34  Data  Gb  aa_test.o [1]
tmpRvsALCLvl_3G         0x2001b299     0x1  Data  Gb  aa_alc.o [1]
vsprintf                0x080205ed    0x2c  Code  Gb  vsprintf.o [3]


[1] = D:\Project\TRIO\3.TRIO-MD\2_1G Clearing\TRIO_MD_appl_stm207_20150327_20150518_20161130\out
[2] = command line
[3] = dl7M_tln.a
[4] = m7M_tl.a
[5] = rt7M_tl.a
[6] = stm32F_cpulib_prj_v62.a
[7] = stm32F_devlib_prj_v62.a

  116 128 bytes of readonly  code memory
    1 745 bytes of readonly  data memory
  111 292 bytes of readwrite data memory

Errors: none
Warnings: none
