###############################################################################
#                                                                             #
# IAR ELF Linker V6.30.1.53127/W32 for ARM              18/May/2015  16:57:42 #
# Copyright 2007-2011 IAR Systems AB.                                         #
#                                                                             #
#    Output file  =  D:\Project\TRIO_MD\3.F_W\TRIO_MD_appl_stm207_20150327_20 #
#                    150518\stm32FxC_ucos_prj_v511.out                        #
#    Map file     =  D:\Project\TRIO_MD\3.F_W\TRIO_MD_appl_stm207_20150327_20 #
#                    150518\out\stm32FxC_ucos_prj_v511.map                    #
#    Command line =  D:\Project\TRIO_MD\3.F_W\TRIO_MD_appl_stm207_20150327_20 #
#                    150518\out\AT25DF641_v1204.o                             #
#                    D:\Project\TRIO_MD\3.F_W\TRIO_MD_appl_stm207_20150327_20 #
#                    150518\out\Alarm.o D:\Project\TRIO_MD\3.F_W\TRIO_MD_appl #
#                    _stm207_20150327_20150518\out\PCA9555.o                  #
#                    D:\Project\TRIO_MD\3.F_W\TRIO_MD_appl_stm207_20150327_20 #
#                    150518\out\aa_Table.o D:\Project\TRIO_MD\3.F_W\TRIO_MD_a #
#                    ppl_stm207_20150327_20150518\out\aa_alc.o                #
#                    D:\Project\TRIO_MD\3.F_W\TRIO_MD_appl_stm207_20150327_20 #
#                    150518\out\aa_expio.o D:\Project\TRIO_MD\3.F_W\TRIO_MD_a #
#                    ppl_stm207_20150327_20150518\out\aa_iAPD.o               #
#                    D:\Project\TRIO_MD\3.F_W\TRIO_MD_appl_stm207_20150327_20 #
#                    150518\out\aa_protocol.o D:\Project\TRIO_MD\3.F_W\TRIO_M #
#                    D_appl_stm207_20150327_20150518\out\aa_serial1.o         #
#                    D:\Project\TRIO_MD\3.F_W\TRIO_MD_appl_stm207_20150327_20 #
#                    150518\out\aa_test.o D:\Project\TRIO_MD\3.F_W\TRIO_MD_ap #
#                    pl_stm207_20150327_20150518\out\adcFunc.o                #
#                    D:\Project\TRIO_MD\3.F_W\TRIO_MD_appl_stm207_20150327_20 #
#                    150518\out\adf411x.o D:\Project\TRIO_MD\3.F_W\TRIO_MD_ap #
#                    pl_stm207_20150327_20150518\out\apl_dtu.o                #
#                    D:\Project\TRIO_MD\3.F_W\TRIO_MD_appl_stm207_20150327_20 #
#                    150518\out\bell860s_v0112.o                              #
#                    D:\Project\TRIO_MD\3.F_W\TRIO_MD_appl_stm207_20150327_20 #
#                    150518\out\cdma.o D:\Project\TRIO_MD\3.F_W\TRIO_MD_appl_ #
#                    stm207_20150327_20150518\out\cpu_a.o                     #
#                    D:\Project\TRIO_MD\3.F_W\TRIO_MD_appl_stm207_20150327_20 #
#                    150518\out\exlib.o D:\Project\TRIO_MD\3.F_W\TRIO_MD_appl #
#                    _stm207_20150327_20150518\out\lib_mem.o                  #
#                    D:\Project\TRIO_MD\3.F_W\TRIO_MD_appl_stm207_20150327_20 #
#                    150518\out\lib_str.o D:\Project\TRIO_MD\3.F_W\TRIO_MD_ap #
#                    pl_stm207_20150327_20150518\out\main.o                   #
#                    D:\Project\TRIO_MD\3.F_W\TRIO_MD_appl_stm207_20150327_20 #
#                    150518\out\os_core.o D:\Project\TRIO_MD\3.F_W\TRIO_MD_ap #
#                    pl_stm207_20150327_20150518\out\os_cpu_a.o               #
#                    D:\Project\TRIO_MD\3.F_W\TRIO_MD_appl_stm207_20150327_20 #
#                    150518\out\os_cpu_c.o D:\Project\TRIO_MD\3.F_W\TRIO_MD_a #
#                    ppl_stm207_20150327_20150518\out\os_dbg.o                #
#                    D:\Project\TRIO_MD\3.F_W\TRIO_MD_appl_stm207_20150327_20 #
#                    150518\out\os_flag.o D:\Project\TRIO_MD\3.F_W\TRIO_MD_ap #
#                    pl_stm207_20150327_20150518\out\os_mbox.o                #
#                    D:\Project\TRIO_MD\3.F_W\TRIO_MD_appl_stm207_20150327_20 #
#                    150518\out\os_mem.o D:\Project\TRIO_MD\3.F_W\TRIO_MD_app #
#                    l_stm207_20150327_20150518\out\os_mutex.o                #
#                    D:\Project\TRIO_MD\3.F_W\TRIO_MD_appl_stm207_20150327_20 #
#                    150518\out\os_q.o D:\Project\TRIO_MD\3.F_W\TRIO_MD_appl_ #
#                    stm207_20150327_20150518\out\os_sem.o                    #
#                    D:\Project\TRIO_MD\3.F_W\TRIO_MD_appl_stm207_20150327_20 #
#                    150518\out\os_task.o D:\Project\TRIO_MD\3.F_W\TRIO_MD_ap #
#                    pl_stm207_20150327_20150518\out\os_time.o                #
#                    D:\Project\TRIO_MD\3.F_W\TRIO_MD_appl_stm207_20150327_20 #
#                    150518\out\os_tmr.o D:\Project\TRIO_MD\3.F_W\TRIO_MD_app #
#                    l_stm207_20150327_20150518\out\stm32f2xx_it_1208.o       #
#                    D:\Project\TRIO_MD\3.F_W\TRIO_MD_appl_stm207_20150327_20 #
#                    150518\out\stm32f2xx_vector.o                            #
#                    D:\Project\TRIO_MD\3.F_W\TRIO_MD_appl_stm207_20150327_20 #
#                    150518\out\swab.o D:\Project\TRIO_MD\3.F_W\TRIO_MD_appl_ #
#                    stm207_20150327_20150518\stm32F_cpulib_prj_v62.a         #
#                    D:\Project\TRIO_MD\3.F_W\TRIO_MD_appl_stm207_20150327_20 #
#                    150518\stm32F_devlib_prj_v62.a --redirect                #
#                    _Printf=_PrintfFull --redirect _Scanf=_ScanfFull -o      #
#                    D:\Project\TRIO_MD\3.F_W\TRIO_MD_appl_stm207_20150327_20 #
#                    150518\stm32FxC_ucos_prj_v511.out --map                  #
#                    D:\Project\TRIO_MD\3.F_W\TRIO_MD_appl_stm207_20150327_20 #
#                    150518\out\stm32FxC_ucos_prj_v511.map --config           #
#                    D:\Project\TRIO_MD\3.F_W\TRIO_MD_appl_stm207_20150327_20 #
#                    150518\init\stm32f10x_flash.icf --entry                  #
#                    __iar_program_start --inline --vfe                       #
#                                                                             #
#                                                                             #
###############################################################################

*******************************************************************************
*** RUNTIME MODEL ATTRIBUTES
***

CppFlavor       = *
__SystemLibrary = DLib


*******************************************************************************
*** PLACEMENT SUMMARY
***

"A1":  place at 0x08008000 { ro section .intvec };
"P1":  place in [from 0x08008000 to 0x08026fff] { ro };
"P2":  place in [from 0x20000000 to 0x2001ffff] {
          block HEAP, block CSTACK, rw section iram };
"P3":  place in [from 0x20000000 to 0x2001ffff] |
                [from 0x60780000 to 0x607fffff] { rw };

  Section            Kind        Address     Size  Object
  -------            ----        -------     ----  ------
"A1":                                       0x184
  .intvec            const    0x08008000    0x184  stm32f2xx_vector.o [1]
                            - 0x08008184    0x184

"P1":                                     0x1c908
  .text              ro code  0x08008184   0x4ffa  aa_protocol.o [1]
  .text              ro code  0x0800d17e     0x22  zero_init3.o [5]
  .text              ro code  0x0800d1a0   0x1234  aa_Table.o [1]
  .text              ro code  0x0800e3d4    0x318  lib_24c64_1208.o [7]
  .text              ro code  0x0800e6ec   0x1950  aa_expio.o [1]
  .text              ro code  0x0801003c   0x2840  aa_alc.o [1]
  .text              ro code  0x0801287c   0x37f0  cdma.o [1]
  .text              ro code  0x0801606c     0x76  ABImemcpy.o [5]
  .text              ro code  0x080160e2      0xa  xsprout.o [3]
  .text              ro code  0x080160ec    0xf50  apl_dtu.o [1]
  .text              ro code  0x0801703c     0x54  os_time.o [1]
  .text              ro code  0x08017090    0x1c6  lib_timer_1212.o [7]
  .rodata            const    0x08017256      0x2  os_dbg.o [1]
  .text              ro code  0x08017258      0x6  ABImemclr.o [5]
  .text              ro code  0x0801725e      0xe  swab.o [1]
  .text              ro code  0x0801726c   0x1448  aa_serial1.o [1]
  .text              ro code  0x080186b4    0x132  os_sem.o [1]
  .text              ro code  0x080187e8     0x8a  stm32f2xx_gpio_1212.o [6]
  .text              ro code  0x08018874     0x94  os_task.o [1]
  .text              ro code  0x08018908    0x2a0  PCA9555.o [1]
  .text              ro code  0x08018ba8    0x298  adf411x.o [1]
  .text              ro code  0x08018e40   0x184e  Alarm.o [1]
  .text              ro code  0x0801a690    0x368  lib_extdev_1208.o [7]
  .text              ro code  0x0801a9f8    0x2bc  adcFunc.o [1]
  .text              ro code  0x0801acb4     0x2e  I32ToFlt.o [4]
  .text              ro code  0x0801ace4     0x4e  FltToDbl.o [4]
  .text              ro code  0x0801ad34    0x246  DblDiv.o [4]
  .text              ro code  0x0801af80    0x860  pow.o [4]
  .text              ro code  0x0801b7e0     0x58  DblToI32.o [4]
  .text              ro code  0x0801b838    0x364  xlog.o [4]
  .text              ro code  0x0801bb9c    0x1a2  DblMul.o [4]
  .text              ro code  0x0801bd40    0x10a  exlib.o [1]
  .text              ro code  0x0801be4c    0x2c0  stm32f2xx_usart4_1208.o [6]
  .text              ro code  0x0801c10c   0x2a88  bell860s_v0112.o [1]
  .text              ro code  0x0801eb94    0x30c  stm32f2xx_usart1_1208.o [6]
  .text              ro code  0x0801eea0      0x6  ABImemclr4.o [5]
  .text              ro code  0x0801eea8     0x66  ABImemset.o [5]
  .text              ro code  0x0801ef10     0x36  strlen.o [5]
  .text              ro code  0x0801ef48     0x62  memcmp.o [5]
  .text              ro code  0x0801efac     0x30  I32ToDbl.o [4]
  CODE               ro code  0x0801efdc     0xa0  os_cpu_a.o [1]
  .text              ro code  0x0801f07c    0x5d0  os_core.o [1]
  .text              ro code  0x0801f64c     0x34  stm32f2xx_iwdg.o [6]
  .text              ro code  0x0801f680    0x31c  aa_iAPD.o [1]
  .text              ro code  0x0801f99c    0x304  AT25DF641_v1204.o [1]
  .text              ro code  0x0801fca0     0x7e  os_cpu_c.o [1]
  .text              ro code  0x0801fd20     0x20  stm32f2xx_nvic_1208.o [6]
  CODE               ro code  0x0801fd40     0x2a  cpu_a.o [1]
  .text              ro code  0x0801fd6a     0x44  xdnorm.o [4]
  .text              ro code  0x0801fdae     0x80  xdint.o [4]
  .text              ro code  0x0801fe30     0x20  DblCmpEq.o [4]
  .text              ro code  0x0801fe50      0xc  errno.o [3]
  .text              ro code  0x0801fe5c     0x2e  DblCmpGe.o [4]
  .text              ro code  0x0801fe8c     0x2e  DblCmpLe.o [4]
  .text              ro code  0x0801febc     0xe8  DblAdd.o [4]
  .text              ro code  0x0801ffa4    0x180  DblSub.o [4]
  .text              ro code  0x08020124    0x2f4  xexp.o [4]
  .text              ro code  0x08020418     0xe4  stm32f2xx_usart.o [6]
  .text              ro code  0x080204fc     0x2c  vsprintf.o [3]
  .text              ro code  0x08020528     0x34  sprintf.o [3]
  .text              ro code  0x0802055c     0x1e  strcat.o [3]
  .text              ro code  0x0802057a     0x2a  strncmp.o [3]
  .text              ro code  0x080205a4     0x2c  strstr.o [3]
  .text              ro code  0x080205d0     0x3a  ABImemset48.o [5]
  .text              ro code  0x0802060c     0x4c  os_flag.o [1]
  .text              ro code  0x08020658     0x40  os_mem.o [1]
  .text              ro code  0x08020698     0x30  os_q.o [1]
  .text              ro code  0x080206c8    0x42c  main.o [1]
  .text              ro code  0x08020af4    0x106  stm32f2xx_spi.o [6]
  .text              ro code  0x08020bfa      0x2  xtls.o [3]
  .text              ro code  0x08020bfc    0x11a  xdscale.o [4]
  .text              ro code  0x08020d18     0x90  stm32f2xx_rcc.o [6]
  .text              ro code  0x08020da8    0xd1e  xprintffull.o [3]
  .text              ro code  0x08021ac8     0x16  strchr.o [5]
  .text              ro code  0x08021ae0    0x5d8  stm32f2xx_system.o [6]
  .text              ro code  0x080220b8     0x3c  stm32f0xx_core.o [6]
  .text              ro code  0x080220f4   0x1b00  aa_test.o [1]
  .text              ro code  0x08023bf4     0x58  memchr.o [5]
  .text              ro code  0x08023c4c     0xee  I64DivMod.o [5]
  .text              ro code  0x08023d3a      0xe  div.o [3]
  .text              ro code  0x08023d48      0xc  cstartup_M.o [5]
  .text              ro code  0x08023d54     0xdc  stm32f2xx_fsmc.o [6]
  .text              ro code  0x08023e30     0x42  strcmp.o [5]
  .text              ro code  0x08023e72     0x84  xstol.o [3]
  .text              ro code  0x08023ef8      0x2  I64DivZer.o [5]
  .text              ro code  0x08023efc     0x16  cmain.o [5]
  .text              ro code  0x08023f14    0x174  xstoul.o [3]
  .text              ro code  0x08024088     0x2c  data_init3.o [5]
  .text              ro code  0x080240b4     0x24  stm32f2xx_main.o [6]
  .text              ro code  0x080240d8      0x4  exit.o [3]
  .text              ro code  0x080240dc      0xa  cexit.o [5]
  .text              ro code  0x080240e8      0xc  XXexit.o [5]
  .text              ro code  0x080240f4    0x2f8  stm32f2xx_usart3_1208.o [6]
  .text              ro code  0x080243ec    0x112  stm32f2xx_it_1208.o [1]
  .text              ro code  0x08024500     0x1c  stm32f2xx_exti.o [6]
  .rodata            const    0x0802451c     0xf0  aa_Table.o [1]
  .rodata            const    0x0802460c     0xa8  aa_test.o [1]
  .text              ro code  0x080246b4     0xa0  packbits_init3.o [5]
  .text              ro code  0x08024754     0x7a  stm32f0xx_macro.o [6]
  .rodata            const    0x080247d0     0x34  main.o [1]
  .iar.init_table    const    0x08024804     0x50  - Linker created -
  .rodata            const    0x08024854     0x1c  cdma.o [1]
  .rodata            const    0x08024870     0x18  aa_protocol.o [1]
  .rodata            const    0x08024888      0x0  bwt_init3c.o [5]
  Initializer bytes  ro data  0x08024888    0x17e  <for P3 s0>
  Initializer bytes  ro data  0x08024a06     0x83  <for P2 s1>
                            - 0x08024a89  0x1c905

"P2", part 1 of 3:                           0x9c
  P2 s1                       0x20000000     0x9c  <Init block>
    iram             inited   0x20000000     0x34  stm32f2xx_usart3_1208.o [6]
    iram             inited   0x20000034     0x34  stm32f2xx_usart1_1208.o [6]
    iram             inited   0x20000068     0x34  stm32f2xx_usart4_1208.o [6]
                            - 0x2000009c     0x9c

"P2", part 2 of 3:                         0x8434
  iram               zero     0x2000009c   0x1400  stm32f2xx_usart4_1208.o [6]
  iram               zero     0x2000149c   0x1400  stm32f2xx_usart4_1208.o [6]
  iram               zero     0x2000289c   0x1000  stm32f2xx_usart3_1208.o [6]
  iram               zero     0x2000389c   0x1000  stm32f2xx_usart3_1208.o [6]
  iram               zero     0x2000489c    0xa00  stm32f2xx_usart1_1208.o [6]
  iram               zero     0x2000529c    0xa00  stm32f2xx_usart1_1208.o [6]
  iram               zero     0x20005c9c    0x9d4  os_core.o [1]
  iram               zero     0x20006670    0x800  aa_test.o [1]
  iram               zero     0x20006e70    0x600  aa_expio.o [1]
  iram               zero     0x20007470    0x600  aa_serial1.o [1]
  iram               zero     0x20007a70    0x400  aa_alc.o [1]
  iram               zero     0x20007e70    0x200  apl_dtu.o [1]
  iram               zero     0x20008070    0x200  stm32f2xx_main.o [6]
  iram               zero     0x20008270     0xb4  os_core.o [1]
  iram               zero     0x20008324     0x8c  os_core.o [1]
  iram               zero     0x200083b0     0x80  os_core.o [1]
  iram               zero     0x20008430     0x60  os_core.o [1]
  iram               zero     0x20008490     0x34  os_core.o [1]
  iram               zero     0x200084c4      0x4  os_core.o [1]
  iram               zero     0x200084c8      0x4  os_core.o [1]
  iram               zero     0x200084cc      0x4  os_core.o [1]
                            - 0x200084d0   0x8434

"P2", part 3 of 3:                          0x500
  CSTACK                      0x200084d0    0x500  <Block>
    CSTACK           uninit   0x200084d0    0x500  <Block tail>
                            - 0x200089d0    0x500

"P3", part 1 of 2:                         0x1ec8
  P3 s0                       0x200089d0   0x1ec5  <Init block>
    .data            inited   0x200089d0   0x13dc  aa_serial1.o [1]
    .data            inited   0x20009dac    0x85c  cdma.o [1]
    .data            inited   0x2000a608     0xc8  Alarm.o [1]
    .data            inited   0x2000a6d0     0x58  aa_test.o [1]
    .data            inited   0x2000a728     0x4c  adcFunc.o [1]
    .data            inited   0x2000a774     0x4c  apl_dtu.o [1]
    .data            inited   0x2000a7c0     0x4c  bell860s_v0112.o [1]
    .data            inited   0x2000a80c     0x20  aa_expio.o [1]
    .data            inited   0x2000a82c     0x10  stm32f2xx_rcc.o [6]
    .data            inited   0x2000a83c      0xc  cdma.o [1]
    .data            inited   0x2000a848      0xc  cdma.o [1]
    .data            inited   0x2000a854      0xa  aa_expio.o [1]
    .data            inited   0x2000a85e      0x2  aa_alc.o [1]
    .data            inited   0x2000a860      0x8  aa_alc.o [1]
    .data            inited   0x2000a868      0x8  aa_test.o [1]
    .data            inited   0x2000a870      0x4  PCA9555.o [1]
    .data            inited   0x2000a874      0x4  aa_protocol.o [1]
    .data            inited   0x2000a878      0x4  aa_protocol.o [1]
    .data            inited   0x2000a87c      0x4  aa_protocol.o [1]
    .data            inited   0x2000a880      0x4  aa_protocol.o [1]
    .data            inited   0x2000a884      0x4  aa_protocol.o [1]
    .data            inited   0x2000a888      0x4  bell860s_v0112.o [1]
    .data            inited   0x2000a88c      0x4  cdma.o [1]
    .data            inited   0x2000a890      0x3  cdma.o [1]
    .data            inited   0x2000a893      0x1  aa_expio.o [1]
    .data            inited   0x2000a894      0x1  main.o [1]
                            - 0x2000a895   0x1ec5

"P3", part 2 of 2:                        0x10a28
  .bss               zero     0x2000a898   0x4e20  bell860s_v0112.o [1]
  .bss               zero     0x2000f6b8   0x35b8  cdma.o [1]
  .bss               zero     0x20012c70   0x2000  aa_serial1.o [1]
  .bss               zero     0x20014c70   0x2000  bell860s_v0112.o [1]
  .bss               zero     0x20016c70   0x1388  aa_serial1.o [1]
  .bss               zero     0x20017ff8   0x1000  bell860s_v0112.o [1]
  .bss               zero     0x20018ff8    0x500  aa_protocol.o [1]
  .bss               zero     0x200194f8    0x470  aa_serial1.o [1]
  .bss               zero     0x20019968    0x344  aa_iAPD.o [1]
  .bss               zero     0x20019cac    0x2f4  aa_protocol.o [1]
  .bss               zero     0x20019fa0    0x2dc  aa_protocol.o [1]
  .bss               zero     0x2001a27c    0x2bc  aa_Table.o [1]
  .bss               zero     0x2001a538    0x200  cdma.o [1]
  .bss               zero     0x2001a738    0x190  lib_timer_1212.o [7]
  .bss               zero     0x2001a8c8    0x100  cdma.o [1]
  .bss               zero     0x2001a9c8     0xc8  adcFunc.o [1]
  .bss               zero     0x2001aa90     0xc8  adcFunc.o [1]
  .bss               zero     0x2001ab58     0xa8  aa_alc.o [1]
  .bss               zero     0x2001ac00     0xa4  aa_test.o [1]
  .bss               zero     0x2001aca4     0x90  aa_protocol.o [1]
  .bss               zero     0x2001ad34     0x70  cdma.o [1]
  .bss               zero     0x2001ada4     0x60  aa_alc.o [1]
  .bss               zero     0x2001ae04     0x56  aa_alc.o [1]
  .bss               zero     0x2001ae5a      0x6  aa_alc.o [1]
  .bss               zero     0x2001ae60     0x54  aa_alc.o [1]
  .bss               zero     0x2001aeb4     0x54  aa_alc.o [1]
  .bss               zero     0x2001af08     0x54  aa_alc.o [1]
  .bss               zero     0x2001af5c     0x44  bell860s_v0112.o [1]
  .bss               zero     0x2001afa0     0x40  aa_expio.o [1]
  .bss               zero     0x2001afe0     0x40  aa_serial1.o [1]
  .bss               zero     0x2001b020     0x40  aa_test.o [1]
  .bss               zero     0x2001b060     0x40  adcFunc.o [1]
  .bss               zero     0x2001b0a0     0x3c  adcFunc.o [1]
  .bss               zero     0x2001b0dc     0x3c  adf411x.o [1]
  .bss               zero     0x2001b118     0x34  aa_test.o [1]
  .bss               zero     0x2001b14c     0x2c  aa_alc.o [1]
  .bss               zero     0x2001b178     0x19  aa_alc.o [1]
  .bss               zero     0x2001b191      0x2  bell860s_v0112.o [1]
  .bss               zero     0x2001b193      0x1  Alarm.o [1]
  .bss               zero     0x2001b194     0x18  PCA9555.o [1]
  .bss               zero     0x2001b1ac     0x18  aa_alc.o [1]
  .bss               zero     0x2001b1c4     0x14  bell860s_v0112.o [1]
  .bss               zero     0x2001b1d8     0x10  Alarm.o [1]
  .bss               zero     0x2001b1e8     0x10  aa_alc.o [1]
  .bss               zero     0x2001b1f8     0x10  bell860s_v0112.o [1]
  .bss               zero     0x2001b208     0x10  cdma.o [1]
  .bss               zero     0x2001b218     0x10  cdma.o [1]
  .bss               zero     0x2001b228     0x10  cdma.o [1]
  .bss               zero     0x2001b238     0x10  cdma.o [1]
  .bss               zero     0x2001b248      0xc  aa_expio.o [1]
  .bss               zero     0x2001b254      0xc  main.o [1]
  .bss               zero     0x2001b260      0x8  aa_alc.o [1]
  .bss               zero     0x2001b268      0x8  aa_expio.o [1]
  .bss               zero     0x2001b270      0x4  aa_Table.o [1]
  .bss               zero     0x2001b274      0x4  aa_alc.o [1]
  .bss               zero     0x2001b278      0x4  aa_expio.o [1]
  .bss               zero     0x2001b27c      0x4  aa_expio.o [1]
  .bss               zero     0x2001b280      0x4  aa_expio.o [1]
  .bss               zero     0x2001b284      0x4  aa_expio.o [1]
  .bss               zero     0x2001b288      0x4  aa_test.o [1]
  __DLIB_PERTHREAD   zero     0x2001b28c      0x4  errno.o [3]
  .bss               zero     0x2001b290      0x2  cdma.o [1]
  .bss               zero     0x2001b292      0x1  aa_alc.o [1]
  .bss               zero     0x2001b293      0x1  aa_alc.o [1]
  .bss               zero     0x2001b294      0x1  aa_alc.o [1]
  .bss               zero     0x2001b295      0x1  aa_alc.o [1]
  .bss               zero     0x2001b296      0x1  aa_alc.o [1]
  .bss               zero     0x2001b297      0x1  aa_alc.o [1]
  .bss               zero     0x2001b298      0x1  aa_alc.o [1]
  .bss               zero     0x2001b299      0x1  aa_alc.o [1]
  .bss               zero     0x2001b29a      0x1  aa_alc.o [1]
  .bss               zero     0x2001b29b      0x1  aa_alc.o [1]
  .bss               zero     0x2001b29c      0x1  aa_alc.o [1]
  .bss               zero     0x2001b29d      0x1  aa_alc.o [1]
  .bss               zero     0x2001b29e      0x1  aa_alc.o [1]
  .bss               zero     0x2001b29f      0x1  aa_alc.o [1]
  .bss               zero     0x2001b2a0      0x1  aa_alc.o [1]
  .bss               zero     0x2001b2a1      0x1  aa_alc.o [1]
  .bss               zero     0x2001b2a2      0x1  aa_alc.o [1]
  .bss               zero     0x2001b2a3      0x1  aa_alc.o [1]
  .bss               zero     0x2001b2a4      0x1  aa_alc.o [1]
  .bss               zero     0x2001b2a5      0x1  aa_alc.o [1]
  .bss               zero     0x2001b2a6      0x1  aa_expio.o [1]
  .bss               zero     0x2001b2a7      0x1  aa_expio.o [1]
  .bss               zero     0x2001b2a8      0x1  aa_expio.o [1]
  .bss               zero     0x2001b2a9      0x1  aa_expio.o [1]
  .bss               zero     0x2001b2aa      0x1  aa_expio.o [1]
  .bss               zero     0x2001b2ab      0x1  aa_expio.o [1]
  .bss               zero     0x2001b2ac      0x1  aa_expio.o [1]
  .bss               zero     0x2001b2ad      0x1  aa_expio.o [1]
  .bss               zero     0x2001b2ae      0x1  aa_expio.o [1]
  .bss               zero     0x2001b2af      0x1  aa_expio.o [1]
  .bss               zero     0x2001b2b0      0x1  aa_expio.o [1]
  .bss               zero     0x2001b2b1      0x1  aa_expio.o [1]
  .bss               zero     0x2001b2b2      0x1  aa_expio.o [1]
  .bss               zero     0x2001b2b3      0x1  aa_expio.o [1]
  .bss               zero     0x2001b2b4      0x1  aa_expio.o [1]
  .bss               zero     0x2001b2b5      0x1  aa_serial1.o [1]
  .bss               zero     0x2001b2b6      0x1  aa_test.o [1]
  .bss               zero     0x2001b2b7      0x1  aa_test.o [1]
  .bss               zero     0x2001b2b8      0x1  apl_dtu.o [1]
  .bss               zero     0x2001b2b9      0x1  cdma.o [1]
  .bss               zero     0x2001b2ba      0x1  cdma.o [1]
  .bss               zero     0x2001b2bb      0x1  cdma.o [1]
  .bss               zero     0x2001b2bc      0x1  cdma.o [1]
  .bss               zero     0x2001b2bd      0x1  cdma.o [1]
                            - 0x2001b2be  0x10a26


*******************************************************************************
*** INIT TABLE
***

          Address     Size
          -------     ----
Zero (__iar_zero_init3)
    2 destination ranges, total size 0x18e5a:
          0x2000009c   0x8434
          0x2000a898  0x10a26

Copy/packbits (__iar_packbits_init3)
    1 source range, total size 0x17e (4% of destination):
          0x08024888    0x17e
    1 destination range, total size 0x1ec5:
          0x200089d0   0x1ec5

Copy/packbits (__iar_packbits_init3)
    1 source range, total size 0x83 (83% of destination):
          0x08024a06     0x83
    1 destination range, total size 0x9c:
          0x20000000     0x9c



*******************************************************************************
*** MODULE SUMMARY
***

    Module                   ro code  ro data  rw data
    ------                   -------  -------  -------
D:\Project\TRIO_MD\3.F_W\TRIO_MD_appl_stm207_20150327_20150518\out: [1]
    AT25DF641_v1204.o            772
    Alarm.o                    6 222       10      217
    PCA9555.o                    672                28
    aa_Table.o                 4 660      240      704
    aa_alc.o                  10 304             1 783
    aa_expio.o                 6 480        2    1 694
    aa_iAPD.o                    796               836
    aa_protocol.o             20 474       25    2 932
    aa_serial1.o               5 192      246   21 013
    aa_test.o                  6 912      173    2 430
    adcFunc.o                    700        3      600
    adf411x.o                    664                60
    apl_dtu.o                  3 920        4      589
    bell860s_v0112.o          10 888        4   32 474
    cdma.o                    14 320      133   16 874
    cpu_a.o                       42
    exlib.o                      266
    main.o                     1 068       53       13
    os_core.o                  1 488             3 124
    os_cpu_a.o                   160
    os_cpu_c.o                   126
    os_dbg.o                                2
    os_flag.o                     76
    os_mem.o                      64
    os_q.o                        48
    os_sem.o                     306
    os_task.o                    148
    os_time.o                     84
    stm32f2xx_it_1208.o          274
    stm32f2xx_vector.o                    388
    swab.o                        14
    --------------------------------------------------
    Total:                    97 140    1 283   85 371

command line: [2]
    --------------------------------------------------
    Total:

dl7M_tln.a: [3]
    div.o                         14
    errno.o                       12                 4
    exit.o                         4
    sprintf.o                     52
    strcat.o                      30
    strncmp.o                     42
    strstr.o                      44
    vsprintf.o                    44
    xprintffull.o              3 358
    xsprout.o                     10
    xstol.o                      132
    xstoul.o                     372
    xtls.o                         2
    --------------------------------------------------
    Total:                     4 116                 4

m7M_tl.a: [4]
    DblAdd.o                     232
    DblCmpEq.o                    32
    DblCmpGe.o                    46
    DblCmpLe.o                    46
    DblDiv.o                     582
    DblMul.o                     418
    DblSub.o                     384
    DblToI32.o                    88
    FltToDbl.o                    78
    I32ToDbl.o                    48
    I32ToFlt.o                    46
    pow.o                      2 144
    xdint.o                      128
    xdnorm.o                      68
    xdscale.o                    282
    xexp.o                       756
    xlog.o                       868
    --------------------------------------------------
    Total:                     6 246

rt7M_tl.a: [5]
    ABImemclr.o                    6
    ABImemclr4.o                   6
    ABImemcpy.o                  118
    ABImemset.o                  102
    ABImemset48.o                 58
    I64DivMod.o                  238
    I64DivZer.o                    2
    XXexit.o                      12
    bwt_init3c.o
    cexit.o                       10
    cmain.o                       22
    cstartup_M.o                  12
    data_init3.o                  44
    memchr.o                      88
    memcmp.o                      98
    packbits_init3.o             160
    strchr.o                      22
    strcmp.o                      66
    strlen.o                      54
    zero_init3.o                  34
    --------------------------------------------------
    Total:                     1 152

stm32F_cpulib_prj_v62.a: [6]
    stm32f0xx_core.o              60
    stm32f0xx_macro.o            122
    stm32f2xx_exti.o              28
    stm32f2xx_fsmc.o             220
    stm32f2xx_gpio_1212.o        138
    stm32f2xx_iwdg.o              52
    stm32f2xx_main.o              36               512
    stm32f2xx_nvic_1208.o         32
    stm32f2xx_rcc.o              144        1       16
    stm32f2xx_spi.o              262
    stm32f2xx_system.o         1 496
    stm32f2xx_usart.o            228
    stm32f2xx_usart1_1208.o      780       44    5 172
    stm32f2xx_usart3_1208.o      760       43    8 244
    stm32f2xx_usart4_1208.o      704       44   10 292
    --------------------------------------------------
    Total:                     5 062      132   24 236

stm32F_devlib_prj_v62.a: [7]
    lib_24c64_1208.o             792
    lib_extdev_1208.o            872
    lib_timer_1212.o             454               400
    --------------------------------------------------
    Total:                     2 118               400

    Gaps                          54        2
    Linker created                         80    1 280
------------------------------------------------------
    Grand Total:             115 888    1 497  111 291


*******************************************************************************
*** ENTRY LIST
***

Entry                      Address    Size  Type      Object
-----                      -------    ----  ----      ------
?main                   0x08023efd          Code  Gb  cmain.o [5]
ACFailCnt               0x2001b2b2     0x1  Data  Gb  aa_expio.o [1]
ACKEEprom               0x0800e53d    0x20  Code  Gb  lib_24c64_1208.o [7]
ACKpPCA9555             0x08018aab    0x20  Code  Gb  PCA9555.o [1]
ADC1_SWStart            0x0801aae9    0x62  Code  Gb  adcFunc.o [1]
ADC3Index               0x2001b062     0x1  Data  Gb  adcFunc.o [1]
ADC3_IRQHandler         0x080244b9     0x2  Code  Gb  stm32f2xx_it_1208.o [1]
ADCIndex                0x2001b060     0x1  Data  Gb  adcFunc.o [1]
ADCInit                 0x0801a9f9    0xd4  Code  Gb  adcFunc.o [1]
ADCSTART                0x2001b064    0x14  Data  Gb  adcFunc.o [1]
ADC_AVR                 0x2000a728    0x4c  Data  Gb  adcFunc.o [1]
ADC_AVR_VALUE0          0x2001a9c8    0xc8  Data  Gb  adcFunc.o [1]
ADC_AVR_VALUE1          0x2001aa90    0xc8  Data  Gb  adcFunc.o [1]
ADC_ChannelEnable       0x0801aadf     0xa  Code  Gb  adcFunc.o [1]
ADC_CheckFinish         0x0801aacd    0x12  Code  Gb  adcFunc.o [1]
ADC_DATA1               0x2001b0a0    0x3c  Data  Gb  adcFunc.o [1]
ADC_IRQHandler          0x08024479     0x4  Code  Gb  stm32f2xx_it_1208.o [1]
ADC_IRQInitHandler      0x0801ab77    0x54  Code  Gb  adcFunc.o [1]
ADC_Select              0x0800ff43    0x40  Code  Gb  aa_expio.o [1]
ADC_WRCNT               0x2001b078    0x28  Data  Gb  adcFunc.o [1]
AGCCheck                0x080112ad    0x8e  Code  Gb  aa_alc.o [1]
AGCCheckFunction        0x08010f01   0x274  Code  Gb  aa_alc.o [1]
ALCCheckFunction        0x08011175   0x12c  Code  Gb  aa_alc.o [1]
APBAHBPrescTable        0x2000a82c    0x10  Data  Lc  stm32f2xx_rcc.o [6]
APD0TaskStk             0x2001998c   0x320  Data  Lc  aa_iAPD.o [1]
ASTART                  0x2001b061     0x1  Data  Gb  adcFunc.o [1]
ASTART3                 0x2001b063     0x1  Data  Gb  adcFunc.o [1]
AT25DFSpi               0x20019968     0x8  Data  Gb  aa_iAPD.o [1]
Ac_Sd_Flag              0x2001b297     0x1  Data  Gb  aa_alc.o [1]
AdInputStatus           0x08022fd1    0x96  Code  Gb  aa_test.o [1]
AdcBuffMax              0x0801ac68    0x4c  Data  Gb  adcFunc.o [1]
AdcStep0                0x2000a85e     0x1  Data  Gb  aa_alc.o [1]
AdcStep1                0x2000a85f     0x1  Data  Gb  aa_alc.o [1]
AdctoVolt33V            0x0801ab4b     0xe  Code  Gb  adcFunc.o [1]
AlarmCheck              0x08018e41   0xdca  Code  Gb  Alarm.o [1]
AlarmCheck_2G           0x2001b2ae     0x1  Data  Gb  aa_expio.o [1]
AlarmCheck_LTE          0x2001b2af     0x1  Data  Gb  aa_expio.o [1]
AlarmCheck_LTE_21       0x2001b2b1     0x1  Data  Gb  aa_expio.o [1]
AlarmCheck_LTE_A2       0x2001b2b0     0x1  Data  Gb  aa_expio.o [1]
AlarmInitialize         0x08011e7d    0x1a  Code  Gb  aa_alc.o [1]
AlarmStatusUpdate       0x0801a3df   0x1c4  Code  Gb  Alarm.o [1]
AlcInit                 0x0801003d    0x10  Code  Gb  aa_alc.o [1]
AlcSem                  0x2001b274     0x4  Data  Gb  aa_alc.o [1]
AlcTask                 0x0801004d    0x8a  Code  Gb  aa_alc.o [1]
AlcTaskStk              0x20007a70   0x400  Data  Lc  aa_alc.o [1]
AmpBitReason            0x08011d95    0xe8  Code  Gb  aa_alc.o [1]
AmpPathOnOff            0x0800f161   0x1a2  Code  Gb  aa_expio.o [1]
AmpSd_Clear             0x08011d0d    0x86  Code  Gb  aa_alc.o [1]
Amp_Step                0x2000a860     0x8  Data  Gb  aa_alc.o [1]
AnalyzeAidData          0x0800d061    0x8c  Code  Gb  aa_protocol.o [1]
AnyCheckByte            0x0801e697    0x3a  Code  Gb  bell860s_v0112.o [1]
AnyRxGetByte            0x0801e661    0x36  Code  Gb  bell860s_v0112.o [1]
Argc                    0x2001b022     0x2  Data  Gb  aa_test.o [1]
Argv                    0x2001b024    0x3c  Data  Gb  aa_test.o [1]
AttnBufferInit          0x0800fca5    0x5c  Code  Gb  aa_expio.o [1]
AttnCS0Val              0x2001b278     0x4  Data  Gb  aa_expio.o [1]
AttnCS1Val              0x2001b27c     0x4  Data  Gb  aa_expio.o [1]
AttnDataOutput          0x0800fd2d   0x1e8  Code  Gb  aa_expio.o [1]
AttnOffsetTable         0x2000a87c     0x4  Data  Gb  aa_protocol.o [1]
AttnOffsetTableB        0x20019cac   0x2f4  Data  Gb  aa_protocol.o [1]
AttnTempTable           0x2000a880     0x4  Data  Gb  aa_protocol.o [1]
AttnTempTableB          0x2001aca4    0x90  Data  Gb  aa_protocol.o [1]
AutoResetCheck          0x08012ee9    0x26  Code  Gb  cdma.o [1]
AutoResetCnt            0x2001b23c     0x4  Data  Gb  cdma.o [1]
AutoResetFlg            0x2001b229     0x1  Data  Gb  cdma.o [1]
AutoRptChk              0x08013759    0xc6  Code  Gb  cdma.o [1]
AutoTimeChk             0x080136e1    0x78  Code  Gb  cdma.o [1]
Auto_ResetCheckInit     0x08012e35    0x48  Code  Gb  cdma.o [1]
Average_Sum             0x0801ac39    0x28  Code  Gb  adcFunc.o [1]
Average_Sum_Test        0x080127dd    0x48  Code  Gb  aa_alc.o [1]
BcMEsnNum               0x2000a7d8     0x8  Data  Gb  bell860s_v0112.o [1]
BcMFreqStateCheck       0x0801ce6d   0xc3a  Code  Gb  bell860s_v0112.o [1]
BcMMaker                0x2000a7c7     0x1  Data  Gb  bell860s_v0112.o [1]
BcMPilotStateCheck      0x0801dab1   0x41c  Code  Gb  bell860s_v0112.o [1]
BcMPilotStatus          0x2000a888     0x4  Data  Gb  bell860s_v0112.o [1]
BcMPilotStatusB         0x2001b1f8    0x10  Data  Gb  bell860s_v0112.o [1]
BcMRfStatus             0x2000a808     0x4  Data  Gb  bell860s_v0112.o [1]
BcMRfStatusB            0x2001af5c    0x44  Data  Gb  bell860s_v0112.o [1]
BcMRtryNo               0x2000a7c6     0x1  Data  Gb  bell860s_v0112.o [1]
BcMSrcTel               0x2000a7cc     0xc  Data  Gb  bell860s_v0112.o [1]
BcMTimerRx              0x2000a7f4     0x2  Data  Gb  bell860s_v0112.o [1]
BcMType                 0x2000a7c8     0x1  Data  Gb  bell860s_v0112.o [1]
BcMVerNum               0x2000a7c0     0x4  Data  Gb  bell860s_v0112.o [1]
BcMdebug                0x2000a7c4     0x1  Data  Gb  bell860s_v0112.o [1]
BcMdemCalling           0x0801e0c9    0xae  Code  Gb  bell860s_v0112.o [1]
BcMdemCommad            0x0801e1a5   0x190  Code  Gb  bell860s_v0112.o [1]
BcMdemDataProtocolCheck
                        0x0801ca65   0x3ac  Code  Gb  bell860s_v0112.o [1]
BcMdemDebug             0x0801c10d    0x10  Code  Gb  bell860s_v0112.o [1]
BcMdemInit              0x0801c11d   0x108  Code  Gb  bell860s_v0112.o [1]
BcMdemMSGSentTx         0x0801c363    0xd2  Code  Gb  bell860s_v0112.o [1]
BcMdemMSGTx             0x0801c291    0xd2  Code  Gb  bell860s_v0112.o [1]
BcMdemRecv              0x0801e4b3   0x178  Code  Gb  bell860s_v0112.o [1]
BcMdemSyncCheck         0x0801c68b   0x266  Code  Gb  bell860s_v0112.o [1]
BcMdemSyncProtocolCheck
                        0x0801c5a3    0x6c  Code  Gb  bell860s_v0112.o [1]
BcMdemSyncProtocolCheck1
                        0x0801c60f    0x68  Code  Gb  bell860s_v0112.o [1]
BcMdemSyncProtocolCheck_Mode
                        0x0801e8dd    0x82  Code  Gb  bell860s_v0112.o [1]
BcMdemTCPRxCheck1       0x0801c4fd    0x9c  Code  Gb  bell860s_v0112.o [1]
BcMdemTCPTx             0x0801c475    0x70  Code  Gb  bell860s_v0112.o [1]
BcMdemTcpConnect        0x0801decd   0x116  Code  Gb  bell860s_v0112.o [1]
BcMdemTcpExit           0x0801e035    0x7c  Code  Gb  bell860s_v0112.o [1]
BcMdemXmit              0x0801c261    0x30  Code  Gb  bell860s_v0112.o [1]
BcMpresentTime          0x2000a804     0x4  Data  Gb  bell860s_v0112.o [1]
BcMpresentTimeB         0x2001b1c4    0x14  Data  Gb  bell860s_v0112.o [1]
BcdemPilotGet           0x0801e62b    0x36  Code  Gb  bell860s_v0112.o [1]
BcdemRfStsGet           0x0801e441    0x72  Code  Gb  bell860s_v0112.o [1]
BcdemTimeGet            0x0801e3bd    0x84  Code  Gb  bell860s_v0112.o [1]
BlinkFlag               0x2001b190     0x1  Data  Gb  aa_alc.o [1]
BootAlarmFlag           0x2001b228     0x1  Data  Gb  cdma.o [1]
BubbleSort              0x0801ac05    0x34  Code  Gb  adcFunc.o [1]
BusFaultException       0x080243f3     0x2  Code  Gb  stm32f2xx_it_1208.o [1]
CAN2_RX0_IRQHandler     0x080244dd     0x2  Code  Gb  stm32f2xx_it_1208.o [1]
CAN2_RX1_IRQHandler     0x080244df     0x2  Code  Gb  stm32f2xx_it_1208.o [1]
CAN2_SCE_IRQHandler     0x080244e1     0x2  Code  Gb  stm32f2xx_it_1208.o [1]
CAN2_TX_IRQHandler      0x080244db     0x2  Code  Gb  stm32f2xx_it_1208.o [1]
CAN_RX1_IRQHandler      0x08024481     0x2  Code  Gb  stm32f2xx_it_1208.o [1]
CAN_SCE_IRQHandler      0x08024483     0x2  Code  Gb  stm32f2xx_it_1208.o [1]
CDMATaskStk             0x20012870   0x400  Data  Lc  cdma.o [1]
COMTestFunc             0x08023099    0x80  Code  Gb  aa_test.o [1]
CPU_CntLeadZeros        0x0801fd57          Code  Gb  cpu_a.o [1]
CPU_IntDis              0x0801fd41          Code  Gb  cpu_a.o [1]
CPU_IntEn               0x0801fd45          Code  Gb  cpu_a.o [1]
CPU_RevBits             0x0801fd5d          Code  Gb  cpu_a.o [1]
CPU_SR_Restore          0x0801fd51          Code  Gb  cpu_a.o [1]
CPU_SR_Save             0x0801fd49          Code  Gb  cpu_a.o [1]
CPU_WaitForExcept       0x0801fd67          Code  Gb  cpu_a.o [1]
CPU_WaitForInt          0x0801fd63          Code  Gb  cpu_a.o [1]
CRC_16_Table            0x080184b4   0x200  Data  Gb  aa_serial1.o [1]
CRYP_IRQHandler         0x080244fb     0x2  Code  Gb  stm32f2xx_it_1208.o [1]
CSTACK$$Base            0x200084d0           --   Gb  - Linker created -
CSTACK$$Limit           0x200089d0           --   Gb  - Linker created -
CdmaFuncselect          0x08012929    0x38  Code  Gb  cdma.o [1]
CdmaModemHangUp         0x0801e18b     0x4  Code  Gb  bell860s_v0112.o [1]
CdmaModemTrafficCheck   0x0801e185     0x6  Code  Gb  bell860s_v0112.o [1]
CdmaSem                 0x2000f738     0x4  Data  Gb  cdma.o [1]
CheckSoftTimer          0x080170c5    0x5e  Code  Gb  lib_timer_1212.o [7]
CheckTime               0x08012e7d    0x5e  Code  Gb  cdma.o [1]
ChkAgcChange            0x2001b269     0x1  Data  Gb  aa_expio.o [1]
ChkAttChange            0x2001b268     0x1  Data  Gb  aa_expio.o [1]
ChkBandSelet_CDMALTE    0x2000a859     0x1  Data  Gb  aa_expio.o [1]
ChkBandSelet_LTE_A      0x2000a85a     0x1  Data  Gb  aa_expio.o [1]
ChkBandSelet_WCDMALTE_21
                        0x2000a85b     0x1  Data  Gb  aa_expio.o [1]
ChkISO                  0x2001ae5a     0x1  Data  Gb  aa_alc.o [1]
ChkISOSet               0x2001ae5b     0x1  Data  Gb  aa_alc.o [1]
ChkRvsOtherOverInAlarm  0x2001b1e7     0x1  Data  Gb  Alarm.o [1]
ChkRvsOverInAlarm       0x2001b1e4     0x1  Data  Gb  Alarm.o [1]
ChkTableAlarm           0x2000a893     0x1  Data  Gb  aa_expio.o [1]
Chk_Reset               0x2000a858     0x1  Data  Gb  aa_expio.o [1]
CommandInterpret        0x0802223d   0xa76  Code  Gb  aa_test.o [1]
Crc16Calc               0x0801a6af    0x4a  Code  Gb  lib_extdev_1208.o [7]
Crc_tbl                 0x0801a7f8   0x200  Data  Gb  lib_extdev_1208.o [7]
CurrAgcAttn_2G          0x2001b29b     0x1  Data  Gb  aa_alc.o [1]
CurrAgcAttn_3G          0x2001b29a     0x1  Data  Gb  aa_alc.o [1]
CurrAgcAttn_LTE         0x2001b29c     0x1  Data  Gb  aa_alc.o [1]
CurrAgcAttn_LTE_21      0x2001b29f     0x1  Data  Gb  aa_alc.o [1]
CurrAgcAttn_LTE_A1      0x2001b29d     0x1  Data  Gb  aa_alc.o [1]
CurrAgcAttn_LTE_A2      0x2001b29e     0x1  Data  Gb  aa_alc.o [1]
CurrAlarm               0x2001b1d8     0xc  Data  Gb  Alarm.o [1]
CurrFwdAttn1_2G         0x2000a80c     0x1  Data  Gb  aa_expio.o [1]
CurrFwdAttn1_3G         0x2000a824     0x1  Data  Gb  aa_expio.o [1]
CurrFwdAttn1_CDMALTE    0x2000a814     0x1  Data  Gb  aa_expio.o [1]
CurrFwdAttn1_LTE        0x2000a810     0x1  Data  Gb  aa_expio.o [1]
CurrFwdAttn1_LTEA       0x2000a820     0x1  Data  Gb  aa_expio.o [1]
CurrFwdAttn1_LTE_21     0x2000a828     0x1  Data  Gb  aa_expio.o [1]
CurrFwdAttn1_LTE_A1     0x2000a81c     0x1  Data  Gb  aa_expio.o [1]
CurrFwdAttn1_LTE_A2     0x2000a818     0x1  Data  Gb  aa_expio.o [1]
CurrFwdAttn1_WCDMALTE_21
                        0x2000a854     0x1  Data  Gb  aa_expio.o [1]
CurrFwdAttn2_2G         0x2000a80d     0x1  Data  Gb  aa_expio.o [1]
CurrFwdAttn2_3G         0x2000a825     0x1  Data  Gb  aa_expio.o [1]
CurrFwdAttn2_LTE        0x2000a811     0x1  Data  Gb  aa_expio.o [1]
CurrFwdAttn2_LTE_21     0x2000a829     0x1  Data  Gb  aa_expio.o [1]
CurrFwdAttn2_LTE_A1     0x2000a81d     0x1  Data  Gb  aa_expio.o [1]
CurrFwdAttn2_LTE_A2     0x2000a819     0x1  Data  Gb  aa_expio.o [1]
CurrModemOnOff          0x2000a85d     0x1  Data  Gb  aa_expio.o [1]
CurrRvsAlcAttn_2G       0x2001b2a1     0x1  Data  Gb  aa_alc.o [1]
CurrRvsAlcAttn_3G       0x2001b2a0     0x1  Data  Gb  aa_alc.o [1]
CurrRvsAlcAttn_LTE      0x2001b2a2     0x1  Data  Gb  aa_alc.o [1]
CurrRvsAlcAttn_LTE_21   0x2001b2a5     0x1  Data  Gb  aa_alc.o [1]
CurrRvsAlcAttn_LTE_A1   0x2001b2a3     0x1  Data  Gb  aa_alc.o [1]
CurrRvsAlcAttn_LTE_A2   0x2001b2a4     0x1  Data  Gb  aa_alc.o [1]
CurrRvsAttn1_2G         0x2000a80e     0x1  Data  Gb  aa_expio.o [1]
CurrRvsAttn1_3G         0x2000a826     0x1  Data  Gb  aa_expio.o [1]
CurrRvsAttn1_CDMALTE    0x2000a815     0x1  Data  Gb  aa_expio.o [1]
CurrRvsAttn1_LTE        0x2000a812     0x1  Data  Gb  aa_expio.o [1]
CurrRvsAttn1_LTEA       0x2000a821     0x1  Data  Gb  aa_expio.o [1]
CurrRvsAttn1_LTE_21     0x2000a82a     0x1  Data  Gb  aa_expio.o [1]
CurrRvsAttn1_LTE_A1     0x2000a81e     0x1  Data  Gb  aa_expio.o [1]
CurrRvsAttn1_LTE_A2     0x2000a81a     0x1  Data  Gb  aa_expio.o [1]
CurrRvsAttn1_WCDMALTE_21
                        0x2000a855     0x1  Data  Gb  aa_expio.o [1]
CurrRvsAttn2_2G         0x2000a80f     0x1  Data  Gb  aa_expio.o [1]
CurrRvsAttn2_3G         0x2000a827     0x1  Data  Gb  aa_expio.o [1]
CurrRvsAttn2_CDMALTE    0x2000a816     0x1  Data  Gb  aa_expio.o [1]
CurrRvsAttn2_LTE        0x2000a813     0x1  Data  Gb  aa_expio.o [1]
CurrRvsAttn2_LTEA       0x2000a822     0x1  Data  Gb  aa_expio.o [1]
CurrRvsAttn2_LTE_21     0x2000a82b     0x1  Data  Gb  aa_expio.o [1]
CurrRvsAttn2_LTE_A1     0x2000a81f     0x1  Data  Gb  aa_expio.o [1]
CurrRvsAttn2_LTE_A2     0x2000a81b     0x1  Data  Gb  aa_expio.o [1]
CurrRvsAttn2_WCDMALTE_21
                        0x2000a856     0x1  Data  Gb  aa_expio.o [1]
CurrRvsAttn3_CDMALTE    0x2000a817     0x1  Data  Gb  aa_expio.o [1]
CurrRvsAttn3_LTEA       0x2000a823     0x1  Data  Gb  aa_expio.o [1]
CurrRvsAttn3_WCDMALTE_21
                        0x2000a857     0x1  Data  Gb  aa_expio.o [1]
CurrentInputStatus      0x08023129   0x126  Code  Gb  aa_test.o [1]
DCFailCnt               0x2001b2b3     0x1  Data  Gb  aa_expio.o [1]
DCMI_IRQHandler         0x080244f9     0x2  Code  Gb  stm32f2xx_it_1208.o [1]
DMA2_Stream0_IRQHandler
                        0x080244cd     0x2  Code  Gb  stm32f2xx_it_1208.o [1]
DMA2_Stream1_IRQHandler
                        0x080244cf     0x2  Code  Gb  stm32f2xx_it_1208.o [1]
DMA2_Stream2_IRQHandler
                        0x080244d1     0x2  Code  Gb  stm32f2xx_it_1208.o [1]
DMA2_Stream3_IRQHandler
                        0x080244d3     0x2  Code  Gb  stm32f2xx_it_1208.o [1]
DMA2_Stream4_IRQHandler
                        0x080244d5     0x2  Code  Gb  stm32f2xx_it_1208.o [1]
DMA2_Stream5_IRQHandler
                        0x080244e5     0x2  Code  Gb  stm32f2xx_it_1208.o [1]
DMA2_Stream6_IRQHandler
                        0x080244e7     0x2  Code  Gb  stm32f2xx_it_1208.o [1]
DMA2_Stream7_IRQHandler
                        0x080244e9     0x2  Code  Gb  stm32f2xx_it_1208.o [1]
DMAChannel1_IRQHandler  0x0802446b     0x2  Code  Gb  stm32f2xx_it_1208.o [1]
DMAChannel2_IRQHandler  0x0802446d     0x2  Code  Gb  stm32f2xx_it_1208.o [1]
DMAChannel3_IRQHandler  0x0802446f     0x2  Code  Gb  stm32f2xx_it_1208.o [1]
DMAChannel4_IRQHandler  0x08024471     0x2  Code  Gb  stm32f2xx_it_1208.o [1]
DMAChannel5_IRQHandler  0x08024473     0x2  Code  Gb  stm32f2xx_it_1208.o [1]
DMAChannel6_IRQHandler  0x08024475     0x2  Code  Gb  stm32f2xx_it_1208.o [1]
DMAChannel7_IRQHandler  0x08024477     0x2  Code  Gb  stm32f2xx_it_1208.o [1]
DNMode                  0x2001b2bb     0x1  Data  Gb  cdma.o [1]
DNModeCnt               0x20009de8     0x4  Data  Gb  cdma.o [1]
DNModeMaxCnt            0x20009dec     0x4  Data  Gb  cdma.o [1]
DTUGetSpecData          0x080163cf    0xe2  Code  Gb  apl_dtu.o [1]
DTUInitCheck            0x080161f3   0x1dc  Code  Gb  apl_dtu.o [1]
DTULinkFailCnt          0x2000a775     0x1  Data  Gb  apl_dtu.o [1]
DTUStatusUpdate         0x080164b1   0x536  Code  Gb  apl_dtu.o [1]
DTUStatustoIO           0x0800f92f   0x372  Code  Gb  aa_expio.o [1]
DTUSwResetFunc          0x080161a7    0x4c  Code  Gb  apl_dtu.o [1]
DTUTest                 0x2001b020     0x1  Data  Gb  aa_test.o [1]
DTU_ReadData            0x08016b13   0x134  Code  Gb  apl_dtu.o [1]
DTU_WriteData           0x080169e7   0x12c  Code  Gb  apl_dtu.o [1]
DataConv                0x08014957    0x2e  Code  Gb  cdma.o [1]
DataCount               0x200089ec     0x4  Data  Gb  aa_serial1.o [1]
DebugMonitor            0x080243f7     0x2  Code  Gb  stm32f2xx_it_1208.o [1]
DefaultTable            0x0800d8d5   0x6dc  Code  Gb  aa_Table.o [1]
DefaultTableSet         0x0800d76d   0x15e  Code  Gb  aa_Table.o [1]
DefaultValueSet         0x0800d5f7   0x176  Code  Gb  aa_Table.o [1]
DigitalInputDiplay      0x080235ff    0xb4  Code  Gb  aa_test.o [1]
DnReceiveData           0x08017609   0x32c  Code  Gb  aa_serial1.o [1]
Dnr0_ReadPwrTable       0x08011b73   0x196  Code  Gb  aa_alc.o [1]
DnrAlarmCheckUpdate     0x0801a5cb    0x3e  Code  Gb  Alarm.o [1]
DnrAlarmReport          0x08014fc1   0x684  Code  Gb  cdma.o [1]
DnrIpAddressAck         0x08013bcd    0x90  Code  Gb  cdma.o [1]
DnrPacketReadyFunc      0x08013c5d    0x58  Code  Gb  cdma.o [1]
DnrSMS2Data             0x08012961    0x92  Code  Gb  cdma.o [1]
DnrSmsTask              0x080129f5   0x404  Code  Gb  cdma.o [1]
DnrVerString            0x2000a88c     0x4  Data  Gb  cdma.o [1]
DownFlagSet             0x0801a691    0x18  Code  Gb  lib_extdev_1208.o [7]
DownLoadBootingJump     0x0801a7e1     0xe  Code  Gb  lib_extdev_1208.o [7]
DownLoadGiveupTimerChk1
                        0x08017285    0x1a  Code  Gb  aa_serial1.o [1]
DownLoadGiveupTimerSet  0x0801726d    0x18  Code  Gb  aa_serial1.o [1]
DownLoadTargetID        0x200089d4     0x1  Data  Gb  aa_serial1.o [1]
DownLoadTotalSize       0x200089f0     0x4  Data  Gb  aa_serial1.o [1]
DownPageData            0x20012c70  0x2000  Data  Gb  aa_serial1.o [1]
DownloadFlagClr         0x0801a6a9     0x6  Code  Gb  lib_extdev_1208.o [7]
DownloadFlagSetExtSRAM  0x0801a78d    0x14  Code  Gb  lib_extdev_1208.o [7]
DownloadFunc            0x080172af   0x2f4  Code  Gb  aa_serial1.o [1]
DtuInit                 0x080160ed    0x10  Code  Gb  apl_dtu.o [1]
DtuStsUpdate            0x08016139    0x6e  Code  Gb  apl_dtu.o [1]
DtuTask                 0x080160fd    0x3c  Code  Gb  apl_dtu.o [1]
DtuTaskStk              0x20007e70   0x200  Data  Lc  apl_dtu.o [1]
EEpromInit              0x0800e3d5    0x2a  Code  Gb  lib_24c64_1208.o [7]
ETH_IRQHandler          0x080244d7     0x2  Code  Gb  stm32f2xx_it_1208.o [1]
ETH_WKUP_IRQHandler     0x080244d9     0x2  Code  Gb  stm32f2xx_it_1208.o [1]
EXTI0_IRQHandler        0x08024425    0x36  Code  Gb  stm32f2xx_it_1208.o [1]
EXTI15_10_IRQHandler    0x080244ab     0x2  Code  Gb  stm32f2xx_it_1208.o [1]
EXTI1_IRQHandler        0x08024463     0x2  Code  Gb  stm32f2xx_it_1208.o [1]
EXTI2_IRQHandler        0x08024465     0x2  Code  Gb  stm32f2xx_it_1208.o [1]
EXTI3_IRQHandler        0x08024467     0x2  Code  Gb  stm32f2xx_it_1208.o [1]
EXTI4_IRQHandler        0x08024469     0x2  Code  Gb  stm32f2xx_it_1208.o [1]
EXTI9_5_IRQHandler      0x08024485     0x2  Code  Gb  stm32f2xx_it_1208.o [1]
EXTI_GetITStatus        0x08024501    0x16  Code  Gb  stm32f2xx_exti.o [6]
EcIoFlag                0x2001ad49     0x1  Data  Gb  cdma.o [1]
EcIoNew                 0x2001ad48     0x1  Data  Gb  cdma.o [1]
EcIoOld                 0x2001ad4a     0x1  Data  Gb  cdma.o [1]
EsnChecksumH            0x2001b290     0x1  Data  Gb  cdma.o [1]
EsnChecksumL            0x2001b291     0x1  Data  Gb  cdma.o [1]
ExpSem                  0x2001b26c     0x4  Data  Gb  aa_expio.o [1]
ExpioCS0                0x08016fec    0x50  Data  Gb  apl_dtu.o [1]
ExpioInit               0x0800e6ed    0x22  Code  Gb  aa_expio.o [1]
ExpioModeChanege        0x0801bd41    0xc6  Code  Gb  exlib.o [1]
ExpioSem                0x2001b280     0x4  Data  Gb  aa_expio.o [1]
ExpioTask               0x0800e711   0x1bc  Code  Gb  aa_expio.o [1]
ExpioTaskStk            0x20006e70   0x600  Data  Lc  aa_expio.o [1]
ExtSRAM_DataWrite       0x0801a6f9    0x48  Code  Gb  lib_extdev_1208.o [7]
FLASH_IRQHandler        0x08024421     0x2  Code  Gb  stm32f2xx_it_1208.o [1]
FPGASpi                 0x20019984     0x8  Data  Gb  aa_iAPD.o [1]
FSKDebug                0x200089d0     0x1  Data  Gb  aa_serial1.o [1]
FSMC_IRQHandler         0x080244bb     0x2  Code  Gb  stm32f2xx_it_1208.o [1]
FSMC_NORSRAMCmd         0x08023e0d    0x14  Code  Gb  stm32f2xx_fsmc.o [6]
FSMC_NORSRAMInit        0x08023d55    0xb8  Code  Gb  stm32f2xx_fsmc.o [6]
FTPDownloadheck         0x08015d11    0x86  Code  Gb  cdma.o [1]
FTPFileSize             0x20009de4     0x4  Data  Gb  cdma.o [1]
FTPFileSizeRxCheck      0x0801e7b5   0x128  Code  Gb  bell860s_v0112.o [1]
FTPFrameCnt             0x20009dd2     0x2  Data  Gb  cdma.o [1]
FTPGetRxCheck           0x0801e965    0xea  Code  Gb  bell860s_v0112.o [1]
FTPMode                 0x2001b22a     0x1  Data  Gb  cdma.o [1]
FTPRxProtocolCheck      0x08015649    0xf0  Code  Gb  cdma.o [1]
FTPSts                  0x0801578f   0x572  Code  Gb  cdma.o [1]
FTPTotFrame             0x20009dd4     0x2  Data  Gb  cdma.o [1]
FTP_Mode                0x08015db5   0x24e  Code  Gb  cdma.o [1]
FilterCoefficientWrite  0x08016c47   0x11a  Code  Gb  apl_dtu.o [1]
FilterDataBuff          0x20016c70  0x1388  Data  Gb  aa_serial1.o [1]
FilterOperating         0x08016d61    0x20  Code  Gb  apl_dtu.o [1]
FilterRxCheck           0x08016d89   0x1ae  Code  Gb  apl_dtu.o [1]
FilterTable             0x2000a884     0x4  Data  Gb  aa_protocol.o [1]
FilterTableB            0x20018ff8   0x500  Data  Gb  aa_protocol.o [1]
FirstCheckFlag          0x2001b2ad     0x1  Data  Gb  aa_expio.o [1]
FirstFlag               0x2001b22d     0x1  Data  Gb  cdma.o [1]
FirstPNCheckFlag        0x2001b2ac     0x1  Data  Gb  aa_expio.o [1]
FlagAmpOnOff_2G         0x2001b292     0x1  Data  Gb  aa_alc.o [1]
FlagAmpOnOff_3G         0x2001b293     0x1  Data  Gb  aa_alc.o [1]
FlagAmpOnOff_LTE        0x2001b294     0x1  Data  Gb  aa_alc.o [1]
FlagAmpOnOff_LTE_21     0x2001b296     0x1  Data  Gb  aa_alc.o [1]
FlagAmpOnOff_LTE_A2     0x2001b295     0x1  Data  Gb  aa_alc.o [1]
FlashSwcrc16            0x20019982     0x2  Data  Gb  aa_iAPD.o [1]
FlashTotFrame           0x20019980     0x2  Data  Gb  aa_iAPD.o [1]
ForDelay                0x0801721d    0x12  Code  Gb  lib_timer_1212.o [7]
FrameCnt                0x200089d6     0x2  Data  Gb  aa_serial1.o [1]
FreqAlarmCheckRpt       0x0801451f    0x4e  Code  Gb  cdma.o [1]
FreqAlarmRptFunc        0x0801458d   0x1f8  Code  Gb  cdma.o [1]
FrontLEDDisplay         0x08011351   0x4c4  Code  Gb  aa_alc.o [1]
FrontLEDStausUpdate     0x08011815   0x29c  Code  Gb  aa_alc.o [1]
FwdAttn1_CDMALTE_TBL    0x0800e154    0x40  Data  Gb  aa_Table.o [1]
FwdAttn1_LTE_A2_TBL     0x0800e1d4    0x40  Data  Gb  aa_Table.o [1]
FwdAttn1_WCDMA_TBL      0x0800e2d4    0x40  Data  Gb  aa_Table.o [1]
FwdOutPwrTemp_CDMA      0x0802451c    0x18  Data  Gb  aa_Table.o [1]
FwdOutPwrTemp_LTE       0x0802454c    0x18  Data  Gb  aa_Table.o [1]
FwdOutPwrTemp_LTE_21    0x080245ac    0x18  Data  Gb  aa_Table.o [1]
FwdOutPwrTemp_LTE_A2    0x080245dc    0x18  Data  Gb  aa_Table.o [1]
FwdOutPwrTemp_WCDMA     0x0802457c    0x18  Data  Gb  aa_Table.o [1]
FwdOutPwr_CDMALTE_TBL   0x0800dfc4    0x2c  Data  Gb  aa_Table.o [1]
FwdOutPwr_WCDMA_TBL     0x0800e09c    0x28  Data  Gb  aa_Table.o [1]
FwdTempAtt_CDMA_TBL     0x0800e0c4    0x18  Data  Gb  aa_Table.o [1]
FwdTempAtt_LTE_A2_TBL   0x0800e0f4    0x18  Data  Gb  aa_Table.o [1]
FwdTempAtt_WCDMA_TBL    0x0800e124    0x18  Data  Gb  aa_Table.o [1]
GMMLockOrder            0x2001b192     0x1  Data  Gb  bell860s_v0112.o [1]
GPIOPortInit            0x08018811    0x62  Code  Gb  stm32f2xx_gpio_1212.o [6]
GPIO_PinAFConfig        0x080187e9    0x28  Code  Gb  stm32f2xx_gpio_1212.o [6]
GainAttnCalculation     0x0800ff37     0xc  Code  Gb  aa_expio.o [1]
GenAidData              0x0800d0ed    0x24  Code  Gb  aa_protocol.o [1]
GenAidData16            0x0800d111    0x16  Code  Gb  aa_protocol.o [1]
GenAidData16Bit         0x0800d127    0x34  Code  Gb  aa_protocol.o [1]
GenAidData32Bit         0x0800d161    0x1e  Code  Gb  aa_protocol.o [1]
GenBodyFrame            0x08018269    0x70  Code  Gb  aa_serial1.o [1]
GenDnrAidSts            0x08008185  0x1896  Code  Gb  aa_protocol.o [1]
GenEtc1StsAid           0x08014dad    0xb2  Code  Gb  cdma.o [1]
GenSmsStsAidSts_1St     0x0801499b   0x206  Code  Gb  cdma.o [1]
GenSmsStsAidSts_2St     0x08014ba9   0x1ce  Code  Gb  cdma.o [1]
GenWaveStsAid           0x08014e5f    0xba  Code  Gb  cdma.o [1]
GetCommand              0x080221ad    0x90  Code  Gb  aa_test.o [1]
HASH_RNG_IRQHandler     0x080244fd     0x2  Code  Gb  stm32f2xx_it_1208.o [1]
HardFaultException      0x080243ef     0x2  Code  Gb  stm32f2xx_it_1208.o [1]
HostStation             0x2001b208    0x10  Data  Gb  cdma.o [1]
HwTestOutFunc           0x0802326d   0x38c  Code  Gb  aa_test.o [1]
I2C1_ER_IRQHandler      0x08024497     0x2  Code  Gb  stm32f2xx_it_1208.o [1]
I2C1_EV_IRQHandler      0x08024495     0x2  Code  Gb  stm32f2xx_it_1208.o [1]
I2C2_ER_IRQHandler      0x0802449b     0x2  Code  Gb  stm32f2xx_it_1208.o [1]
I2C2_EV_IRQHandler      0x08024499     0x2  Code  Gb  stm32f2xx_it_1208.o [1]
I2C3_ER_IRQHandler      0x080244ef     0x2  Code  Gb  stm32f2xx_it_1208.o [1]
I2C3_EV_IRQHandler      0x080244ed     0x2  Code  Gb  stm32f2xx_it_1208.o [1]
ICCIDNum                0x2000a7e0    0x14  Data  Gb  bell860s_v0112.o [1]
ISOCnt                  0x2001b2a8     0x1  Data  Gb  aa_expio.o [1]
ISOCntInit              0x2001b2b4     0x1  Data  Gb  aa_expio.o [1]
ISOConversion           0x2001ae5e     0x1  Data  Gb  aa_alc.o [1]
ISODebug                0x200089d1     0x1  Data  Gb  aa_serial1.o [1]
ISOManualCnt            0x2001b2b8     0x1  Data  Gb  apl_dtu.o [1]
ISOOnOffMode            0x2001ae5d     0x1  Data  Gb  aa_alc.o [1]
ISOOnOffStart           0x2001ae5c     0x1  Data  Gb  aa_alc.o [1]
ISOStartCnt             0x2001b2a9     0x1  Data  Gb  aa_expio.o [1]
ISO_DATA                0x2001afa0    0x40  Data  Gb  aa_expio.o [1]
IWDG_Enable             0x0801f669     0xa  Code  Gb  stm32f2xx_iwdg.o [6]
IWDG_ReloadCounter      0x0801f65f     0xa  Code  Gb  stm32f2xx_iwdg.o [6]
IWDG_SetPrescaler       0x0801f653     0x6  Code  Gb  stm32f2xx_iwdg.o [6]
IWDG_SetReload          0x0801f659     0x6  Code  Gb  stm32f2xx_iwdg.o [6]
IWDG_WriteAccessCmd     0x0801f64d     0x6  Code  Gb  stm32f2xx_iwdg.o [6]
ImageCheck              0x200089d5     0x1  Data  Gb  aa_serial1.o [1]
InitAFIO                0x080206e5    0x48  Code  Gb  main.o [1]
InitAverOffset          0x2000a79c    0x24  Data  Gb  apl_dtu.o [1]
InitGPIO                0x0802072d   0x2e4  Code  Gb  main.o [1]
InitLedDisplay          0x2001ae58     0x1  Data  Gb  aa_alc.o [1]
InitLedStep             0x2001ae59     0x1  Data  Gb  aa_alc.o [1]
InitPeakOffset          0x2000a778    0x24  Data  Gb  apl_dtu.o [1]
InitPwrAlarm            0x2000a891     0x1  Data  Gb  cdma.o [1]
InitStm32f103           0x080206c9    0x1c  Code  Gb  main.o [1]
InitSysTick             0x080220b9    0x32  Code  Gb  stm32f0xx_core.o [6]
InitUSART1              0x0801eb95    0xb4  Code  Gb  stm32f2xx_usart1_1208.o [6]
InitUSART3              0x080240f5    0xb4  Code  Gb  stm32f2xx_usart3_1208.o [6]
InitUSART4              0x0801be4d    0x96  Code  Gb  stm32f2xx_usart4_1208.o [6]
Initialize              0x0800c585   0x17c  Code  Gb  aa_protocol.o [1]
IsItDTUInited           0x2000a774     0x1  Data  Gb  apl_dtu.o [1]
IsolationCheck          0x08012591   0x1ca  Code  Gb  aa_alc.o [1]
IsolationPathSelect     0x08012761    0x7c  Code  Gb  aa_alc.o [1]
LEDStatus               0x2001b188     0x8  Data  Gb  aa_alc.o [1]
LedDisplay              0x08020a71    0x28  Code  Gb  main.o [1]
LoadBackupData          0x0800c90d   0x724  Code  Gb  aa_protocol.o [1]
LoadTable               0x0800d4a3    0x96  Code  Gb  aa_Table.o [1]
LockOrder               0x2001b191     0x1  Data  Gb  bell860s_v0112.o [1]
LockOrderCnt            0x2001b22e     0x2  Data  Gb  cdma.o [1]
LongTimer               0x2001a738   0x190  Data  Gb  lib_timer_1212.o [7]
MainTaskStk             0x20008070   0x200  Data  Gb  stm32f2xx_main.o [6]
MemManageException      0x080243f1     0x2  Code  Gb  stm32f2xx_it_1208.o [1]
MinMaxAttnCheck         0x0800ff23    0x14  Code  Gb  aa_expio.o [1]
ModemBaudRateSet        0x0801e6d1    0x14  Code  Gb  bell860s_v0112.o [1]
ModemEsnCheck           0x080139a1    0xc2  Code  Gb  cdma.o [1]
ModemFTPFileErase       0x0801e739     0xe  Code  Gb  bell860s_v0112.o [1]
ModemFTPFileGet         0x0801e775    0x40  Code  Gb  bell860s_v0112.o [1]
ModemFTPOpen            0x0801e6e5    0x54  Code  Gb  bell860s_v0112.o [1]
ModemFTPSize            0x0801e74d     0xc  Code  Gb  bell860s_v0112.o [1]
ModemLockOrder          0x0801e197     0x6  Code  Gb  bell860s_v0112.o [1]
ModemPwrOFF             0x0801e19d     0x6  Code  Gb  bell860s_v0112.o [1]
ModemSer                0x20009ddc     0x4  Data  Gb  cdma.o [1]
ModemSerB               0x2000f6f8    0x40  Data  Gb  cdma.o [1]
ModemType               0x2000a7c9     0x1  Data  Gb  bell860s_v0112.o [1]
ModuleDnReceiveData     0x080179d1   0x1ea  Code  Gb  aa_serial1.o [1]
MonStr                  0x2001ac00    0xa4  Data  Gb  aa_test.o [1]
N25QSpi                 0x20019970     0x8  Data  Gb  aa_iAPD.o [1]
NACKEEprom              0x0800e55d    0x16  Code  Gb  lib_24c64_1208.o [7]
NMIException            0x080243ed     0x2  Code  Gb  stm32f2xx_it_1208.o [1]
NVIC_Init               0x0801fd21    0x18  Code  Gb  stm32f2xx_nvic_1208.o [6]
OSCPUUsage              0x20008490     0x1  Data  Gb  os_core.o [1]
OSCtxSw                 0x0801f007          Code  Gb  os_cpu_a.o [1]
OSCtxSwCtr              0x200084a0     0x4  Data  Gb  os_core.o [1]
OSDebugEn               0x08017256     0x2  Data  Gb  os_dbg.o [1]
OSEventFreeList         0x2000626c     0x4  Data  Gb  os_core.o [1]
OSEventTbl              0x20005c9c   0x1e0  Data  Gb  os_core.o [1]
OSFlagFreeList          0x200084c4     0x4  Data  Gb  os_core.o [1]
OSFlagTbl               0x20008324    0x8c  Data  Gb  os_core.o [1]
OSIdleCtr               0x200084ac     0x4  Data  Gb  os_core.o [1]
OSIdleCtrMax            0x200084a4     0x4  Data  Gb  os_core.o [1]
OSIdleCtrRun            0x200084a8     0x4  Data  Gb  os_core.o [1]
OSInit                  0x0801f07d   0x142  Code  Gb  os_core.o [1]
OSInitHookEnd           0x0801fca1     0x2  Code  Gb  os_cpu_c.o [1]
OSIntCtxSw              0x0801f00f          Code  Gb  os_cpu_a.o [1]
OSIntExit               0x0801f1bf    0x4e  Code  Gb  os_core.o [1]
OSIntNesting            0x20008492     0x1  Data  Gb  os_core.o [1]
OSLockNesting           0x20008493     0x1  Data  Gb  os_core.o [1]
OSMemFreeList           0x200084c8     0x4  Data  Gb  os_core.o [1]
OSMemTbl                0x20008270    0xb4  Data  Gb  os_core.o [1]
OSPrioCur               0x20008494     0x1  Data  Gb  os_core.o [1]
OSPrioHighRdy           0x20008495     0x1  Data  Gb  os_core.o [1]
OSQFreeList             0x200084cc     0x4  Data  Gb  os_core.o [1]
OSQTbl                  0x20008430    0x60  Data  Gb  os_core.o [1]
OSRdyGrp                0x20008496     0x1  Data  Gb  os_core.o [1]
OSRdyTbl                0x2000849c     0x4  Data  Gb  os_core.o [1]
OSRunning               0x20008497     0x1  Data  Gb  os_core.o [1]
OSSemCreate             0x080186b5    0x38  Code  Gb  os_sem.o [1]
OSSemPend               0x080186ed    0x92  Code  Gb  os_sem.o [1]
OSSemPost               0x08018791    0x4e  Code  Gb  os_sem.o [1]
OSStart                 0x0801f20d    0x28  Code  Gb  os_core.o [1]
OSStartHighRdy          0x0801efeb          Code  Gb  os_cpu_a.o [1]
OSStatRdy               0x20008491     0x1  Data  Gb  os_core.o [1]
OSTCBCur                0x200084b0     0x4  Data  Gb  os_core.o [1]
OSTCBFreeList           0x200084b4     0x4  Data  Gb  os_core.o [1]
OSTCBHighRdy            0x200084b8     0x4  Data  Gb  os_core.o [1]
OSTCBList               0x200084bc     0x4  Data  Gb  os_core.o [1]
OSTCBPrioTbl            0x200083b0    0x80  Data  Gb  os_core.o [1]
OSTCBTbl                0x20005e7c   0x3f0  Data  Gb  os_core.o [1]
OSTaskCreate            0x08018875    0x88  Code  Gb  os_task.o [1]
OSTaskCtr               0x20008498     0x1  Data  Gb  os_core.o [1]
OSTaskIdleStk           0x20006470   0x200  Data  Gb  os_core.o [1]
OSTaskStatStk           0x20006270   0x200  Data  Gb  os_core.o [1]
OSTaskStkInit           0x0801fca3    0x78  Code  Gb  os_cpu_c.o [1]
OSTaskSwHook            0x0801fd1b     0x2  Code  Gb  os_cpu_c.o [1]
OSTickStepState         0x20008499     0x1  Data  Gb  os_core.o [1]
OSTime                  0x200084c0     0x4  Data  Gb  os_core.o [1]
OSTimeDly               0x0801703d    0x42  Code  Gb  os_time.o [1]
OSTimeTick              0x0801f235    0x86  Code  Gb  os_core.o [1]
OSTimeTickHook          0x0801fd1d     0x2  Code  Gb  os_cpu_c.o [1]
OSUnMapTbl              0x0801f54c   0x100  Data  Gb  os_core.o [1]
OS_CPU_PendSVHandler    0x0801f017          Code  Gb  os_cpu_a.o [1]
OS_CPU_SR_Restore       0x0801efe5          Code  Gb  os_cpu_a.o [1]
OS_CPU_SR_Save          0x0801efdd          Code  Gb  os_cpu_a.o [1]
OS_EventTOAbort         0x0801f369    0x36  Code  Gb  os_core.o [1]
OS_EventTaskRdy         0x0801f2bb    0x70  Code  Gb  os_core.o [1]
OS_EventTaskWait        0x0801f32b    0x3e  Code  Gb  os_core.o [1]
OS_EventWaitListInit    0x0801f39f     0xc  Code  Gb  os_core.o [1]
OS_FlagInit             0x0802060d    0x42  Code  Gb  os_flag.o [1]
OS_MemClr               0x0801f3ab    0x12  Code  Gb  os_core.o [1]
OS_MemInit              0x08020659    0x38  Code  Gb  os_mem.o [1]
OS_QInit                0x08020699    0x28  Code  Gb  os_q.o [1]
OS_Sched                0x0801f3bd    0x38  Code  Gb  os_core.o [1]
OS_SchedNew             0x0801f3fd    0x18  Code  Lc  os_core.o [1]
OS_TCBInit              0x0801f48f    0xb0  Code  Gb  os_core.o [1]
OS_TaskIdle             0x0801f415    0x20  Code  Gb  os_core.o [1]
OS_TaskStat             0x0801f435    0x5a  Code  Gb  os_core.o [1]
OTG_FS_IRQHandler       0x080244e3     0x2  Code  Gb  stm32f2xx_it_1208.o [1]
OTG_HS_EP1_IN_IRQHandler
                        0x080244f3     0x2  Code  Gb  stm32f2xx_it_1208.o [1]
OTG_HS_EP1_OUT_IRQHandler
                        0x080244f1     0x2  Code  Gb  stm32f2xx_it_1208.o [1]
OTG_HS_IRQHandler       0x080244f7     0x2  Code  Gb  stm32f2xx_it_1208.o [1]
OTG_HS_WKUP_IRQHandler  0x080244f5     0x2  Code  Gb  stm32f2xx_it_1208.o [1]
OneDayPeriod            0x2001b240     0x4  Data  Gb  cdma.o [1]
OneDayResetCnt          0x20009df0     0x4  Data  Gb  cdma.o [1]
OneOutPwrConv           0x08011ae1    0x28  Code  Gb  aa_alc.o [1]
OperatingFunc           0x0800e9e9   0x55e  Code  Gb  aa_expio.o [1]
OperatingFunc_DLAttn    0x0800ef47    0x7c  Code  Gb  aa_expio.o [1]
OperatingFunc_ULAttn    0x0800efc3    0x8c  Code  Gb  aa_expio.o [1]
OutputTable             0x2000a878     0x4  Data  Gb  aa_protocol.o [1]
OutputTableB            0x20019fa0   0x2dc  Data  Gb  aa_protocol.o [1]
PCA9555_Init            0x08018909    0x3a  Code  Gb  PCA9555.o [1]
PVD_IRQHandler          0x0802441b     0x2  Code  Gb  stm32f2xx_it_1208.o [1]
Parser                  0x08023791    0x46  Code  Gb  aa_test.o [1]
PastHour                0x20009dce     0x2  Data  Gb  cdma.o [1]
PastMin                 0x20009dd0     0x2  Data  Gb  cdma.o [1]
PcFreqStsRqstFlag       0x20009dc9     0x1  Data  Gb  cdma.o [1]
PcSer                   0x200089e0     0x4  Data  Gb  aa_serial1.o [1]
PcSerB                  0x2001afe0    0x40  Data  Gb  aa_serial1.o [1]
PeriodCnt               0x2001b2a7     0x1  Data  Gb  aa_expio.o [1]
PeriodReportCheck       0x0801a3a5    0x3a  Code  Gb  Alarm.o [1]
PeriodStart             0x20009dc2     0x1  Data  Gb  cdma.o [1]
Period_Check            0x0800e8cd   0x11c  Code  Gb  aa_expio.o [1]
PheripheralInit         0x08020a11    0x60  Code  Gb  main.o [1]
Pilot_Sts               0x2001ad94    0x10  Data  Gb  cdma.o [1]
Pll411xInit             0x08018ce9    0x14  Code  Gb  adf411x.o [1]
Pll411x_Output          0x08018cfd   0x126  Code  Gb  adf411x.o [1]
PnAlarm                 0x2001ad41     0x1  Data  Gb  cdma.o [1]
PnAlarmFlag             0x2001ad44     0x1  Data  Gb  cdma.o [1]
PnAlarmNew              0x2001ad43     0x1  Data  Gb  cdma.o [1]
PnAlarmOld              0x2001ad42     0x1  Data  Gb  cdma.o [1]
PnChangeCnt             0x2001ad40     0x1  Data  Gb  cdma.o [1]
Power_Sum               0x080120c5    0x4c  Code  Gb  aa_alc.o [1]
Pre_AC_Sts              0x2001b2aa     0x1  Data  Gb  aa_expio.o [1]
PresentDay              0x20009dc5     0x1  Data  Gb  cdma.o [1]
PresentHour             0x20009dc6     0x1  Data  Gb  cdma.o [1]
PresentMin              0x20009dc7     0x1  Data  Gb  cdma.o [1]
PresentMonth            0x20009dc4     0x1  Data  Gb  cdma.o [1]
PresentSec              0x20009dc3     0x1  Data  Gb  cdma.o [1]
PrintLogo               0x080236b9    0xc4  Code  Gb  aa_test.o [1]
PrintStar               0x0802377d     0x6  Code  Gb  aa_test.o [1]
PromptOut               0x08023783     0x4  Code  Gb  aa_test.o [1]
ProtocolCheck_1         0x08017d35   0x332  Code  Gb  aa_serial1.o [1]
ProtocolComCheck        0x080180a1   0x186  Code  Gb  aa_serial1.o [1]
PwrAlarm                0x2000a608    0x28  Data  Gb  Alarm.o [1]
PwrAlarmChange          0x2000a658    0x28  Data  Gb  Alarm.o [1]
PwrAlarmCnt             0x2000a6a8    0x28  Data  Gb  Alarm.o [1]
PwrAlarmFlag            0x2000a890     0x1  Data  Gb  cdma.o [1]
PwrAlarmPre             0x2000a630    0x28  Data  Gb  Alarm.o [1]
PwrAlarmTimer           0x2000a680    0x28  Data  Gb  Alarm.o [1]
PwrTableLocation        0x0800d5cf    0x28  Code  Gb  aa_Table.o [1]
RCC_GetClocksFreq       0x08020d19    0x7e  Code  Gb  stm32f2xx_rcc.o [6]
RCC_IRQHandler          0x08024423     0x2  Code  Gb  stm32f2xx_it_1208.o [1]
RPcsksio                0x200093d0   0x9dc  Data  Gb  aa_serial1.o [1]
RTCAlarm_IRQHandler     0x080244ad     0x2  Code  Gb  stm32f2xx_it_1208.o [1]
RTC_IRQHandler          0x0802441f     0x2  Code  Gb  stm32f2xx_it_1208.o [1]
RTcpBuff                0x20011e94   0x9dc  Data  Gb  cdma.o [1]
ReadAdcValue            0x080100d7   0x290  Code  Gb  aa_alc.o [1]
ReadAdcValue_TRIO       0x08010367   0xb7a  Code  Gb  aa_alc.o [1]
ReadEEprom              0x0800e43b     0xa  Code  Gb  lib_24c64_1208.o [7]
ReadEEpromData          0x0800e5ab    0x30  Code  Gb  lib_24c64_1208.o [7]
ReadEnvTempTable        0x0801abed    0x18  Code  Gb  adcFunc.o [1]
ReadPwrTableDnr         0x08011b3d    0x36  Code  Gb  aa_alc.o [1]
ReadSDA                 0x0800e6a5    0x26  Code  Gb  lib_24c64_1208.o [7]
Read_EEprom_16Addr_8Data
                        0x0800e4b5    0x88  Code  Gb  lib_24c64_1208.o [7]
ReadpPCA9555SDA         0x08018b5f    0x26  Code  Gb  PCA9555.o [1]
Region$$Table$$Base     0x08024804           --   Gb  - Linker created -
Region$$Table$$Limit    0x08024854           --   Gb  - Linker created -
ResetCaseBackup         0x08011ab1    0x24  Code  Gb  aa_alc.o [1]
ResetPeriodSet          0x0801290b    0x1e  Code  Gb  cdma.o [1]
Response_Table          0x0800d1ad   0x2c2  Code  Gb  aa_Table.o [1]
RetNormaltoSMSData      0x0801a681     0xe  Code  Gb  Alarm.o [1]
RetPower                0x08010029    0x14  Code  Gb  aa_expio.o [1]
Rf_sts                  0x2001ad50    0x44  Data  Gb  cdma.o [1]
RstPllClk               0x08018bc7    0x1e  Code  Gb  adf411x.o [1]
RstPllData              0x08018c0d    0x28  Code  Gb  adf411x.o [1]
RstPllEn                0x08018c8f    0x5a  Code  Gb  adf411x.o [1]
RstSCL                  0x0800e65b    0x14  Code  Gb  lib_24c64_1208.o [7]
RstSDA                  0x0800e68f    0x16  Code  Gb  lib_24c64_1208.o [7]
RstpPCA9555SCL          0x08018b4b    0x14  Code  Gb  PCA9555.o [1]
RstpPCA9555SDA          0x08018b1b    0x14  Code  Gb  PCA9555.o [1]
Rtcpsms                 0x200114b8   0x9dc  Data  Gb  cdma.o [1]
RvsAttn1_CDMALTE_TBL    0x0800e194    0x40  Data  Gb  aa_Table.o [1]
RvsAttn1_LTE_A2_TBL     0x0800e214    0x40  Data  Gb  aa_Table.o [1]
RvsAttn1_WCDMA_TBL      0x0800e314    0x40  Data  Gb  aa_Table.o [1]
RvsAttn2_LTE_A2_TBL     0x0800e254    0x40  Data  Gb  aa_Table.o [1]
RvsAttn2_WCDMA_TBL      0x0800e354    0x40  Data  Gb  aa_Table.o [1]
RvsAttn3_LTE_A2_TBL     0x0800e294    0x40  Data  Gb  aa_Table.o [1]
RvsAttn3_WCDMA_TBL      0x0800e394    0x40  Data  Gb  aa_Table.o [1]
RvsOtherOverInAlarmCnt  0x2001b1e6     0x1  Data  Gb  Alarm.o [1]
RvsOutPwrTemp_CDMA      0x08024534    0x18  Data  Gb  aa_Table.o [1]
RvsOutPwrTemp_LTE       0x08024564    0x18  Data  Gb  aa_Table.o [1]
RvsOutPwrTemp_LTE_21    0x080245c4    0x18  Data  Gb  aa_Table.o [1]
RvsOutPwrTemp_LTE_A2    0x080245f4    0x18  Data  Gb  aa_Table.o [1]
RvsOutPwrTemp_WCDMA     0x08024594    0x18  Data  Gb  aa_Table.o [1]
RvsOutPwr_CDMALTE_TBL   0x0800e070    0x2c  Data  Gb  aa_Table.o [1]
RvsOutPwr_WCDMA_TBL     0x0800dff0    0x54  Data  Gb  aa_Table.o [1]
RvsOverInAlarmCnt       0x2001b1e5     0x1  Data  Gb  Alarm.o [1]
RvsTempAtt_CDMA_TBL     0x0800e0dc    0x18  Data  Gb  aa_Table.o [1]
RvsTempAtt_LTE_A2_TBL   0x0800e10c    0x18  Data  Gb  aa_Table.o [1]
RvsTempAtt_WCDMA_TBL    0x0800e13c    0x18  Data  Gb  aa_Table.o [1]
Rwrcssms                0x2001010c   0x9d0  Data  Gb  cdma.o [1]
Rx1Buff                 0x2000489c   0xa00  Data  Gb  stm32f2xx_usart1_1208.o [6]
Rx1RdCnt                0x20000034     0x2  Data  Gb  stm32f2xx_usart1_1208.o [6]
Rx1WrCnt                0x20000036     0x2  Data  Gb  stm32f2xx_usart1_1208.o [6]
Rx3Buff                 0x2000289c  0x1000  Data  Gb  stm32f2xx_usart3_1208.o [6]
Rx3RdCnt                0x20000000     0x2  Data  Gb  stm32f2xx_usart3_1208.o [6]
Rx3WrCnt                0x20000002     0x2  Data  Gb  stm32f2xx_usart3_1208.o [6]
Rx4Buff                 0x2000009c  0x1400  Data  Gb  stm32f2xx_usart4_1208.o [6]
Rx4RdCnt                0x20000068     0x2  Data  Gb  stm32f2xx_usart4_1208.o [6]
Rx4WrCnt                0x2000006a     0x2  Data  Gb  stm32f2xx_usart4_1208.o [6]
RxBcMData               0x20017ff8  0x1000  Data  Gb  bell860s_v0112.o [1]
RxBuffRdCnt             0x2000a7f6     0x2  Data  Gb  bell860s_v0112.o [1]
RxBuffWrCnt             0x2000a7f8     0x2  Data  Gb  bell860s_v0112.o [1]
RxCdmaData              0x20014c70  0x1000  Data  Gb  bell860s_v0112.o [1]
RxDataBuff              0x20009df8   0x800  Data  Gb  cdma.o [1]
RxTxAlarmFlag           0x2001ad46     0x1  Data  Gb  cdma.o [1]
RxTxAlarmNew            0x2001ad45     0x1  Data  Gb  cdma.o [1]
RxTxAlarmOld            0x2001ad47     0x1  Data  Gb  cdma.o [1]
SDIO_IRQHandler         0x080244bd     0x2  Code  Gb  stm32f2xx_it_1208.o [1]
SET_ULAlarmCnt          0x2001b238     0x1  Data  Gb  cdma.o [1]
SPI1Init                0x08020af5    0x42  Code  Gb  stm32f2xx_spi.o [6]
SPI1_IRQHandler         0x0802449d     0x2  Code  Gb  stm32f2xx_it_1208.o [1]
SPI2Init                0x08020b37    0x40  Code  Gb  stm32f2xx_spi.o [6]
SPI2_IRQHandler         0x0802449f     0x2  Code  Gb  stm32f2xx_it_1208.o [1]
SPI3_IRQHandler         0x080244c1     0x2  Code  Gb  stm32f2xx_it_1208.o [1]
SPI_Cmd                 0x08020bd5    0x14  Code  Gb  stm32f2xx_spi.o [6]
SPI_I2S_GetFlagStatus   0x08020bed     0xe  Code  Gb  stm32f2xx_spi.o [6]
SPI_I2S_ReceiveData     0x08020be9     0x4  Code  Gb  stm32f2xx_spi.o [6]
SPI_Init                0x08020b8b    0x38  Code  Gb  stm32f2xx_spi.o [6]
SPcsksio                0x200089f4   0x9dc  Data  Gb  aa_serial1.o [1]
SVCHandler              0x080243f9     0x2  Code  Gb  stm32f2xx_it_1208.o [1]
Sd_Cnt                  0x2001b1ac    0x10  Data  Gb  aa_alc.o [1]
Sd_Path                 0x2001b1bc     0x8  Data  Gb  aa_alc.o [1]
Sd_Step                 0x2001b178    0x10  Data  Gb  aa_alc.o [1]
SearchOffsetEeprom      0x0800d1a1     0xc  Code  Gb  aa_Table.o [1]
SelectAverage           0x0801ab5f    0x18  Code  Gb  adcFunc.o [1]
Ser1Init                0x08017bc1    0x78  Code  Gb  aa_serial1.o [1]
Ser1Task                0x08017c39    0xe0  Code  Gb  aa_serial1.o [1]
Ser1TaskStk             0x20007470   0x600  Data  Gb  aa_serial1.o [1]
Ser3Ptr                 0x2001b258     0x4  Data  Gb  main.o [1]
Ser4Ptr                 0x2001b25c     0x4  Data  Gb  main.o [1]
SerPtr                  0x2001b254     0x4  Data  Gb  main.o [1]
SerRxBuff               0x2000a898  0x4e20  Data  Gb  bell860s_v0112.o [1]
SetAcRecovery           0x2001b2ab     0x1  Data  Gb  aa_expio.o [1]
SetBootBaudRate         0x0801a741    0x4c  Code  Gb  lib_extdev_1208.o [7]
SetCtrlData             0x08009a1d  0x2b5e  Code  Gb  aa_protocol.o [1]
SetPllClk               0x08018ba9    0x1e  Code  Gb  adf411x.o [1]
SetPllData              0x08018be5    0x28  Code  Gb  adf411x.o [1]
SetPllEn                0x08018c35    0x5a  Code  Gb  adf411x.o [1]
SetSCL                  0x0800e645    0x16  Code  Gb  lib_24c64_1208.o [7]
SetSDA                  0x0800e677    0x18  Code  Gb  lib_24c64_1208.o [7]
SetSDAInMode            0x0800e619    0x18  Code  Gb  lib_24c64_1208.o [7]
SetSDAOutMode           0x0800e631    0x14  Code  Gb  lib_24c64_1208.o [7]
SetSMS_PWR              0x2000a85c     0x1  Data  Gb  aa_expio.o [1]
SetSPIxCommand          0x0801f801     0xc  Code  Gb  aa_iAPD.o [1]
SetSPIxCommand_Test     0x0801f80d    0x16  Code  Gb  aa_iAPD.o [1]
SetSysClock             0x08021b11    0xd6  Code  Gb  stm32f2xx_system.o [6]
SetpPCA9555SCL          0x08018b2f    0x12  Code  Gb  PCA9555.o [1]
SetpPCA9555SDA          0x08018b07    0x14  Code  Gb  PCA9555.o [1]
SetpPCA9555SDAInMode    0x08018ad3    0x1a  Code  Gb  PCA9555.o [1]
SetpPCA9555SDAOutMode   0x08018aed    0x1a  Code  Gb  PCA9555.o [1]
ShutDownCheck           0x08019e69    0xc2  Code  Gb  Alarm.o [1]
ShutdownFunc            0x08019f35   0x46a  Code  Gb  Alarm.o [1]
Sms1_Protocol_Check     0x08013029    0xe8  Code  Gb  cdma.o [1]
SmsAlarm                0x08012f0f    0x84  Code  Gb  cdma.o [1]
SmsAlarmRptFunc         0x08014f19    0x96  Code  Gb  cdma.o [1]
SmsAutoReportCheck      0x08012f99    0x8c  Code  Gb  cdma.o [1]
SmsComCheck             0x08013121   0x164  Code  Gb  cdma.o [1]
SmsDataAckTx            0x080133f1    0xa4  Code  Gb  cdma.o [1]
SmsDnrAlarm_Check       0x0801a5a9    0x22  Code  Gb  Alarm.o [1]
SmsEtcTransmitData      0x08014d7f    0x2a  Code  Gb  cdma.o [1]
SmsInit                 0x0801287d    0x8e  Code  Gb  cdma.o [1]
SmsResetPeriodFlag      0x2001b22b     0x1  Data  Gb  cdma.o [1]
SmsSer                  0x20009dd8     0x4  Data  Gb  cdma.o [1]
SmsSerB                 0x2000f6b8    0x40  Data  Gb  cdma.o [1]
SmsStsTransmitData      0x080132b1    0x5e  Code  Gb  cdma.o [1]
SmsTxFailFlag           0x20009dca     0x1  Data  Gb  cdma.o [1]
Sms_DataAckTx           0x08013495   0x244  Code  Gb  cdma.o [1]
Sms_Response_Control    0x0801330f    0x88  Code  Gb  cdma.o [1]
SortSelect              0x0801ac61     0x8  Code  Gb  adcFunc.o [1]
SpecFreqStateUpdate     0x08014181   0x39e  Code  Gb  cdma.o [1]
SpecFreqState_RspFunc   0x08013cf3   0x446  Code  Gb  cdma.o [1]
Spectrum_Flag           0x2000a776     0x1  Data  Gb  apl_dtu.o [1]
StartEEprom             0x0800e5db    0x1a  Code  Gb  lib_24c64_1208.o [7]
StartpPCA9555           0x08018a79    0x18  Code  Gb  PCA9555.o [1]
StatusInitialize        0x0800c711   0x1c2  Code  Gb  aa_protocol.o [1]
StatusUpdate            0x0800f04f   0x110  Code  Gb  aa_expio.o [1]
StatustoIO              0x0800f3b1   0x57e  Code  Gb  aa_expio.o [1]
Stcpsms                 0x20010adc   0x9dc  Data  Gb  cdma.o [1]
StopEEprom              0x0800e5fd    0x1c  Code  Gb  lib_24c64_1208.o [7]
StoppPCA9555            0x08018a91    0x1a  Code  Gb  PCA9555.o [1]
SwHistroyRspFunc        0x08013b45    0x84  Code  Gb  cdma.o [1]
Swcrc16                 0x200089da     0x2  Data  Gb  aa_serial1.o [1]
[...]
UPdateAlarm             0x0801a609    0x2a  Code  Gb  Alarm.o [1]
USART1BuffClear         0x0801ee53     0xa  Code  Gb  stm32f2xx_usart1_1208.o [6]
USART1CheckByte         0x0801ee1b    0x38  Code  Gb  stm32f2xx_usart1_1208.o [6]
USART1Printf            0x0801ed4d    0x4a  Code  Gb  stm32f2xx_usart1_1208.o [6]
USART1PutChar           0x0801ed23    0x2a  Code  Gb  stm32f2xx_usart1_1208.o [6]
USART1PutStr            0x0801ed97    0x4e  Code  Gb  stm32f2xx_usart1_1208.o [6]
USART1PutToBuffer       0x0801ecdb    0x48  Code  Gb  stm32f2xx_usart1_1208.o [6]
USART1RxGetByte         0x0801ede5    0x36  Code  Gb  stm32f2xx_usart1_1208.o [6]
USART1TxCheckByte       0x0801ee67    0x12  Code  Gb  stm32f2xx_usart1_1208.o [6]
USART1TxClear           0x0801ee5d     0x4  Code  Gb  stm32f2xx_usart1_1208.o [6]
USART1_IRQHandler       0x080244a1     0x4  Code  Gb  stm32f2xx_it_1208.o [1]
USART1_IRQIntHandler    0x0801ec49    0x8a  Code  Gb  stm32f2xx_usart1_1208.o [6]
USART2_IRQHandler       0x080244a5     0x2  Code  Gb  stm32f2xx_it_1208.o [1]
USART3BuffClear         0x0802439d     0xa  Code  Gb  stm32f2xx_usart3_1208.o [6]
USART3CheckByte         0x08024365    0x38  Code  Gb  stm32f2xx_usart3_1208.o [6]
USART3Printf            0x080242a1    0x42  Code  Gb  stm32f2xx_usart3_1208.o [6]
USART3PutChar           0x08024277    0x2a  Code  Gb  stm32f2xx_usart3_1208.o [6]
USART3PutStr            0x080242e3    0x4c  Code  Gb  stm32f2xx_usart3_1208.o [6]
USART3PutToBuffer       0x08024233    0x44  Code  Gb  stm32f2xx_usart3_1208.o [6]
USART3RxGetByte         0x0802432f    0x36  Code  Gb  stm32f2xx_usart3_1208.o [6]
USART3TxCheckByte       0x080243b1    0x12  Code  Gb  stm32f2xx_usart3_1208.o [6]
USART3TxClear           0x080243a7     0x4  Code  Gb  stm32f2xx_usart3_1208.o [6]
USART3_IRQHandler       0x080244a7     0x4  Code  Gb  stm32f2xx_it_1208.o [1]
USART3_IRQIntHandler    0x080241a9    0x82  Code  Gb  stm32f2xx_usart3_1208.o [6]
USART4BuffClear         0x0801c0c1     0xa  Code  Gb  stm32f2xx_usart4_1208.o [6]
USART4CheckByte         0x0801c089    0x38  Code  Gb  stm32f2xx_usart4_1208.o [6]
USART4Printf            0x0801bfcf    0x42  Code  Gb  stm32f2xx_usart4_1208.o [6]
USART4PutChar           0x0801bfa5    0x2a  Code  Gb  stm32f2xx_usart4_1208.o [6]
USART4PutStr            0x0801c011    0x4a  Code  Gb  stm32f2xx_usart4_1208.o [6]
USART4PutToBuffer       0x0801bf65    0x40  Code  Gb  stm32f2xx_usart4_1208.o [6]
USART4RxGetByte         0x0801c05b    0x2e  Code  Gb  stm32f2xx_usart4_1208.o [6]
USART4TxCheckByte       0x0801c0d5    0x12  Code  Gb  stm32f2xx_usart4_1208.o [6]
USART4TxClear           0x0801c0cb     0x4  Code  Gb  stm32f2xx_usart4_1208.o [6]
USART4_IRQIntHandler    0x0801bee3    0x7a  Code  Gb  stm32f2xx_usart4_1208.o [6]
USART6_IRQHandler       0x080244eb     0x2  Code  Gb  stm32f2xx_it_1208.o [1]
USART_Cmd               0x080204b9    0x14  Code  Gb  stm32f2xx_usart.o [6]
USART_ITConfig          0x080204cd    0x30  Code  Gb  stm32f2xx_usart.o [6]
USART_Init              0x08020419    0x98  Code  Gb  stm32f2xx_usart.o [6]
USBWakeUp_IRQHandler    0x080244af     0x2  Code  Gb  stm32f2xx_it_1208.o [1]
USB_HP_CAN_TX_IRQHandler
                        0x0802447d     0x2  Code  Gb  stm32f2xx_it_1208.o [1]
USB_LP_CAN_RX0_IRQHandler
                        0x0802447f     0x2  Code  Gb  stm32f2xx_it_1208.o [1]
UsageFaultException     0x080243f5     0x2  Code  Gb  stm32f2xx_it_1208.o [1]
WRCS_ProDataAckTx       0x080182d9    0xa8  Code  Gb  aa_serial1.o [1]
WThreePastHour          0x2000a84a     0x2  Data  Gb  cdma.o [1]
WThreePastMin           0x2000a84c     0x2  Data  Gb  cdma.o [1]
WThreePeriodStart       0x2000a849     0x1  Data  Gb  cdma.o [1]
WThreeTimeElapse        0x2000a850     0x4  Data  Gb  cdma.o [1]
WThreeTimeStart         0x2000a848     0x1  Data  Gb  cdma.o [1]
WTwoPastHour            0x2000a83e     0x2  Data  Gb  cdma.o [1]
WTwoPastMin             0x2000a840     0x2  Data  Gb  cdma.o [1]
WTwoPeriodStart         0x2000a83d     0x1  Data  Gb  cdma.o [1]
WTwoTimeElapse          0x2000a844     0x4  Data  Gb  cdma.o [1]
WTwoTimeStart           0x2000a83c     0x1  Data  Gb  cdma.o [1]
WWDG_IRQHandler         0x08024419     0x2  Code  Gb  stm32f2xx_it_1208.o [1]
WatchdogClear           0x08017253     0x4  Code  Gb  lib_timer_1212.o [7]
WatchdogInit            0x0801722f    0x24  Code  Gb  lib_timer_1212.o [7]
WavThrAutoRptChk        0x080138e1    0xbc  Code  Gb  cdma.o [1]
WavTwoAutoRptChk        0x08013825    0xbc  Code  Gb  cdma.o [1]
WhatRxComm              0x08018085    0x1c  Code  Gb  aa_serial1.o [1]
WhatRxSms               0x08013111    0x10  Code  Gb  cdma.o [1]
WhatRxTCP               0x0801479f    0x10  Code  Gb  cdma.o [1]
WhatTime                0x08013a79    0xca  Code  Gb  cdma.o [1]
WriteEEprom             0x0800e3ff    0x3c  Code  Gb  lib_24c64_1208.o [7]
WriteEEpromData         0x0800e573    0x38  Code  Gb  lib_24c64_1208.o [7]
Write_EEprom_16Addr_8Data
                        0x0800e445    0x70  Code  Gb  lib_24c64_1208.o [7]
Write_pPCA9555_8Addr_16Data
                        0x080189bd    0x86  Code  Gb  PCA9555.o [1]
WritepPCA9555Data       0x08018a43    0x36  Code  Gb  PCA9555.o [1]
_GenldFull              0x0802180d   0x270  Code  Lc  xprintffull.o [3]
_LdtobFull              0x080213fd   0x400  Code  Lc  xprintffull.o [3]
_LitobFull              0x080212d7   0x126  Code  Lc  xprintffull.o [3]
_PrintfFull             0x08020da9   0x52e  Code  Gb  xprintffull.o [3]
_PutcharsFull           0x08021a7d    0x2e  Code  Lc  xprintffull.o [3]
_SProut                 0x080160e3     0xa  Code  Gb  xsprout.o [3]
__BASEPRICONFIG         0x080247bb          Code  Gb  stm32f0xx_macro.o [6]
__DMB                   0x0802476d          Code  Gb  stm32f0xx_macro.o [6]
__DSB                   0x08024767          Code  Gb  stm32f0xx_macro.o [6]
__GetBASEPRI            0x080247c1          Code  Gb  stm32f0xx_macro.o [6]
__ISB                   0x08024761          Code  Gb  stm32f0xx_macro.o [6]
__MRS_CONTROL           0x08024777          Code  Gb  stm32f0xx_macro.o [6]
__MRS_MSP               0x08024793          Code  Gb  stm32f0xx_macro.o [6]
__MRS_PSP               0x08024787          Code  Gb  stm32f0xx_macro.o [6]
__MSR_CONTROL           0x0802477d          Code  Gb  stm32f0xx_macro.o [6]
__MSR_MSP               0x08024799          Code  Gb  stm32f0xx_macro.o [6]
__MSR_PSP               0x0802478d          Code  Gb  stm32f0xx_macro.o [6]
__READ_FAULTMASK        0x080247b5          Code  Gb  stm32f0xx_macro.o [6]
__READ_PRIMASK          0x080247a7          Code  Gb  stm32f0xx_macro.o [6]
__RESETFAULTMASK        0x080247ad          Code  Gb  stm32f0xx_macro.o [6]
__RESETPRIMASK          0x0802479f          Code  Gb  stm32f0xx_macro.o [6]
__REV_HalfWord          0x080247c7          Code  Gb  stm32f0xx_macro.o [6]
__REV_Word              0x080247cb          Code  Gb  stm32f0xx_macro.o [6]
__SETFAULTMASK          0x080247b1          Code  Gb  stm32f0xx_macro.o [6]
__SETPRIMASK            0x080247a3          Code  Gb  stm32f0xx_macro.o [6]
__SEV                   0x0802475d          Code  Gb  stm32f0xx_macro.o [6]
__SVC                   0x08024773          Code  Gb  stm32f0xx_macro.o [6]
__WFE                   0x08024759          Code  Gb  stm32f0xx_macro.o [6]
__WFI                   0x08024755          Code  Gb  stm32f0xx_macro.o [6]
__aeabi_cdcmpeq         0x0801fe31          Code  Gb  DblCmpEq.o [4]
__aeabi_cdcmple         0x0801fe8d          Code  Gb  DblCmpLe.o [4]
__aeabi_cdrcmple        0x0801fe5d          Code  Gb  DblCmpGe.o [4]
__aeabi_d2iz            0x0801b7e1          Code  Gb  DblToI32.o [4]
__aeabi_d2uiz           0x0801b80d          Code  Gb  DblToI32.o [4]
__aeabi_dadd            0x0801febd          Code  Gb  DblAdd.o [4]
__aeabi_ddiv            0x0801ad35          Code  Gb  DblDiv.o [4]
__aeabi_dmul            0x0801bb9d          Code  Gb  DblMul.o [4]
__aeabi_dsub            0x0801ffa5          Code  Gb  DblSub.o [4]
__aeabi_errno_addr      0x0801fe51     0x6  Code  Gb  errno.o [3]
__aeabi_f2d             0x0801ace5          Code  Gb  FltToDbl.o [4]
__aeabi_i2d             0x0801efad          Code  Gb  I32ToDbl.o [4]
__aeabi_i2f             0x0801acb5          Code  Gb  I32ToFlt.o [4]
__aeabi_ldiv0           0x08023ef9          Code  Gb  I64DivZer.o [5]
__aeabi_memclr          0x08017259          Code  Gb  ABImemclr.o [5]
__aeabi_memclr4         0x0801eea1          Code  Gb  ABImemclr4.o [5]
__aeabi_memcpy          0x0801606d          Code  Gb  ABImemcpy.o [5]
__aeabi_memcpy4         0x0801608d          Code  Gb  ABImemcpy.o [5]
__aeabi_memcpy8         0x0801608d          Code  Gb  ABImemcpy.o [5]
__aeabi_memset          0x0801eea9          Code  Gb  ABImemset.o [5]
__aeabi_memset4         0x080205d1          Code  Gb  ABImemset48.o [5]
__aeabi_memset8         0x080205d1          Code  Gb  ABImemset48.o [5]
__aeabi_ui2d            0x0801efc1          Code  Gb  I32ToDbl.o [4]
__aeabi_uldivmod        0x08023c4d          Code  Gb  I64DivMod.o [5]
__cmain                 0x08023efd          Code  Gb  cmain.o [5]
__exit                  0x080240e9          Code  Gb  XXexit.o [5]
__iar_Dint              0x0801fdaf    0x7a  Code  Gb  xdint.o [4]
__iar_Dnorm             0x0801fd6b    0x44  Code  Gb  xdnorm.o [4]
__iar_Dscale            0x08020bfd   0x106  Code  Gb  xdscale.o [4]
__iar_Errno             0x2001b28c     0x4  Data  Gb  errno.o [3]
__iar_Exp               0x08020125   0x2f4  Code  Gb  xexp.o [4]
__iar_Log               0x0801b839   0x270  Code  Gb  xlog.o [4]
__iar_Logpoly           0x0801baa9    0x6e  Code  Gb  xlog.o [4]
__iar_Memchr            0x08023bf5          Code  Gb  memchr.o [5]
__iar_Memset            0x0801eea9          Code  Gb  ABImemset.o [5]
__iar_Memset4_word      0x080205d9          Code  Gb  ABImemset48.o [5]
__iar_Memset8_word      0x080205d9          Code  Gb  ABImemset48.o [5]
__iar_Memset_word       0x0801eeb1          Code  Gb  ABImemset.o [5]
__iar_SB                0x08024888          Data  Gb  bwt_init3c.o [5]
__iar_Stolx             0x08023e73    0x84  Code  Gb  xstol.o [3]
__iar_Stoulx            0x08023f15   0x124  Code  Gb  xstoul.o [3]
__iar_Strchr            0x08021ac9          Code  Gb  strchr.o [5]
__iar_Strstr            0x080205a5    0x2c  Code  Gb  strstr.o [3]
__iar_d2uiz             0x0801b819          Code  Gb  DblToI32.o [4]
__iar_dadd              0x0801fed1          Code  Gb  DblAdd.o [4]
__iar_data_init3        0x08024089    0x2c  Code  Gb  data_init3.o [5]
__iar_default_requirements$$_Printf<unknown>sprintf {Abs}
                        0x00000000           --   Gb  sprintf.o [3]
__iar_default_requirements$$_Printf<unknown>vsprintf {Abs}
                        0x00000000           --   Gb  vsprintf.o [3]
__iar_dlib_perthread_access
                        0x08020bfb     0x2  Code  Gb  xtls.o [3]
__iar_dsub              0x0801ffb9          Code  Gb  DblSub.o [4]
__iar_dsubStart         0x0801ffcb          Code  Gb  DblSub.o [4]
__iar_packbits_init3    0x080246b5    0xa0  Code  Gb  packbits_init3.o [5]
__iar_program_start     0x08023d49          Code  Gb  cstartup_M.o [5]
__iar_provide$$_Printf<flags,floats,hex_floats,int_specials,long_longs,n_formatters,qualifiers,widths>_PrintfFull {Abs}
                        0x00000000           --   Gb  xprintffull.o [3]
__iar_strcmp            0x08023e31          Code  Gb  strcmp.o [5]
__iar_ui2d              0x0801efc5          Code  Gb  I32ToDbl.o [4]
__iar_ui2f              0x0801acc9          Code  Gb  I32ToFlt.o [4]
__iar_zero_init3        0x0800d17f    0x22  Code  Gb  zero_init3.o [5]
__swab16p               0x08017269     0x4  Code  Gb  swab.o [1]
__vector_table          0x08008000   0x184  Data  Gb  stm32f2xx_vector.o [1]
_call_main              0x08023f09          Code  Gb  cmain.o [5]
_exit                   0x080240dd          Code  Gb  cexit.o [5]
_main                   0x08023f0f          Code  Gb  cmain.o [5]
atoh                    0x0801be21    0x2a  Code  Gb  exlib.o [1]
chkAlarmMaskReport      0x2000a892     0x1  Data  Gb  cdma.o [1]
chkDnrAlarmReport       0x2001b2b9     0x1  Data  Gb  cdma.o [1]
chkLockOrder            0x2001b230     0x2  Data  Gb  cdma.o [1]
chkReport               0x2001b2bc     0x1  Data  Gb  cdma.o [1]
comtstcnt               0x2001b288     0x4  Data  Gb  aa_test.o [1]
convinfo                0x080247d0    0x34  Data  Gb  main.o [1]
dBmTomW                 0x08012111    0x32  Code  Gb  aa_alc.o [1]
dPre                    0x2001b104    0x14  Data  Gb  adf411x.o [1]
dReffreq                0x2001b0dc    0x14  Data  Gb  adf411x.o [1]
dStep                   0x2001b0f0    0x14  Data  Gb  adf411x.o [1]
dUartPtr                0x2000a7fc     0x4  Data  Gb  bell860s_v0112.o [1]
digits                  0x08024038    0x28  Data  Lc  xstoul.o [3]
div                     0x08023d3b     0xe  Code  Gb  div.o [3]
downloadFlag            0x200089e4     0x4  Data  Gb  aa_serial1.o [1]
dptr                    0x2001b248     0xc  Data  Gb  aa_expio.o [1]
dtoh                    0x08014985    0x16  Code  Gb  cdma.o [1]
eUartPtr                0x2000a800     0x4  Data  Gb  bell860s_v0112.o [1]
exit                    0x080240d9     0x4  Code  Gb  exit.o [3]
gEE_BACK1               0x2001a27c   0x2bc  Data  Gb  aa_Table.o [1]
gTestFlag               0x2001b2b7     0x1  Data  Gb  aa_test.o [1]
iAPDInit                0x0801f681    0x88  Code  Gb  aa_iAPD.o [1]
iAPDTask                0x0801f709    0x1e  Code  Gb  aa_iAPD.o [1]
iAdcIndex               0x2000a894     0x1  Data  Gb  main.o [1]
iDebugCnt               0x200089d2     0x1  Data  Gb  aa_serial1.o [1]
iDev_SPIxInit           0x0801f799    0x66  Code  Gb  aa_iAPD.o [1]
iDev_SPIx_BASE          0x0801f787    0x12  Code  Gb  aa_iAPD.o [1]
iDev_SPIx_CS_RST        0x0801f75f    0x28  Code  Gb  aa_iAPD.o [1]
iDev_SPIx_CS_SET        0x0801f737    0x28  Code  Gb  aa_iAPD.o [1]
iFPGAConfig_DnFlagSet   0x0801f84d   0x10c  Code  Gb  aa_iAPD.o [1]
iFPGASpi                0x20019978     0x8  Data  Gb  aa_iAPD.o [1]
iMasterPNH              0x2001ad4b     0x1  Data  Gb  cdma.o [1]
iMasterPNL              0x2001ad4c     0x1  Data  Gb  cdma.o [1]
iMobileESN              0x20009dd6     0x2  Data  Gb  cdma.o [1]
iPNVal_Old              0x2001ad34     0xc  Data  Gb  cdma.o [1]
iPresentHourCnt         0x20009dcb     0x1  Data  Gb  cdma.o [1]
iPresentMinCnt          0x20009dcc     0x1  Data  Gb  cdma.o [1]
iSMS_Debug_Mode         0x20009dc1     0x1  Data  Gb  cdma.o [1]
iSPIxInit               0x0801f727    0x10  Code  Gb  aa_iAPD.o [1]
iSecCnt                 0x2001b2bd     0x1  Data  Gb  cdma.o [1]
iTxValH                 0x2001ad4d     0x1  Data  Gb  cdma.o [1]
iTxValL                 0x2001ad4e     0x1  Data  Gb  cdma.o [1]
iUser_Value2            0x200089d3     0x1  Data  Gb  aa_serial1.o [1]
internal_Pow            0x0801af81   0x3fc  Code  Lc  pow.o [4]
lnbias                  0x0801b3c0   0x420  Data  Lc  pow.o [4]
lower                   0x08023839     0xc  Code  Gb  aa_test.o [1]
mAttnStr                0x2001ada4    0x60  Data  Gb  aa_alc.o [1]
mFwdHighAlm             0x2001ae60    0x54  Data  Gb  aa_alc.o [1]
mFwdInHighAlm           0x2001af08    0x54  Data  Gb  aa_alc.o [1]
mFwdLowAlm              0x2001ae04    0x54  Data  Gb  aa_alc.o [1]
mFwdOutLowAlm           0x2001b14c    0x2c  Data  Gb  aa_alc.o [1]
mRvsHighAlm             0x2001aeb4    0x54  Data  Gb  aa_alc.o [1]
mSDCheck                0x2001b1e8    0x10  Data  Gb  aa_alc.o [1]
mULGainMode1            0x2001abb8    0x48  Data  Gb  aa_alc.o [1]
mULGainMode2            0x2001ab58    0x60  Data  Gb  aa_alc.o [1]
mWTodBm                 0x08012143    0x2e  Code  Gb  aa_alc.o [1]
m_writing               0x2001b2b5     0x1  Data  Gb  aa_serial1.o [1]
main                    0x080240b5    0x24  Code  Gb  stm32f2xx_main.o [6]
mainTask                0x08020a99    0x28  Code  Gb  main.o [1]
makeFCS                 0x08018381    0x2c  Code  Gb  aa_serial1.o [1]
memchr                  0x08023bf5          Code  Gb  memchr.o [5]
memcmp                  0x0801ef49          Code  Gb  memcmp.o [5]
ndigs                   0x08024060    0x28  Data  Lc  xstoul.o [3]
pBackupSem              0x2001b270     0x4  Data  Gb  aa_Table.o [1]
pPCA9555BitRst          0x08018947    0x14  Code  Gb  PCA9555.o [1]
pPCA9555BitSet          0x08018943     0x4  Code  Gb  PCA9555.o [1]
pPCA9555Port_Init       0x0800ff8f    0x28  Code  Gb  aa_expio.o [1]
pPCA9555Str             0x2000a870     0x4  Data  Gb  PCA9555.o [1]
pPCA9555StrB            0x2001b194    0x18  Data  Gb  PCA9555.o [1]
pPCASetConfiguration    0x08018985    0x20  Code  Gb  PCA9555.o [1]
pPCASetPortData         0x080189a5    0x18  Code  Gb  PCA9555.o [1]
pUSART1                 0x2000003c    0x2c  Data  Gb  stm32f2xx_usart1_1208.o [6]
pUSART3                 0x20000008    0x2c  Data  Gb  stm32f2xx_usart3_1208.o [6]
pUSART4                 0x20000070    0x2c  Data  Gb  stm32f2xx_usart4_1208.o [6]
pow                     0x0801b3b1     0xe  Code  Gb  pow.o [4]
protocol_frame_to_buffer
                        0x0801574d    0x42  Code  Gb  cdma.o [1]
rambackup               0x2000a874     0x4  Data  Gb  aa_protocol.o [1]
recvLengthInit          0x200089dc     0x2  Data  Gb  aa_serial1.o [1]
sFLASH_4kErase          0x0801fb2b    0x7c  Code  Gb  AT25DF641_v1204.o [1]
sFLASH_BL4kCheckErase   0x0801f9bb    0x20  Code  Gb  AT25DF641_v1204.o [1]
sFLASH_DataRead         0x0801fa41    0x38  Code  Gb  AT25DF641_v1204.o [1]
sFLASH_DataWrite        0x0801fa79    0xb2  Code  Gb  AT25DF641_v1204.o [1]
sFLASH_Init             0x0801f99d    0x1e  Code  Gb  AT25DF641_v1204.o [1]
sFLASH_SetRegister      0x0801fbe9    0xb8  Code  Gb  AT25DF641_v1204.o [1]
sFLASH_Unprotected      0x0801f9db    0x5a  Code  Gb  AT25DF641_v1204.o [1]
sFLASH_WaitWriteEnd     0x0801fba7    0x42  Code  Gb  AT25DF641_v1204.o [1]
sSPI_DataRead           0x08023845    0x58  Code  Gb  aa_test.o [1]
sentTel                 0x2000a5f8    0x10  Data  Gb  cdma.o [1]
sms_buff                0x2001a8c8   0x100  Data  Gb  cdma.o [1]
sms_len                 0x2001b234     0x4  Data  Gb  cdma.o [1]
sms_time                0x20009dac    0x14  Data  Gb  cdma.o [1]
sprintf                 0x08020529    0x34  Code  Gb  sprintf.o [3]
strcat                  0x0802055d    0x1e  Code  Gb  strcat.o [3]
strchr                  0x08021ac9          Code  Gb  strchr.o [5]
strcmp                  0x08023e31          Code  Gb  strcmp.o [5]
strlen                  0x0801ef11          Code  Gb  strlen.o [5]
strncmp                 0x0802057b    0x2a  Code  Gb  strncmp.o [3]
t1SndData               0x2001a538   0x200  Data  Gb  cdma.o [1]
tAttAccu                0x2001b193     0x1  Data  Gb  Alarm.o [1]
tDisplay                0x2000a704    0x24  Data  Gb  aa_test.o [1]
tDnrSts                 0x200089e8     0x4  Data  Gb  aa_serial1.o [1]
tDnrStsB                0x200194f8   0x470  Data  Gb  aa_serial1.o [1]
tISOSelect              0x2001ae5f     0x1  Data  Gb  aa_alc.o [1]
tPeriod                 0x2001b244     0x4  Data  Gb  cdma.o [1]
tTestFlag               0x2001b2b6     0x1  Data  Gb  aa_test.o [1]
tcp_port                0x20009df4     0x4  Data  Gb  cdma.o [1]
tempIndexHys            0x2001b2a6     0x1  Data  Gb  aa_expio.o [1]
testResult              0x2000a868     0x8  Data  Gb  aa_test.o [1]
tinputSts               0x2000a6d0    0x34  Data  Gb  aa_test.o [1]
tinputStsOld            0x2001b118    0x34  Data  Gb  aa_test.o [1]
tmpRvsALCLvl_3G         0x2001b299     0x1  Data  Gb  aa_alc.o [1]
vsprintf                0x080204fd    0x2c  Code  Gb  vsprintf.o [3]


[1] = D:\Project\TRIO_MD\3.F_W\TRIO_MD_appl_stm207_20150327_20150518\out
[2] = command line
[3] = dl7M_tln.a
[4] = m7M_tl.a
[5] = rt7M_tl.a
[6] = stm32F_cpulib_prj_v62.a
[7] = stm32F_devlib_prj_v62.a

  115 888 bytes of readonly  code memory
    1 497 bytes of readonly  data memory
  111 291 bytes of readwrite data memory

Errors: none
Warnings: none
