###############################################################################
#                                                                             #
# IAR ELF Linker V6.30.1.53127/W32 for ARM              08/Feb/2018  09:40:05 #
# Copyright 2007-2011 IAR Systems AB.                                         #
#                                                                             #
#    Output file  =  D:\Project\TRIO\2.TRIO-MR\appl_stm207_20141204_RvsALC_20 #
#                    151223\stm32FxC_ucos_prj_v511.out                        #
#    Map file     =  D:\Project\TRIO\2.TRIO-MR\appl_stm207_20141204_RvsALC_20 #
#                    151223\out\stm32FxC_ucos_prj_v511.map                    #
#    Command line =  D:\Project\TRIO\2.TRIO-MR\appl_stm207_20141204_RvsALC_20 #
#                    151223\out\Alarm.o D:\Project\TRIO\2.TRIO-MR\appl_stm207 #
#                    _20141204_RvsALC_20151223\out\PCA9555.o                  #
#                    D:\Project\TRIO\2.TRIO-MR\appl_stm207_20141204_RvsALC_20 #
#                    151223\out\aa_Table.o D:\Project\TRIO\2.TRIO-MR\appl_stm #
#                    207_20141204_RvsALC_20151223\out\aa_alc.o                #
#                    D:\Project\TRIO\2.TRIO-MR\appl_stm207_20141204_RvsALC_20 #
#                    151223\out\aa_expio.o D:\Project\TRIO\2.TRIO-MR\appl_stm #
#                    207_20141204_RvsALC_20151223\out\aa_protocol.o           #
#                    D:\Project\TRIO\2.TRIO-MR\appl_stm207_20141204_RvsALC_20 #
#                    151223\out\aa_serial1.o D:\Project\TRIO\2.TRIO-MR\appl_s #
#                    tm207_20141204_RvsALC_20151223\out\aa_test.o             #
#                    D:\Project\TRIO\2.TRIO-MR\appl_stm207_20141204_RvsALC_20 #
#                    151223\out\adcFunc.o D:\Project\TRIO\2.TRIO-MR\appl_stm2 #
#                    07_20141204_RvsALC_20151223\out\adf411x.o                #
#                    D:\Project\TRIO\2.TRIO-MR\appl_stm207_20141204_RvsALC_20 #
#                    151223\out\bell860s_v0112.o                              #
#                    D:\Project\TRIO\2.TRIO-MR\appl_stm207_20141204_RvsALC_20 #
#                    151223\out\cdma.o D:\Project\TRIO\2.TRIO-MR\appl_stm207_ #
#                    20141204_RvsALC_20151223\out\cpu_a.o                     #
#                    D:\Project\TRIO\2.TRIO-MR\appl_stm207_20141204_RvsALC_20 #
#                    151223\out\exlib.o D:\Project\TRIO\2.TRIO-MR\appl_stm207 #
#                    _20141204_RvsALC_20151223\out\lib_mem.o                  #
#                    D:\Project\TRIO\2.TRIO-MR\appl_stm207_20141204_RvsALC_20 #
#                    151223\out\lib_str.o D:\Project\TRIO\2.TRIO-MR\appl_stm2 #
#                    07_20141204_RvsALC_20151223\out\main.o                   #
#                    D:\Project\TRIO\2.TRIO-MR\appl_stm207_20141204_RvsALC_20 #
#                    151223\out\os_core.o D:\Project\TRIO\2.TRIO-MR\appl_stm2 #
#                    07_20141204_RvsALC_20151223\out\os_cpu_a.o               #
#                    D:\Project\TRIO\2.TRIO-MR\appl_stm207_20141204_RvsALC_20 #
#                    151223\out\os_cpu_c.o D:\Project\TRIO\2.TRIO-MR\appl_stm #
#                    207_20141204_RvsALC_20151223\out\os_dbg.o                #
#                    D:\Project\TRIO\2.TRIO-MR\appl_stm207_20141204_RvsALC_20 #
#                    151223\out\os_flag.o D:\Project\TRIO\2.TRIO-MR\appl_stm2 #
#                    07_20141204_RvsALC_20151223\out\os_mbox.o                #
#                    D:\Project\TRIO\2.TRIO-MR\appl_stm207_20141204_RvsALC_20 #
#                    151223\out\os_mem.o D:\Project\TRIO\2.TRIO-MR\appl_stm20 #
#                    7_20141204_RvsALC_20151223\out\os_mutex.o                #
#                    D:\Project\TRIO\2.TRIO-MR\appl_stm207_20141204_RvsALC_20 #
#                    151223\out\os_q.o D:\Project\TRIO\2.TRIO-MR\appl_stm207_ #
#                    20141204_RvsALC_20151223\out\os_sem.o                    #
#                    D:\Project\TRIO\2.TRIO-MR\appl_stm207_20141204_RvsALC_20 #
#                    151223\out\os_task.o D:\Project\TRIO\2.TRIO-MR\appl_stm2 #
#                    07_20141204_RvsALC_20151223\out\os_time.o                #
#                    D:\Project\TRIO\2.TRIO-MR\appl_stm207_20141204_RvsALC_20 #
#                    151223\out\os_tmr.o D:\Project\TRIO\2.TRIO-MR\appl_stm20 #
#                    7_20141204_RvsALC_20151223\out\stm32f2xx_it_1208.o       #
#                    D:\Project\TRIO\2.TRIO-MR\appl_stm207_20141204_RvsALC_20 #
#                    151223\out\stm32f2xx_vector.o                            #
#                    D:\Project\TRIO\2.TRIO-MR\appl_stm207_20141204_RvsALC_20 #
#                    151223\out\swab.o D:\Project\TRIO\2.TRIO-MR\appl_stm207_ #
#                    20141204_RvsALC_20151223\stm32F_cpulib_prj_v62.a         #
#                    D:\Project\TRIO\2.TRIO-MR\appl_stm207_20141204_RvsALC_20 #
#                    151223\stm32F_devlib_prj_v62.a --redirect                #
#                    _Printf=_PrintfFull --redirect _Scanf=_ScanfFull -o      #
#                    D:\Project\TRIO\2.TRIO-MR\appl_stm207_20141204_RvsALC_20 #
#                    151223\stm32FxC_ucos_prj_v511.out --map                  #
#                    D:\Project\TRIO\2.TRIO-MR\appl_stm207_20141204_RvsALC_20 #
#                    151223\out\stm32FxC_ucos_prj_v511.map --config           #
#                    D:\Project\TRIO\2.TRIO-MR\appl_stm207_20141204_RvsALC_20 #
#                    151223\init\stm32f10x_flash.icf --entry                  #
#                    __iar_program_start --inline --vfe                       #
#                                                                             #
#                                                                             #
###############################################################################

*******************************************************************************
*** RUNTIME MODEL ATTRIBUTES
***

CppFlavor       = *
__SystemLibrary = DLib


*******************************************************************************
*** PLACEMENT SUMMARY
***

"A1":  place at 0x08008000 { ro section .intvec };
"P1":  place in [from 0x08008000 to 0x08026fff] { ro };
"P2":  place in [from 0x20000000 to 0x2001ffff] {
          block HEAP, block CSTACK, rw section iram };
"P3":  place in [from 0x20000000 to 0x2001ffff] |
                [from 0x60780000 to 0x607fffff] { rw };

  Section            Kind        Address     Size  Object
  -------            ----        -------     ----  ------
"A1":                                       0x184
  .intvec            const    0x08008000    0x184  stm32f2xx_vector.o [1]
                            - 0x08008184    0x184

"P1":                                     0x16cc4
  .text              ro code  0x08008184   0x411a  aa_protocol.o [1]
  .text              ro code  0x0800c29e     0x22  zero_init3.o [5]
  .text              ro code  0x0800c2c0   0x214c  aa_Table.o [1]
  .text              ro code  0x0800e40c    0x318  lib_24c64_1208.o [7]
  .text              ro code  0x0800e724   0x2416  aa_expio.o [1]
  .text              ro code  0x08010b3a      0xa  xsprout.o [3]
  .text              ro code  0x08010b44   0x2ccc  cdma.o [1]
  .text              ro code  0x08013810    0xa88  Alarm.o [1]
  .text              ro code  0x08014298     0x76  ABImemcpy.o [5]
  .rodata            const    0x0801430e      0x2  os_dbg.o [1]
  .text              ro code  0x08014310    0x1c6  lib_timer_1212.o [7]
  .text              ro code  0x080144d8      0x6  ABImemclr.o [5]
  .text              ro code  0x080144e0     0x54  os_time.o [1]
  .text              ro code  0x08014534      0xe  swab.o [1]
  .text              ro code  0x08014544    0xa28  aa_serial1.o [1]
  .text              ro code  0x08014f6c    0x132  os_sem.o [1]
  .text              ro code  0x080150a0     0x8a  stm32f2xx_gpio_1212.o [6]
  .text              ro code  0x0801512c     0x94  os_task.o [1]
  .text              ro code  0x080151c0    0x1fc  PCA9555.o [1]
  .text              ro code  0x080153bc    0x1ec  adf411x.o [1]
  .text              ro code  0x080155a8   0x22e0  aa_alc.o [1]
  .text              ro code  0x08017888    0x3d4  lib_extdev_1208.o [7]
  .text              ro code  0x08017c5c     0x2a  exlib.o [1]
  .text              ro code  0x08017c88    0x2d0  stm32f2xx_usart4_1208.o [6]
  .text              ro code  0x08017f58   0x23b4  bell860s_v0112.o [1]
  .text              ro code  0x0801a30c    0x2d0  stm32f2xx_usart1_1208.o [6]
  .text              ro code  0x0801a5dc      0x6  ABImemclr4.o [5]
  .text              ro code  0x0801a5e4     0x66  ABImemset.o [5]
  .text              ro code  0x0801a64c     0x34  stm32f2xx_iwdg.o [6]
  CODE               ro code  0x0801a680     0xa0  os_cpu_a.o [1]
  .text              ro code  0x0801a720    0x5d0  os_core.o [1]
  .text              ro code  0x0801acf0     0x36  strlen.o [5]
  .text              ro code  0x0801ad28     0x62  memcmp.o [5]
  .text              ro code  0x0801ad8c    0x2c4  stm32f2xx_flash_1208.o [6]
  .text              ro code  0x0801b050     0x7e  os_cpu_c.o [1]
  .text              ro code  0x0801b0d0    0x2c0  adcFunc.o [1]
  .text              ro code  0x0801b390     0xe4  stm32f2xx_usart.o [6]
  .text              ro code  0x0801b474     0x20  stm32f2xx_nvic_1208.o [6]
  CODE               ro code  0x0801b494     0x2a  cpu_a.o [1]
  .text              ro code  0x0801b4c0     0x2c  vsprintf.o [3]
  .text              ro code  0x0801b4ec     0x34  sprintf.o [3]
  .text              ro code  0x0801b520     0x1e  strcat.o [3]
  .text              ro code  0x0801b53e     0x2a  strncmp.o [3]
  .text              ro code  0x0801b568     0x2c  strstr.o [3]
  .text              ro code  0x0801b594     0x32  ABImemset48.o [5]
  .text              ro code  0x0801b5c8     0x4c  os_flag.o [1]
  .text              ro code  0x0801b614     0x40  os_mem.o [1]
  .text              ro code  0x0801b654     0x30  os_q.o [1]
  .text              ro code  0x0801b684    0x5dc  main.o [1]
  .text              ro code  0x0801bc60     0x90  stm32f2xx_rcc.o [6]
  .text              ro code  0x0801bcf0    0xd1e  xprintffull.o [3]
  .text              ro code  0x0801ca10     0x16  strchr.o [5]
  .text              ro code  0x0801ca28     0x3c  stm32f0xx_core.o [6]
  .text              ro code  0x0801ca64   0x125c  aa_test.o [1]
  .text              ro code  0x0801dcc0     0x58  memchr.o [5]
  .text              ro code  0x0801dd18     0xee  I64DivMod.o [5]
  .text              ro code  0x0801de06     0x44  xdnorm.o [4]
  .text              ro code  0x0801de4c     0x2e  DblCmpLe.o [4]
  .text              ro code  0x0801de7c     0x2e  DblCmpGe.o [4]
  .text              ro code  0x0801deac    0x11a  xdscale.o [4]
  .text              ro code  0x0801dfc8     0x58  DblToI32.o [4]
  .text              ro code  0x0801e020     0x30  I32ToDbl.o [4]
  .text              ro code  0x0801e050    0x180  DblSub.o [4]
  .text              ro code  0x0801e1d0    0x1a2  DblMul.o [4]
  .text              ro code  0x0801e374    0x246  DblDiv.o [4]
  .text              ro code  0x0801e5ba      0xe  div.o [3]
  .text              ro code  0x0801e5c8     0x44  strcpy.o [5]
  .text              ro code  0x0801e60c      0x2  I64DivZer.o [5]
  .text              ro code  0x0801e610     0xd4  DblAdd.o [4]
  .text              ro code  0x0801e6e4    0x110  stm32f2xx_it_1208.o [1]
  .text              ro code  0x0801e7f4     0x1c  stm32f2xx_exti.o [6]
  .text              ro code  0x0801e810    0x10c  stm32f2xx_system.o [6]
  .text              ro code  0x0801e91c      0xc  cstartup_M.o [5]
  .text              ro code  0x0801e928     0x16  cmain.o [5]
  .text              ro code  0x0801e940     0x2c  data_init3.o [5]
  .text              ro code  0x0801e96c     0x24  stm32f2xx_main.o [6]
  .text              ro code  0x0801e990      0x4  exit.o [3]
  .text              ro code  0x0801e994      0xa  cexit.o [5]
  .text              ro code  0x0801e9a0      0xc  XXexit.o [5]
  .text              ro code  0x0801e9ac     0xa0  packbits_init3.o [5]
  .rodata            const    0x0801ea4c     0x90  aa_Table.o [1]
  .rodata            const    0x0801eadc     0x7c  aa_test.o [1]
  .text              ro code  0x0801eb58     0x7a  stm32f0xx_macro.o [6]
  .rodata            const    0x0801ebd4     0x34  main.o [1]
  .iar.init_table    const    0x0801ec08     0x50  - Linker created -
  .rodata            const    0x0801ec58     0x1c  cdma.o [1]
  .rodata            const    0x0801ec74      0x0  bwt_init3c.o [5]
  Initializer bytes  ro data  0x0801ec74    0x17a  <for P3 s0>
  Initializer bytes  ro data  0x0801edee     0x58  <for P2 s1>
                            - 0x0801ee46  0x16cc2

"P2", part 1 of 3:                           0x68
  P2 s1                       0x20000000     0x68  <Init block>
    iram             inited   0x20000000     0x34  stm32f2xx_usart1_1208.o [6]
    iram             inited   0x20000034     0x34  stm32f2xx_usart4_1208.o [6]
                            - 0x20000068     0x68

"P2", part 2 of 3:                         0x3e38
  iram               zero     0x20000068    0x9d4  os_core.o [1]
  iram               zero     0x20000a3c    0x800  aa_test.o [1]
  iram               zero     0x2000123c    0x800  stm32f2xx_usart1_1208.o [6]
  iram               zero     0x20001a3c    0x800  stm32f2xx_usart1_1208.o [6]
  iram               zero     0x2000223c    0x600  aa_expio.o [1]
  iram               zero     0x2000283c    0x600  aa_serial1.o [1]
  iram               zero     0x20002e3c    0x400  aa_alc.o [1]
  iram               zero     0x2000323c    0x400  stm32f2xx_usart4_1208.o [6]
  iram               zero     0x2000363c    0x400  stm32f2xx_usart4_1208.o [6]
  iram               zero     0x20003a3c    0x200  stm32f2xx_main.o [6]
  iram               zero     0x20003c3c     0xb4  os_core.o [1]
  iram               zero     0x20003cf0     0x8c  os_core.o [1]
  iram               zero     0x20003d7c     0x80  os_core.o [1]
  iram               zero     0x20003dfc     0x60  os_core.o [1]
  iram               zero     0x20003e5c     0x34  os_core.o [1]
  iram               zero     0x20003e90      0x4  os_core.o [1]
  iram               zero     0x20003e94      0x4  os_core.o [1]
  iram               zero     0x20003e98      0x4  os_core.o [1]
                            - 0x20003e9c   0x3e34

"P2", part 3 of 3:                          0x500
  CSTACK                      0x20003ea0    0x500  <Block>
    CSTACK           uninit   0x20003ea0    0x500  <Block tail>
                            - 0x200043a0    0x500

"P3", part 1 of 2:                         0x12dc
  P3 s0                       0x200043a0   0x12d9  <Init block>
    .data            inited   0x200043a0   0x104c  aa_serial1.o [1]
    .data            inited   0x200053ec     0x60  Alarm.o [1]
    .data            inited   0x2000544c     0x5c  cdma.o [1]
    .data            inited   0x200054a8     0x4c  aa_alc.o [1]
    .data            inited   0x200054f4     0x4c  adcFunc.o [1]
    .data            inited   0x20005540     0x48  aa_test.o [1]
    .data            inited   0x20005588     0x48  bell860s_v0112.o [1]
    .data            inited   0x200055d0     0x24  aa_expio.o [1]
    .data            inited   0x200055f4     0x20  Alarm.o [1]
    .data            inited   0x20005614     0x10  stm32f2xx_rcc.o [6]
    .data            inited   0x20005624      0xc  aa_expio.o [1]
    .data            inited   0x20005630      0xc  cdma.o [1]
    .data            inited   0x2000563c      0xc  cdma.o [1]
    .data            inited   0x20005648      0x8  aa_test.o [1]
    .data            inited   0x20005650      0x4  PCA9555.o [1]
    .data            inited   0x20005654      0x4  aa_alc.o [1]
    .data            inited   0x20005658      0x4  aa_protocol.o [1]
    .data            inited   0x2000565c      0x4  aa_protocol.o [1]
    .data            inited   0x20005660      0x4  aa_protocol.o [1]
    .data            inited   0x20005664      0x4  aa_protocol.o [1]
    .data            inited   0x20005668      0x4  bell860s_v0112.o [1]
    .data            inited   0x2000566c      0x4  cdma.o [1]
    .data            inited   0x20005670      0x3  cdma.o [1]
    .data            inited   0x20005673      0x2  aa_alc.o [1]
    .data            inited   0x20005675      0x1  aa_expio.o [1]
    .data            inited   0x20005676      0x1  aa_expio.o [1]
    .data            inited   0x20005677      0x1  aa_expio.o [1]
    .data            inited   0x20005678      0x1  main.o [1]
                            - 0x20005679   0x12d9

"P3", part 2 of 2:                         0x5c00
  .bss               zero     0x2000567c   0x25a4  cdma.o [1]
  .bss               zero     0x20007c20    0x988  aa_protocol.o [1]
  .bss               zero     0x200085a8    0x808  bell860s_v0112.o [1]
  .bss               zero     0x20008db0    0x56c  aa_protocol.o [1]
  .bss               zero     0x2000931c    0x404  bell860s_v0112.o [1]
  .bss               zero     0x20009720    0x33c  aa_serial1.o [1]
  .bss               zero     0x20009a5c    0x2bc  cdma.o [1]
  .bss               zero     0x20009d18    0x200  cdma.o [1]
  .bss               zero     0x20009f18    0x1f4  aa_Table.o [1]
  .bss               zero     0x2000a10c    0x190  lib_timer_1212.o [7]
  .bss               zero     0x2000a29c    0x100  cdma.o [1]
  .bss               zero     0x2000a39c     0xc8  adcFunc.o [1]
  .bss               zero     0x2000a464     0xc8  adcFunc.o [1]
  .bss               zero     0x2000a52c     0xc8  adcFunc.o [1]
  .bss               zero     0x2000a5f4     0xc8  adcFunc.o [1]
  .bss               zero     0x2000a6bc     0xc8  adcFunc.o [1]
  .bss               zero     0x2000a784     0xc8  adcFunc.o [1]
  .bss               zero     0x2000a84c     0xc8  adcFunc.o [1]
  .bss               zero     0x2000a914     0xc8  adcFunc.o [1]
  .bss               zero     0x2000a9dc     0xc8  adcFunc.o [1]
  .bss               zero     0x2000aaa4     0xc8  adcFunc.o [1]
  .bss               zero     0x2000ab6c     0xc8  adcFunc.o [1]
  .bss               zero     0x2000ac34     0xc8  adcFunc.o [1]
  .bss               zero     0x2000acfc     0xc0  aa_protocol.o [1]
  .bss               zero     0x2000adbc     0x9c  aa_test.o [1]
  .bss               zero     0x2000ae58     0x70  cdma.o [1]
  .bss               zero     0x2000aec8     0x44  bell860s_v0112.o [1]
  .bss               zero     0x2000af0c     0x40  aa_alc.o [1]
  .bss               zero     0x2000af4c     0x40  adcFunc.o [1]
  .bss               zero     0x2000af8c     0x3c  aa_serial1.o [1]
  .bss               zero     0x2000afc8     0x3c  adcFunc.o [1]
  .bss               zero     0x2000b004     0x34  aa_test.o [1]
  .bss               zero     0x2000b038     0x28  aa_alc.o [1]
  .bss               zero     0x2000b060     0x28  aa_alc.o [1]
  .bss               zero     0x2000b088     0x28  aa_alc.o [1]
  .bss               zero     0x2000b0b0     0x20  Alarm.o [1]
  .bss               zero     0x2000b0d0     0x20  aa_test.o [1]
  .bss               zero     0x2000b0f0     0x18  PCA9555.o [1]
  .bss               zero     0x2000b108     0x18  aa_expio.o [1]
  .bss               zero     0x2000b120     0x18  adf411x.o [1]
  .bss               zero     0x2000b138     0x14  aa_alc.o [1]
  .bss               zero     0x2000b14c     0x14  aa_expio.o [1]
  .bss               zero     0x2000b160     0x14  adcFunc.o [1]
  .bss               zero     0x2000b174     0x14  adcFunc.o [1]
  .bss               zero     0x2000b188     0x14  adcFunc.o [1]
  .bss               zero     0x2000b19c     0x14  adcFunc.o [1]
  .bss               zero     0x2000b1b0     0x14  bell860s_v0112.o [1]
  .bss               zero     0x2000b1c4     0x10  aa_alc.o [1]
  .bss               zero     0x2000b1d4     0x10  aa_alc.o [1]
  .bss               zero     0x2000b1e4     0x10  bell860s_v0112.o [1]
  .bss               zero     0x2000b1f4     0x10  cdma.o [1]
  .bss               zero     0x2000b204     0x10  cdma.o [1]
  .bss               zero     0x2000b214      0xc  aa_expio.o [1]
  .bss               zero     0x2000b220      0xc  aa_expio.o [1]
  .bss               zero     0x2000b22c      0xc  cdma.o [1]
  .bss               zero     0x2000b238      0x8  aa_expio.o [1]
  .bss               zero     0x2000b240      0x8  main.o [1]
  .bss               zero     0x2000b248      0x4  Alarm.o [1]
  .bss               zero     0x2000b24c      0x4  aa_Table.o [1]
  .bss               zero     0x2000b250      0x4  aa_alc.o [1]
  .bss               zero     0x2000b254      0x4  aa_expio.o [1]
  .bss               zero     0x2000b258      0x4  aa_expio.o [1]
  .bss               zero     0x2000b25c      0x4  aa_test.o [1]
  .bss               zero     0x2000b260      0x2  aa_expio.o [1]
  .bss               zero     0x2000b262      0x2  bell860s_v0112.o [1]
  .bss               zero     0x2000b264      0x2  cdma.o [1]
  .bss               zero     0x2000b266      0x1  Alarm.o [1]
  .bss               zero     0x2000b267      0x1  Alarm.o [1]
  .bss               zero     0x2000b268      0x1  aa_alc.o [1]
  .bss               zero     0x2000b269      0x1  aa_alc.o [1]
  .bss               zero     0x2000b26a      0x1  aa_alc.o [1]
  .bss               zero     0x2000b26b      0x1  aa_alc.o [1]
  .bss               zero     0x2000b26c      0x1  aa_alc.o [1]
  .bss               zero     0x2000b26d      0x1  aa_alc.o [1]
  .bss               zero     0x2000b26e      0x1  aa_alc.o [1]
  .bss               zero     0x2000b26f      0x1  aa_alc.o [1]
  .bss               zero     0x2000b270      0x1  aa_alc.o [1]
  .bss               zero     0x2000b271      0x1  aa_expio.o [1]
  .bss               zero     0x2000b272      0x1  aa_expio.o [1]
  .bss               zero     0x2000b273      0x1  aa_expio.o [1]
  .bss               zero     0x2000b274      0x1  aa_expio.o [1]
  .bss               zero     0x2000b275      0x1  aa_serial1.o [1]
  .bss               zero     0x2000b276      0x1  aa_test.o [1]
  .bss               zero     0x2000b277      0x1  aa_test.o [1]
  .bss               zero     0x2000b278      0x1  cdma.o [1]
  .bss               zero     0x2000b279      0x1  cdma.o [1]
  .bss               zero     0x2000b27a      0x1  cdma.o [1]
  .bss               zero     0x2000b27b      0x1  cdma.o [1]
                            - 0x2000b27c   0x5c00


*******************************************************************************
*** INIT TABLE
***

          Address     Size
          -------     ----
Zero (__iar_zero_init3)
    2 destination ranges, total size 0x9a34:
          0x20000068  0x3e34
          0x2000567c  0x5c00

Copy/packbits (__iar_packbits_init3)
    1 source range, total size 0x17a (7% of destination):
          0x0801ec74   0x17a
    1 destination range, total size 0x12d9:
          0x200043a0  0x12d9

Copy/packbits (__iar_packbits_init3)
    1 source range, total size 0x58 (84% of destination):
          0x0801edee    0x58
    1 destination range, total size 0x68:
          0x20000000    0x68



*******************************************************************************
*** MODULE SUMMARY
***

    Module                   ro code  ro data  rw data
    ------                   -------  -------  -------
D:\Project\TRIO\2.TRIO-MR\appl_stm207_20141204_RvsALC_20151223\out: [1]
    Alarm.o                    2 696       11      166
    PCA9555.o                    508        1       28
    aa_Table.o                 8 524      144      504
    aa_alc.o                   8 928        6    1 355
    aa_expio.o                 9 238        4    1 677
    aa_protocol.o             16 666        1    4 036
    aa_serial1.o               2 600      326    6 597
    aa_test.o                  4 700      130    2 374
    adcFunc.o                    704        6    2 680
    adf411x.o                    492                24
    bell860s_v0112.o           9 140        5    3 266
    cdma.o                    11 468       38   11 389
    cpu_a.o                       42
    exlib.o                       42
    main.o                     1 500       53        9
    os_core.o                  1 488             3 124
    os_cpu_a.o                   160
    os_cpu_c.o                   126
    os_dbg.o                                2
    os_flag.o                     76
    os_mem.o                      64
    os_q.o                        48
    os_sem.o                     306
    os_task.o                    148
    os_time.o                     84
    stm32f2xx_it_1208.o          272
    stm32f2xx_vector.o                    388
    swab.o                        14
    --------------------------------------------------
    Total:                    80 034    1 115   37 229

command line: [2]
    --------------------------------------------------
    Total:

dl7M_tln.a: [3]
    div.o                         14
    exit.o                         4
    sprintf.o                     52
    strcat.o                      30
    strncmp.o                     42
    strstr.o                      44
    vsprintf.o                    44
    xprintffull.o              3 358
    xsprout.o                     10
    --------------------------------------------------
    Total:                     3 598

m7M_tl.a: [4]
    DblAdd.o                     212
    DblCmpGe.o                    46
    DblCmpLe.o                    46
    DblDiv.o                     582
    DblMul.o                     418
    DblSub.o                     384
    DblToI32.o                    88
    I32ToDbl.o                    48
    xdnorm.o                      68
    xdscale.o                    282
    --------------------------------------------------
    Total:                     2 174

rt7M_tl.a: [5]
    ABImemclr.o                    6
    ABImemclr4.o                   6
    ABImemcpy.o                  118
    ABImemset.o                  102
    ABImemset48.o                 50
    I64DivMod.o                  238
    I64DivZer.o                    2
    XXexit.o                      12
    bwt_init3c.o
    cexit.o                       10
    cmain.o                       22
    cstartup_M.o                  12
    data_init3.o                  44
    memchr.o                      88
    memcmp.o                      98
    packbits_init3.o             160
    strchr.o                      22
    strcpy.o                      68
    strlen.o                      54
    zero_init3.o                  34
    --------------------------------------------------
    Total:                     1 146

stm32F_cpulib_prj_v62.a: [6]
    stm32f0xx_core.o              60
    stm32f0xx_macro.o            122
    stm32f2xx_exti.o              28
    stm32f2xx_flash_1208.o       708
    stm32f2xx_gpio_1212.o        138
    stm32f2xx_iwdg.o              52
    stm32f2xx_main.o              36               512
    stm32f2xx_nvic_1208.o         32
    stm32f2xx_rcc.o              144        1       16
    stm32f2xx_system.o           268
    stm32f2xx_usart.o            228
    stm32f2xx_usart1_1208.o      720       44    4 148
    stm32f2xx_usart4_1208.o      720       44    2 100
    --------------------------------------------------
    Total:                     3 256       89    6 776

stm32F_devlib_prj_v62.a: [7]
    lib_24c64_1208.o             792
    lib_extdev_1208.o            980
    lib_timer_1212.o             454               400
    --------------------------------------------------
    Total:                     2 226               400

    Gaps                          46        2
    Linker created                         80    1 280
------------------------------------------------------
    Grand Total:              92 480    1 286   45 685


*******************************************************************************
*** ENTRY LIST
***

Entry                      Address    Size  Type      Object
-----                      -------    ----  ----      ------
?main                   0x0801e929          Code  Gb  cmain.o [5]
ACFailCnt               0x2000562e     0x1  Data  Gb  aa_expio.o [1]
ACKEEprom               0x0800e575    0x20  Code  Gb  lib_24c64_1208.o [7]
ACKpPCA9555             0x08015337    0x1a  Code  Gb  PCA9555.o [1]
ADC1_SWStart            0x0801b1c1    0x5a  Code  Gb  adcFunc.o [1]
ADC3Index               0x2000af4e     0x1  Data  Gb  adcFunc.o [1]
ADC3_IRQHandler         0x0801e7af     0x2  Code  Gb  stm32f2xx_it_1208.o [1]
ADCIndex                0x2000af4c     0x1  Data  Gb  adcFunc.o [1]
ADCInit                 0x0801b0d1    0xd4  Code  Gb  adcFunc.o [1]
ADCSTART                0x2000af50    0x14  Data  Gb  adcFunc.o [1]
ADC_AVR                 0x200054f4    0x4c  Data  Gb  adcFunc.o [1]
ADC_AVR_VALUE0          0x2000a39c    0xc8  Data  Gb  adcFunc.o [1]
ADC_AVR_VALUE1          0x2000a464    0xc8  Data  Gb  adcFunc.o [1]
ADC_AVR_VALUE10         0x2000ab6c    0xc8  Data  Gb  adcFunc.o [1]
ADC_AVR_VALUE11         0x2000ac34    0xc8  Data  Gb  adcFunc.o [1]
ADC_AVR_VALUE12         0x2000b160    0x14  Data  Gb  adcFunc.o [1]
ADC_AVR_VALUE13         0x2000b174    0x14  Data  Gb  adcFunc.o [1]
ADC_AVR_VALUE14         0x2000b188    0x14  Data  Gb  adcFunc.o [1]
ADC_AVR_VALUE15         0x2000b19c    0x14  Data  Gb  adcFunc.o [1]
ADC_AVR_VALUE2          0x2000a52c    0xc8  Data  Gb  adcFunc.o [1]
ADC_AVR_VALUE3          0x2000a5f4    0xc8  Data  Gb  adcFunc.o [1]
ADC_AVR_VALUE4          0x2000a6bc    0xc8  Data  Gb  adcFunc.o [1]
ADC_AVR_VALUE5          0x2000a784    0xc8  Data  Gb  adcFunc.o [1]
ADC_AVR_VALUE6          0x2000a84c    0xc8  Data  Gb  adcFunc.o [1]
ADC_AVR_VALUE7          0x2000a914    0xc8  Data  Gb  adcFunc.o [1]
ADC_AVR_VALUE8          0x2000a9dc    0xc8  Data  Gb  adcFunc.o [1]
ADC_AVR_VALUE9          0x2000aaa4    0xc8  Data  Gb  adcFunc.o [1]
ADC_ChannelEnable       0x0801b1b7     0xa  Code  Gb  adcFunc.o [1]
ADC_CheckFinish         0x0801b1a5    0x12  Code  Gb  adcFunc.o [1]
ADC_DATA1               0x2000afc8    0x3c  Data  Gb  adcFunc.o [1]
ADC_IRQHandler          0x0801e771     0x4  Code  Gb  stm32f2xx_it_1208.o [1]
ADC_IRQInitHandler      0x0801b253    0x54  Code  Gb  adcFunc.o [1]
ADC_Select              0x08010a65    0x40  Code  Gb  aa_expio.o [1]
ADC_WRCNT               0x2000af64    0x28  Data  Gb  adcFunc.o [1]
AGCCheck                0x080166d5    0x8c  Code  Gb  aa_alc.o [1]
AGCCheckFunction        0x080163c5   0x1f0  Code  Gb  aa_alc.o [1]
ALCCheckFunction        0x080165b5   0x114  Code  Gb  aa_alc.o [1]
APBAHBPrescTable        0x20005614    0x10  Data  Lc  stm32f2xx_rcc.o [6]
ASTART                  0x2000af4d     0x1  Data  Gb  adcFunc.o [1]
ASTART3                 0x2000af4f     0x1  Data  Gb  adcFunc.o [1]
Ac_Sd_Flag              0x2000b138     0x1  Data  Gb  aa_alc.o [1]
AdInputStatus           0x0801cec5   0x356  Code  Gb  aa_test.o [1]
AdcBuffMax              0x0801b344    0x4c  Data  Gb  adcFunc.o [1]
AdcStep0                0x20005673     0x1  Data  Gb  aa_alc.o [1]
AdcStep1                0x20005674     0x1  Data  Gb  aa_alc.o [1]
AdctoVolt33V            0x0801b227     0xe  Code  Gb  adcFunc.o [1]
AlarmCheck              0x0800ef3d   0xbce  Code  Gb  aa_expio.o [1]
AlarmCheck_2G           0x2000562b     0x1  Data  Gb  aa_expio.o [1]
AlarmCheck_LTE          0x2000562c     0x1  Data  Gb  aa_expio.o [1]
AlarmCheck_LTE_A2       0x2000562d     0x1  Data  Gb  aa_expio.o [1]
AlarmInitialize         0x080177a9    0x46  Code  Gb  aa_alc.o [1]
AlarmStatusUpdate       0x0800fdbd   0x152  Code  Gb  aa_expio.o [1]
AlcInit                 0x080155a9    0x10  Code  Gb  aa_alc.o [1]
AlcSem                  0x2000b250     0x4  Data  Gb  aa_alc.o [1]
AlcTask                 0x080155b9    0x86  Code  Gb  aa_alc.o [1]
AlcTaskStk              0x20002e3c   0x400  Data  Lc  aa_alc.o [1]
AmpBitReason            0x08017563    0x92  Code  Gb  aa_alc.o [1]
Amp_Step                0x20005654     0x4  Data  Gb  aa_alc.o [1]
AnalyzeAidData          0x0800c1d9    0x8c  Code  Gb  aa_protocol.o [1]
AttTable_Alarm_check    0x08013fbb   0x1b4  Code  Gb  Alarm.o [1]
AttnBufferInit          0x08010683    0x3c  Code  Gb  aa_expio.o [1]
AttnCS0Val              0x2000b238     0x4  Data  Gb  aa_expio.o [1]
AttnCS1Val              0x2000b23c     0x4  Data  Gb  aa_expio.o [1]
AttnDataOutput          0x080106cd   0x364  Code  Gb  aa_expio.o [1]
AttnOffsetTable         0x20005660     0x4  Data  Gb  aa_protocol.o [1]
AttnOffsetTableB        0x20008db0   0x56c  Data  Gb  aa_protocol.o [1]
AttnTblAlarm            0x2000b108    0x18  Data  Gb  aa_expio.o [1]
AttnTempTable           0x20005664     0x4  Data  Gb  aa_protocol.o [1]
AttnTempTableB          0x2000acfc    0xc0  Data  Gb  aa_protocol.o [1]
AutoResetCheck          0x08011083    0x60  Code  Gb  cdma.o [1]
AutoResetCnt            0x20005480     0x4  Data  Gb  cdma.o [1]
AutoResetFlg            0x20005465     0x1  Data  Gb  cdma.o [1]
AutoRptChk              0x080118e5    0xde  Code  Gb  cdma.o [1]
AutoTimeChk             0x0801186d    0x78  Code  Gb  cdma.o [1]
Auto_ResetCheckInit     0x08011011    0x4a  Code  Gb  cdma.o [1]
Average_Sum             0x0801b315    0x28  Code  Gb  adcFunc.o [1]
BalanceMode             0x080176ab    0xfe  Code  Gb  aa_alc.o [1]
BalanceModeFunc         0x080175f5    0xb6  Code  Gb  aa_alc.o [1]
BcMEsnNum               0x200055a0     0x8  Data  Gb  bell860s_v0112.o [1]
BcMFreqStateCheck       0x08018b4d   0xc3a  Code  Gb  bell860s_v0112.o [1]
BcMMaker                0x2000558f     0x1  Data  Gb  bell860s_v0112.o [1]
BcMPilotStateCheck      0x08019791   0x41c  Code  Gb  bell860s_v0112.o [1]
BcMPilotStatus          0x20005668     0x4  Data  Gb  bell860s_v0112.o [1]
BcMPilotStatusB         0x2000b1e4    0x10  Data  Gb  bell860s_v0112.o [1]
BcMRfStatus             0x200055cc     0x4  Data  Gb  bell860s_v0112.o [1]
BcMRfStatusB            0x2000aec8    0x44  Data  Gb  bell860s_v0112.o [1]
BcMRtryNo               0x2000558e     0x1  Data  Gb  bell860s_v0112.o [1]
BcMSrcTel               0x20005594     0xc  Data  Gb  bell860s_v0112.o [1]
BcMTimerRx              0x200055bc     0x2  Data  Gb  bell860s_v0112.o [1]
BcMType                 0x20005590     0x1  Data  Gb  bell860s_v0112.o [1]
BcMVerNum               0x20005588     0x4  Data  Gb  bell860s_v0112.o [1]
BcMdebug                0x2000558c     0x1  Data  Gb  bell860s_v0112.o [1]
BcMdemCalling           0x08019d3f    0xae  Code  Gb  bell860s_v0112.o [1]
BcMdemCommad            0x08019e0d   0x184  Code  Gb  bell860s_v0112.o [1]
BcMdemDataProtocolCheck
                        0x0801878d   0x374  Code  Gb  bell860s_v0112.o [1]
BcMdemDebug             0x08017f59    0x10  Code  Gb  bell860s_v0112.o [1]
BcMdemInit              0x08017f69   0x108  Code  Gb  bell860s_v0112.o [1]
BcMdemMSGSentTx         0x080181af    0xd2  Code  Gb  bell860s_v0112.o [1]
BcMdemMSGTx             0x080180dd    0xd2  Code  Gb  bell860s_v0112.o [1]
BcMdemRecv              0x0801a083   0x13a  Code  Gb  bell860s_v0112.o [1]
BcMdemSyncCheck         0x0801843d   0x1fa  Code  Gb  bell860s_v0112.o [1]
BcMdemSyncProtocolCheck
                        0x080183c1    0x78  Code  Gb  bell860s_v0112.o [1]
BcMdemTCPRxCheck        0x0801834d    0x6e  Code  Gb  bell860s_v0112.o [1]
BcMdemTCPTx             0x080182c1    0x70  Code  Gb  bell860s_v0112.o [1]
BcMdemTcpConnect        0x08019bad   0x116  Code  Gb  bell860s_v0112.o [1]
BcMdemTcpExit           0x08019cc3    0x7c  Code  Gb  bell860s_v0112.o [1]
BcMdemXmit              0x080180ad    0x30  Code  Gb  bell860s_v0112.o [1]
BcMpresentTime          0x200055c8     0x4  Data  Gb  bell860s_v0112.o [1]
BcMpresentTimeB         0x2000b1b0    0x14  Data  Gb  bell860s_v0112.o [1]
BcdemPilotGet           0x0801a1bd    0x36  Code  Gb  bell860s_v0112.o [1]
BcdemRfStsGet           0x0801a013    0x70  Code  Gb  bell860s_v0112.o [1]
BcdemTimeGet            0x08019f91    0x82  Code  Gb  bell860s_v0112.o [1]
BlinkFlag               0x2000af22     0x1  Data  Gb  aa_alc.o [1]
BootAlarmFlag           0x2000b22c     0x1  Data  Gb  cdma.o [1]
BubbleSort              0x0801b2e1    0x34  Code  Gb  adcFunc.o [1]
BusFaultException       0x0801e6eb     0x2  Code  Gb  stm32f2xx_it_1208.o [1]
CAN2_RX0_IRQHandler     0x0801e7d3     0x2  Code  Gb  stm32f2xx_it_1208.o [1]
CAN2_RX1_IRQHandler     0x0801e7d5     0x2  Code  Gb  stm32f2xx_it_1208.o [1]
CAN2_SCE_IRQHandler     0x0801e7d7     0x2  Code  Gb  stm32f2xx_it_1208.o [1]
CAN2_TX_IRQHandler      0x0801e7d1     0x2  Code  Gb  stm32f2xx_it_1208.o [1]
CAN_RX1_IRQHandler      0x0801e779     0x2  Code  Gb  stm32f2xx_it_1208.o [1]
CAN_SCE_IRQHandler      0x0801e77b     0x2  Code  Gb  stm32f2xx_it_1208.o [1]
CDMATaskStk             0x20007708   0x400  Data  Lc  cdma.o [1]
COMTestFunc             0x0801d21b    0x80  Code  Gb  aa_test.o [1]
CPU_CntLeadZeros        0x0801b4ab          Code  Gb  cpu_a.o [1]
CPU_IntDis              0x0801b495          Code  Gb  cpu_a.o [1]
CPU_IntEn               0x0801b499          Code  Gb  cpu_a.o [1]
CPU_RevBits             0x0801b4b1          Code  Gb  cpu_a.o [1]
CPU_SR_Restore          0x0801b4a5          Code  Gb  cpu_a.o [1]
CPU_SR_Save             0x0801b49d          Code  Gb  cpu_a.o [1]
CPU_WaitForExcept       0x0801b4bb          Code  Gb  cpu_a.o [1]
CPU_WaitForInt          0x0801b4b7          Code  Gb  cpu_a.o [1]
CRYP_IRQHandler         0x0801e7f1     0x2  Code  Gb  stm32f2xx_it_1208.o [1]
CSTACK$$Base            0x20003ea0           --   Gb  - Linker created -
CSTACK$$Limit           0x200043a0           --   Gb  - Linker created -
CdmaFuncselect          0x08010be1    0x38  Code  Gb  cdma.o [1]
CdmaModemHangUp         0x08019df3     0x4  Code  Gb  bell860s_v0112.o [1]
CdmaModemTrafficCheck   0x08019ded     0x6  Code  Gb  bell860s_v0112.o [1]
CdmaSem                 0x200056b8     0x4  Data  Gb  cdma.o [1]
CheckSoftTimer          0x08014345    0x5e  Code  Gb  lib_timer_1212.o [7]
CheckTime               0x0801105b    0x28  Code  Gb  cdma.o [1]
ChkAttChange            0x2000b214     0x1  Data  Gb  aa_expio.o [1]
ChkBandSelet            0x200055e6     0x1  Data  Gb  aa_expio.o [1]
ChkPllFregOffset_LTE    0x2000b272     0x1  Data  Gb  aa_expio.o [1]
ChkRvsOtherOverInAlarm  0x2000562a     0x1  Data  Gb  aa_expio.o [1]
ChkRvsOverInAlarm       0x2000562f     0x1  Data  Gb  aa_expio.o [1]
ChkTableAlarm           0x20005627     0x1  Data  Gb  aa_expio.o [1]
Chk_Reset               0x20005624     0x1  Data  Gb  aa_expio.o [1]
Chk_RvsOSCAlarmCount    0x2000b261     0x1  Data  Gb  aa_expio.o [1]
Crc16Calc               0x080178a7    0x4a  Code  Gb  lib_extdev_1208.o [7]
Crc_tbl                 0x08017a5c   0x200  Data  Gb  lib_extdev_1208.o [7]
CurrAgcAttn_2G          0x2000b26e     0x1  Data  Gb  aa_alc.o [1]
CurrAgcAttn_3G          0x2000b26d     0x1  Data  Gb  aa_alc.o [1]
CurrAgcAttn_LTE         0x2000b26f     0x1  Data  Gb  aa_alc.o [1]
CurrAgcAttn_LTE_A2      0x2000b270     0x1  Data  Gb  aa_alc.o [1]
CurrAlarm               0x2000b248     0x4  Data  Gb  Alarm.o [1]
CurrFwdAttn1_2G         0x200055d0     0x1  Data  Gb  aa_expio.o [1]
CurrFwdAttn1_3G         0x200055e0     0x1  Data  Gb  aa_expio.o [1]
CurrFwdAttn1_CDMALTE    0x200055d8     0x1  Data  Gb  aa_expio.o [1]
CurrFwdAttn1_LTE        0x200055d4     0x1  Data  Gb  aa_expio.o [1]
CurrFwdAttn1_LTE_A2     0x200055da     0x1  Data  Gb  aa_expio.o [1]
CurrFwdAttn2_3G         0x200055e1     0x1  Data  Gb  aa_expio.o [1]
CurrFwdAttn2_LTE_A2     0x200055db     0x1  Data  Gb  aa_expio.o [1]
CurrLOFREQ_LTE          0x200055f0     0x4  Data  Gb  aa_expio.o [1]
CurrLTE15MUse           0x200055e8     0x1  Data  Gb  aa_expio.o [1]
CurrModemOnOff          0x200055e9     0x1  Data  Gb  aa_expio.o [1]
CurrRvsAlcAttn_2G       0x200054f1     0x1  Data  Gb  aa_alc.o [1]
CurrRvsAlcAttn_3G       0x200054f0     0x1  Data  Gb  aa_alc.o [1]
CurrRvsAlcAttn_LTE      0x200054f2     0x1  Data  Gb  aa_alc.o [1]
CurrRvsAlcAttn_LTE_A2   0x200054f3     0x1  Data  Gb  aa_alc.o [1]
CurrRvsAttn1_2G         0x200055d1     0x1  Data  Gb  aa_expio.o [1]
CurrRvsAttn1_3G         0x200055e2     0x1  Data  Gb  aa_expio.o [1]
CurrRvsAttn1_CDMALTE    0x200055d9     0x1  Data  Gb  aa_expio.o [1]
CurrRvsAttn1_LTE        0x200055d5     0x1  Data  Gb  aa_expio.o [1]
CurrRvsAttn1_LTE_A2     0x200055dc     0x1  Data  Gb  aa_expio.o [1]
CurrRvsAttn2_2G         0x200055d2     0x1  Data  Gb  aa_expio.o [1]
CurrRvsAttn2_3G         0x200055e3     0x1  Data  Gb  aa_expio.o [1]
CurrRvsAttn2_LTE        0x200055d6     0x1  Data  Gb  aa_expio.o [1]
CurrRvsAttn2_LTE_A2     0x200055dd     0x1  Data  Gb  aa_expio.o [1]
CurrRvsAttn3_2G         0x200055d3     0x1  Data  Gb  aa_expio.o [1]
CurrRvsAttn3_3G         0x200055e4     0x1  Data  Gb  aa_expio.o [1]
CurrRvsAttn3_LTE        0x200055d7     0x1  Data  Gb  aa_expio.o [1]
CurrRvsAttn3_LTE_A2     0x200055de     0x1  Data  Gb  aa_expio.o [1]
CurrRvsAttn4_3G         0x200055e5     0x1  Data  Gb  aa_expio.o [1]
CurrRvsAttn4_LTE_A2     0x200055df     0x1  Data  Gb  aa_expio.o [1]
CurrRvsBalanceAtt_2G    0x20005675     0x1  Data  Gb  aa_expio.o [1]
CurrRvsBalanceAtt_3G    0x20005676     0x1  Data  Gb  aa_expio.o [1]
CurrRvsBalanceAtt_LTEA  0x20005677     0x1  Data  Gb  aa_expio.o [1]
CurrentInputStatus      0x0801d2a1    0xbc  Code  Gb  aa_test.o [1]
DCMI_IRQHandler         0x0801e7ef     0x2  Code  Gb  stm32f2xx_it_1208.o [1]
DMA2_Stream0_IRQHandler
                        0x0801e7c3     0x2  Code  Gb  stm32f2xx_it_1208.o [1]
DMA2_Stream1_IRQHandler
                        0x0801e7c5     0x2  Code  Gb  stm32f2xx_it_1208.o [1]
DMA2_Stream2_IRQHandler
                        0x0801e7c7     0x2  Code  Gb  stm32f2xx_it_1208.o [1]
DMA2_Stream3_IRQHandler
                        0x0801e7c9     0x2  Code  Gb  stm32f2xx_it_1208.o [1]
DMA2_Stream4_IRQHandler
                        0x0801e7cb     0x2  Code  Gb  stm32f2xx_it_1208.o [1]
DMA2_Stream5_IRQHandler
                        0x0801e7db     0x2  Code  Gb  stm32f2xx_it_1208.o [1]
DMA2_Stream6_IRQHandler
                        0x0801e7dd     0x2  Code  Gb  stm32f2xx_it_1208.o [1]
DMA2_Stream7_IRQHandler
                        0x0801e7df     0x2  Code  Gb  stm32f2xx_it_1208.o [1]
DMAChannel1_IRQHandler  0x0801e763     0x2  Code  Gb  stm32f2xx_it_1208.o [1]
DMAChannel2_IRQHandler  0x0801e765     0x2  Code  Gb  stm32f2xx_it_1208.o [1]
DMAChannel3_IRQHandler  0x0801e767     0x2  Code  Gb  stm32f2xx_it_1208.o [1]
DMAChannel4_IRQHandler  0x0801e769     0x2  Code  Gb  stm32f2xx_it_1208.o [1]
DMAChannel5_IRQHandler  0x0801e76b     0x2  Code  Gb  stm32f2xx_it_1208.o [1]
DMAChannel6_IRQHandler  0x0801e76d     0x2  Code  Gb  stm32f2xx_it_1208.o [1]
DMAChannel7_IRQHandler  0x0801e76f     0x2  Code  Gb  stm32f2xx_it_1208.o [1]
DataConv                0x08012c3d    0x2e  Code  Gb  cdma.o [1]
DataCount               0x200043b8     0x4  Data  Gb  aa_serial1.o [1]
DebugMonitor            0x0801e6ef     0x2  Code  Gb  stm32f2xx_it_1208.o [1]
DefaultTable            0x0800cba7   0xec0  Code  Gb  aa_Table.o [1]
DefaultTableSet         0x0800ca2d   0x172  Code  Gb  aa_Table.o [1]
DefaultValueSet         0x0800c825   0x1ec  Code  Gb  aa_Table.o [1]
DigitalInputDiplay      0x0801d5bd    0xb4  Code  Gb  aa_test.o [1]
DnReceiveData           0x0801472f    0x76  Code  Gb  aa_serial1.o [1]
Dnr0_ReadPwrTable       0x080172c5   0x29e  Code  Gb  aa_alc.o [1]
DnrAlarmCheckUpdate     0x08013895    0x4a  Code  Gb  Alarm.o [1]
DnrAlarmReport          0x080132a1   0x544  Code  Gb  cdma.o [1]
DnrIpAddressAck         0x08011d91    0x90  Code  Gb  cdma.o [1]
DnrPacketReadyFunc      0x08011e21    0x58  Code  Gb  cdma.o [1]
DnrSMS2Data             0x08010c19    0x92  Code  Gb  cdma.o [1]
DnrSmsTask              0x08010cad   0x33e  Code  Gb  cdma.o [1]
DnrVerString            0x2000566c     0x4  Data  Gb  cdma.o [1]
DownFlagSet             0x08017889    0x18  Code  Gb  lib_extdev_1208.o [7]
DownLoadBootingJump     0x08017a17     0xe  Code  Gb  lib_extdev_1208.o [7]
DownLoadGiveupTimerChk1
                        0x0801455d    0x1a  Code  Gb  aa_serial1.o [1]
DownLoadGiveupTimerSet  0x08014545    0x18  Code  Gb  aa_serial1.o [1]
DownloadFlagClr         0x080178a1     0x6  Code  Gb  lib_extdev_1208.o [7]
DownloadFlagSet         0x080179c1    0x16  Code  Gb  lib_extdev_1208.o [7]
DownloadFunc            0x08014581   0x1ae  Code  Gb  aa_serial1.o [1]
EEpromInit              0x0800e40d    0x2a  Code  Gb  lib_24c64_1208.o [7]
ETH_IRQHandler          0x0801e7cd     0x2  Code  Gb  stm32f2xx_it_1208.o [1]
ETH_WKUP_IRQHandler     0x0801e7cf     0x2  Code  Gb  stm32f2xx_it_1208.o [1]
EXTI0_IRQHandler        0x0801e71d    0x36  Code  Gb  stm32f2xx_it_1208.o [1]
EXTI15_10_IRQHandler    0x0801e7a1     0x2  Code  Gb  stm32f2xx_it_1208.o [1]
EXTI1_IRQHandler        0x0801e75b     0x2  Code  Gb  stm32f2xx_it_1208.o [1]
EXTI2_IRQHandler        0x0801e75d     0x2  Code  Gb  stm32f2xx_it_1208.o [1]
EXTI3_IRQHandler        0x0801e75f     0x2  Code  Gb  stm32f2xx_it_1208.o [1]
EXTI4_IRQHandler        0x0801e761     0x2  Code  Gb  stm32f2xx_it_1208.o [1]
EXTI9_5_IRQHandler      0x0801e77d     0x2  Code  Gb  stm32f2xx_it_1208.o [1]
EXTI_GetITStatus        0x0801e7f5    0x16  Code  Gb  stm32f2xx_exti.o [6]
EcIoFlag                0x2000ae6d     0x1  Data  Gb  cdma.o [1]
EcIoNew                 0x2000ae6c     0x1  Data  Gb  cdma.o [1]
EcIoOld                 0x2000ae6e     0x1  Data  Gb  cdma.o [1]
EsnChecksumH            0x2000b264     0x1  Data  Gb  cdma.o [1]
EsnChecksumL            0x2000b265     0x1  Data  Gb  cdma.o [1]
ExpSem                  0x2000b21c     0x4  Data  Gb  aa_expio.o [1]
ExpioInit               0x0800e725    0x22  Code  Gb  aa_expio.o [1]
ExpioSem                0x2000b254     0x4  Data  Gb  aa_expio.o [1]
ExpioTask               0x0800e749   0x16e  Code  Gb  aa_expio.o [1]
ExpioTaskStk            0x2000223c   0x600  Data  Lc  aa_expio.o [1]
FLASH_EraseSector       0x0801adf1    0x54  Code  Gb  stm32f2xx_flash_1208.o [6]
FLASH_GetStatus         0x0801aef3    0x2e  Code  Gb  stm32f2xx_flash_1208.o [6]
FLASH_IRQHandler        0x0801e719     0x2  Code  Gb  stm32f2xx_it_1208.o [1]
FLASH_If_Erase          0x0801ada5    0x16  Code  Gb  stm32f2xx_flash_1208.o [6]
FLASH_If_EraseFunc      0x0801adbb    0x36  Code  Gb  stm32f2xx_flash_1208.o [6]
FLASH_If_GetWPStatus    0x0801af4d    0x18  Code  Gb  stm32f2xx_flash_1208.o [6]
FLASH_OB_BORConfig      0x0801aecb    0x12  Code  Gb  stm32f2xx_flash_1208.o [6]
FLASH_OB_GetBOR         0x0801aee9     0xa  Code  Gb  stm32f2xx_flash_1208.o [6]
FLASH_OB_Launch         0x0801aedd     0xc  Code  Gb  stm32f2xx_flash_1208.o [6]
FLASH_OB_Lock           0x0801ae91     0xc  Code  Gb  stm32f2xx_flash_1208.o [6]
FLASH_OB_Unlock         0x0801ae7f    0x12  Code  Gb  stm32f2xx_flash_1208.o [6]
FLASH_OB_WRPConfig      0x0801ae9d    0x2e  Code  Gb  stm32f2xx_flash_1208.o [6]
FLASH_ProgramWord       0x0801ae45    0x3a  Code  Gb  stm32f2xx_flash_1208.o [6]
FLASH_Unlock            0x0801ad8d    0x18  Code  Gb  stm32f2xx_flash_1208.o [6]
FLASH_WPDisable         0x0801af65    0x28  Code  Gb  stm32f2xx_flash_1208.o [6]
FLASH_WaitForLastOperation
                        0x0801af21    0x2c  Code  Gb  stm32f2xx_flash_1208.o [6]
FLASHpAPBK_Check_Erase  0x080178f1    0x14  Code  Gb  lib_extdev_1208.o [7]
FSKDebug                0x200043a0     0x1  Data  Gb  aa_serial1.o [1]
FSMC_IRQHandler         0x0801e7b1     0x2  Code  Gb  stm32f2xx_it_1208.o [1]
FirstCheckFlag          0x2000b274     0x1  Data  Gb  aa_expio.o [1]
FirstFlag               0x2000b22f     0x1  Data  Gb  cdma.o [1]
FirstPNCheckFlag        0x2000b273     0x1  Data  Gb  aa_expio.o [1]
FlagAmpOnOff_2G         0x2000b268     0x1  Data  Gb  aa_alc.o [1]
FlagAmpOnOff_3G         0x2000b269     0x1  Data  Gb  aa_alc.o [1]
FlagAmpOnOff_LTE        0x2000b26a     0x1  Data  Gb  aa_alc.o [1]
FlagAmpOnOff_LTE_A2     0x2000b26b     0x1  Data  Gb  aa_alc.o [1]
ForDelay                0x0801449d    0x12  Code  Gb  lib_timer_1212.o [7]
FrameCnt                0x200043a4     0x2  Data  Gb  aa_serial1.o [1]
FreqAlarmCheckRpt       0x080126e9    0x4e  Code  Gb  cdma.o [1]
FreqAlarmRptFunc        0x0801274d   0x1f8  Code  Gb  cdma.o [1]
FrontLEDDisplay         0x08016779   0x262  Code  Gb  aa_alc.o [1]
FrontLEDStausUpdate     0x080169e5   0x268  Code  Gb  aa_alc.o [1]
FwdAttn1_2G_TBL         0x0800decc    0x40  Data  Gb  aa_Table.o [1]
FwdAttn1_CDMALTE_TBL    0x0800e0cc    0x40  Data  Gb  aa_Table.o [1]
FwdAttn1_LTE_A2_TBL     0x0800e14c    0x40  Data  Gb  aa_Table.o [1]
FwdAttn1_LTE_TBL        0x0800dfcc    0x40  Data  Gb  aa_Table.o [1]
FwdAttn1_WCDMA_TBL      0x0800e28c    0x40  Data  Gb  aa_Table.o [1]
FwdAttn2_LTE_A2_TBL     0x0800e18c    0x40  Data  Gb  aa_Table.o [1]
FwdAttn2_WCDMA_TBL      0x0800e2cc    0x40  Data  Gb  aa_Table.o [1]
FwdInPwr_CDMALTE_TBL    0x0800db0c    0x4c  Data  Gb  aa_Table.o [1]
FwdInPwr_LTE_A_TBL      0x0800dcd0    0x38  Data  Gb  aa_Table.o [1]
FwdInPwr_WCDMA_TBL      0x0800ddb0    0x34  Data  Gb  aa_Table.o [1]
FwdOutPwr_CDMALTE_TBL   0x0800db58    0x2c  Data  Gb  aa_Table.o [1]
FwdOutPwr_CDMA_TBL      0x0801ea4c    0x2c  Data  Gb  aa_Table.o [1]
FwdOutPwr_LTE_A2_TBL    0x0800dbc4    0x2c  Data  Gb  aa_Table.o [1]
FwdOutPwr_LTE_TBL       0x0800da80    0x2c  Data  Gb  aa_Table.o [1]
FwdOutPwr_WCDMA_TBL     0x0800dde4    0x28  Data  Gb  aa_Table.o [1]
FwdTempAtt_CDMA_TBL     0x0800de0c    0x18  Data  Gb  aa_Table.o [1]
FwdTempAtt_LTE_A2_TBL   0x0800de6c    0x18  Data  Gb  aa_Table.o [1]
FwdTempAtt_LTE_TBL      0x0800de3c    0x18  Data  Gb  aa_Table.o [1]
FwdTempAtt_WCDMA_TBL    0x0800de9c    0x18  Data  Gb  aa_Table.o [1]
GMMLockOrder            0x2000b263     0x1  Data  Gb  bell860s_v0112.o [1]
GPIOPortInit            0x080150c9    0x62  Code  Gb  stm32f2xx_gpio_1212.o [6]
GPIO_PinAFConfig        0x080150a1    0x28  Code  Gb  stm32f2xx_gpio_1212.o [6]
GainAttnCalculation     0x08010a59     0xc  Code  Gb  aa_expio.o [1]
GenAidData              0x0800c265    0x24  Code  Gb  aa_protocol.o [1]
GenAidData16            0x0800c289    0x16  Code  Gb  aa_protocol.o [1]
GenBodyFrame            0x08014dbd    0x6e  Code  Gb  aa_serial1.o [1]
GenDnrAidSts            0x08008185  0x13e4  Code  Gb  aa_protocol.o [1]
GenEtc1StsAid           0x08013091    0xb2  Code  Gb  cdma.o [1]
GenEtcStsAid            0x08013007    0x58  Code  Gb  cdma.o [1]
GenSmsStsAidSts_1St     0x08012c81   0x1e4  Code  Gb  cdma.o [1]
GenSmsStsAidSts_2St     0x08012e65   0x1a2  Code  Gb  cdma.o [1]
GenWaveStsAid           0x08013143    0xba  Code  Gb  cdma.o [1]
GetSector               0x0801af8d    0x72  Code  Gb  stm32f2xx_flash_1208.o [6]
HASH_RNG_IRQHandler     0x0801e7f3     0x2  Code  Gb  stm32f2xx_it_1208.o [1]
HardFaultException      0x0801e6e7     0x2  Code  Gb  stm32f2xx_it_1208.o [1]
HighLimitCheck1         0x080141cb     0xc  Code  Gb  Alarm.o [1]
HostStation             0x2000b1f4    0x10  Data  Gb  cdma.o [1]
HwTestOutFunc           0x0801d369   0x24c  Code  Gb  aa_test.o [1]
I2C1_ER_IRQHandler      0x0801e78f     0x2  Code  Gb  stm32f2xx_it_1208.o [1]
I2C1_EV_IRQHandler      0x0801e78d     0x2  Code  Gb  stm32f2xx_it_1208.o [1]
I2C2_ER_IRQHandler      0x0801e793     0x2  Code  Gb  stm32f2xx_it_1208.o [1]
I2C2_EV_IRQHandler      0x0801e791     0x2  Code  Gb  stm32f2xx_it_1208.o [1]
I2C3_ER_IRQHandler      0x0801e7e5     0x2  Code  Gb  stm32f2xx_it_1208.o [1]
I2C3_EV_IRQHandler      0x0801e7e3     0x2  Code  Gb  stm32f2xx_it_1208.o [1]
ICCIDNum                0x200055a8    0x14  Data  Gb  bell860s_v0112.o [1]
IWDG_Enable             0x0801a669     0xa  Code  Gb  stm32f2xx_iwdg.o [6]
IWDG_ReloadCounter      0x0801a65f     0xa  Code  Gb  stm32f2xx_iwdg.o [6]
IWDG_SetPrescaler       0x0801a653     0x6  Code  Gb  stm32f2xx_iwdg.o [6]
IWDG_SetReload          0x0801a659     0x6  Code  Gb  stm32f2xx_iwdg.o [6]
IWDG_WriteAccessCmd     0x0801a64d     0x6  Code  Gb  stm32f2xx_iwdg.o [6]
InitAFIO                0x0801b699    0x48  Code  Gb  main.o [1]
InitGPIO                0x0801b6e1   0x4b0  Code  Gb  main.o [1]
InitLedDisplay          0x2000af20     0x1  Data  Gb  aa_alc.o [1]
InitLedStep             0x2000af21     0x1  Data  Gb  aa_alc.o [1]
InitPwrAlarm            0x20005671     0x1  Data  Gb  cdma.o [1]
InitStm32f103           0x0801b685    0x14  Code  Gb  main.o [1]
InitSysTick             0x0801ca29    0x32  Code  Gb  stm32f0xx_core.o [6]
InitUSART1              0x0801a30d    0xb4  Code  Gb  stm32f2xx_usart1_1208.o [6]
InitUSART4              0x08017c89    0xb4  Code  Gb  stm32f2xx_usart4_1208.o [6]
Initialize              0x0800b6fd   0x222  Code  Gb  aa_protocol.o [1]
KeyProc                 0x0801cae9   0x142  Code  Gb  aa_test.o [1]
LEDStatus               0x2000af18     0x8  Data  Gb  aa_alc.o [1]
LedDisplay              0x0801bbdb    0x28  Code  Gb  main.o [1]
LoadBackupData          0x0800ba59   0x74a  Code  Gb  aa_protocol.o [1]
LoadTable               0x0800c60d    0x72  Code  Gb  aa_Table.o [1]
LockOrder               0x2000b262     0x1  Data  Gb  bell860s_v0112.o [1]
LockOrderCnt            0x2000b230     0x2  Data  Gb  cdma.o [1]
LongTimer               0x2000a10c   0x190  Data  Gb  lib_timer_1212.o [7]
LowLimitCheck           0x080141e3    0x16  Code  Gb  Alarm.o [1]
LowLimitCheck1          0x080141d7     0xc  Code  Gb  Alarm.o [1]
MainTaskStk             0x20003a3c   0x200  Data  Gb  stm32f2xx_main.o [6]
MemManageException      0x0801e6e9     0x2  Code  Gb  stm32f2xx_it_1208.o [1]
MinMaxAttnCheck         0x08010a45    0x14  Code  Gb  aa_expio.o [1]
ModemEsnCheck           0x08011b65    0xc2  Code  Gb  cdma.o [1]
ModemLockOrder          0x08019dff     0x6  Code  Gb  bell860s_v0112.o [1]
ModemPwrOFF             0x08019e05     0x6  Code  Gb  bell860s_v0112.o [1]
ModemType               0x20005591     0x1  Data  Gb  bell860s_v0112.o [1]
NACKEEprom              0x0800e595    0x16  Code  Gb  lib_24c64_1208.o [7]
NMIException            0x0801e6e5     0x2  Code  Gb  stm32f2xx_it_1208.o [1]
NVIC_Init               0x0801b475    0x18  Code  Gb  stm32f2xx_nvic_1208.o [6]
OSCPUUsage              0x20003e5c     0x1  Data  Gb  os_core.o [1]
OSCtxSw                 0x0801a6ab          Code  Gb  os_cpu_a.o [1]
OSCtxSwCtr              0x20003e6c     0x4  Data  Gb  os_core.o [1]
OSDebugEn               0x0801430e     0x2  Data  Gb  os_dbg.o [1]
OSEventFreeList         0x20000638     0x4  Data  Gb  os_core.o [1]
OSEventTbl              0x20000068   0x1e0  Data  Gb  os_core.o [1]
OSFlagFreeList          0x20003e90     0x4  Data  Gb  os_core.o [1]
OSFlagTbl               0x20003cf0    0x8c  Data  Gb  os_core.o [1]
OSIdleCtr               0x20003e78     0x4  Data  Gb  os_core.o [1]
OSIdleCtrMax            0x20003e70     0x4  Data  Gb  os_core.o [1]
OSIdleCtrRun            0x20003e74     0x4  Data  Gb  os_core.o [1]
OSInit                  0x0801a721   0x142  Code  Gb  os_core.o [1]
OSInitHookEnd           0x0801b051     0x2  Code  Gb  os_cpu_c.o [1]
OSIntCtxSw              0x0801a6b3          Code  Gb  os_cpu_a.o [1]
OSIntExit               0x0801a863    0x4e  Code  Gb  os_core.o [1]
OSIntNesting            0x20003e5e     0x1  Data  Gb  os_core.o [1]
OSLockNesting           0x20003e5f     0x1  Data  Gb  os_core.o [1]
OSMemFreeList           0x20003e94     0x4  Data  Gb  os_core.o [1]
OSMemTbl                0x20003c3c    0xb4  Data  Gb  os_core.o [1]
OSPrioCur               0x20003e60     0x1  Data  Gb  os_core.o [1]
OSPrioHighRdy           0x20003e61     0x1  Data  Gb  os_core.o [1]
OSQFreeList             0x20003e98     0x4  Data  Gb  os_core.o [1]
OSQTbl                  0x20003dfc    0x60  Data  Gb  os_core.o [1]
OSRdyGrp                0x20003e62     0x1  Data  Gb  os_core.o [1]
OSRdyTbl                0x20003e68     0x4  Data  Gb  os_core.o [1]
OSRunning               0x20003e63     0x1  Data  Gb  os_core.o [1]
OSSemCreate             0x08014f6d    0x38  Code  Gb  os_sem.o [1]
OSSemPend               0x08014fa5    0x92  Code  Gb  os_sem.o [1]
OSSemPost               0x08015049    0x4e  Code  Gb  os_sem.o [1]
OSStart                 0x0801a8b1    0x28  Code  Gb  os_core.o [1]
OSStartHighRdy          0x0801a68f          Code  Gb  os_cpu_a.o [1]
OSStatRdy               0x20003e5d     0x1  Data  Gb  os_core.o [1]
OSTCBCur                0x20003e7c     0x4  Data  Gb  os_core.o [1]
OSTCBFreeList           0x20003e80     0x4  Data  Gb  os_core.o [1]
OSTCBHighRdy            0x20003e84     0x4  Data  Gb  os_core.o [1]
OSTCBList               0x20003e88     0x4  Data  Gb  os_core.o [1]
OSTCBPrioTbl            0x20003d7c    0x80  Data  Gb  os_core.o [1]
OSTCBTbl                0x20000248   0x3f0  Data  Gb  os_core.o [1]
OSTaskCreate            0x0801512d    0x88  Code  Gb  os_task.o [1]
OSTaskCtr               0x20003e64     0x1  Data  Gb  os_core.o [1]
OSTaskIdleStk           0x2000083c   0x200  Data  Gb  os_core.o [1]
OSTaskStatStk           0x2000063c   0x200  Data  Gb  os_core.o [1]
OSTaskStkInit           0x0801b053    0x78  Code  Gb  os_cpu_c.o [1]
OSTaskSwHook            0x0801b0cb     0x2  Code  Gb  os_cpu_c.o [1]
OSTickStepState         0x20003e65     0x1  Data  Gb  os_core.o [1]
OSTime                  0x20003e8c     0x4  Data  Gb  os_core.o [1]
OSTimeDly               0x080144e1    0x42  Code  Gb  os_time.o [1]
OSTimeTick              0x0801a8d9    0x86  Code  Gb  os_core.o [1]
OSTimeTickHook          0x0801b0cd     0x2  Code  Gb  os_cpu_c.o [1]
OSUnMapTbl              0x0801abf0   0x100  Data  Gb  os_core.o [1]
OS_CPU_PendSVHandler    0x0801a6bb          Code  Gb  os_cpu_a.o [1]
OS_CPU_SR_Restore       0x0801a689          Code  Gb  os_cpu_a.o [1]
OS_CPU_SR_Save          0x0801a681          Code  Gb  os_cpu_a.o [1]
OS_EventTOAbort         0x0801aa0d    0x36  Code  Gb  os_core.o [1]
OS_EventTaskRdy         0x0801a95f    0x70  Code  Gb  os_core.o [1]
OS_EventTaskWait        0x0801a9cf    0x3e  Code  Gb  os_core.o [1]
OS_EventWaitListInit    0x0801aa43     0xc  Code  Gb  os_core.o [1]
OS_FlagInit             0x0801b5c9    0x42  Code  Gb  os_flag.o [1]
OS_MemClr               0x0801aa4f    0x12  Code  Gb  os_core.o [1]
OS_MemInit              0x0801b615    0x38  Code  Gb  os_mem.o [1]
OS_QInit                0x0801b655    0x28  Code  Gb  os_q.o [1]
OS_Sched                0x0801aa61    0x38  Code  Gb  os_core.o [1]
OS_SchedNew             0x0801aaa1    0x18  Code  Lc  os_core.o [1]
OS_TCBInit              0x0801ab33    0xb0  Code  Gb  os_core.o [1]
OS_TaskIdle             0x0801aab9    0x20  Code  Gb  os_core.o [1]
OS_TaskStat             0x0801aad9    0x5a  Code  Gb  os_core.o [1]
OTG_FS_IRQHandler       0x0801e7d9     0x2  Code  Gb  stm32f2xx_it_1208.o [1]
OTG_HS_EP1_IN_IRQHandler
                        0x0801e7e9     0x2  Code  Gb  stm32f2xx_it_1208.o [1]
OTG_HS_EP1_OUT_IRQHandler
                        0x0801e7e7     0x2  Code  Gb  stm32f2xx_it_1208.o [1]
OTG_HS_IRQHandler       0x0801e7ed     0x2  Code  Gb  stm32f2xx_it_1208.o [1]
OTG_HS_WKUP_IRQHandler  0x0801e7eb     0x2  Code  Gb  stm32f2xx_it_1208.o [1]
OffsetLmtCheck          0x080141a5    0x12  Code  Gb  Alarm.o [1]
OnCommand               0x0801cc31   0x294  Code  Gb  aa_test.o [1]
OneDayPeriod            0x2000548c     0x4  Data  Gb  cdma.o [1]
OneDayResetCnt          0x20005488     0x4  Data  Gb  cdma.o [1]
OneOutPwrConv           0x08017231    0x28  Code  Gb  aa_alc.o [1]
OperatingFunc           0x0800e9b7   0x51a  Code  Gb  aa_expio.o [1]
OutPutTable_Alarm_check
                        0x080139a7   0x614  Code  Gb  Alarm.o [1]
OutputTable             0x2000565c     0x4  Data  Gb  aa_protocol.o [1]
OutputTableB            0x20007c20   0x988  Data  Gb  aa_protocol.o [1]
PCA9555_Init            0x080151c1    0x3a  Code  Gb  PCA9555.o [1]
PVD_IRQHandler          0x0801e713     0x2  Code  Gb  stm32f2xx_it_1208.o [1]
PastHour                0x2000546e     0x2  Data  Gb  cdma.o [1]
PastMin                 0x20005470     0x2  Data  Gb  cdma.o [1]
PcFreqStsRqstFlag       0x20005469     0x1  Data  Gb  cdma.o [1]
PcSer                   0x200043ac     0x4  Data  Gb  aa_serial1.o [1]
PcSerB                  0x2000af8c    0x3c  Data  Gb  aa_serial1.o [1]
PeriodCnt               0x2000b260     0x1  Data  Gb  aa_expio.o [1]
PeriodReportCheck       0x08013811    0x3a  Code  Gb  Alarm.o [1]
PeriodStart             0x20005462     0x1  Data  Gb  cdma.o [1]
Period_Check            0x0800e8b7   0x100  Code  Gb  aa_expio.o [1]
PheripheralInit         0x0801bb91    0x4a  Code  Gb  main.o [1]
Pilot_Sts               0x2000aeb8    0x10  Data  Gb  cdma.o [1]
Pll411xInit             0x0801545b    0x14  Code  Gb  adf411x.o [1]
Pll411x_Output          0x0801546f   0x124  Code  Gb  adf411x.o [1]
PnAlarm                 0x2000ae65     0x1  Data  Gb  cdma.o [1]
PnAlarmFlag             0x2000ae68     0x1  Data  Gb  cdma.o [1]
PnAlarmNew              0x2000ae67     0x1  Data  Gb  cdma.o [1]
PnAlarmOld              0x2000ae66     0x1  Data  Gb  cdma.o [1]
PnChangeCnt             0x2000ae64     0x1  Data  Gb  cdma.o [1]
Pre_AC_Sts              0x20005625     0x1  Data  Gb  aa_expio.o [1]
PresentDay              0x20005466     0x1  Data  Gb  cdma.o [1]
PresentHour             0x20005467     0x1  Data  Gb  cdma.o [1]
PresentMin              0x20005468     0x1  Data  Gb  cdma.o [1]
PresentMonth            0x20005464     0x1  Data  Gb  cdma.o [1]
PresentSec              0x20005463     0x1  Data  Gb  cdma.o [1]
PrevData                0x2000adc0    0x98  Data  Gb  aa_test.o [1]
PrevRDCnt               0x2000adbe     0x1  Data  Gb  aa_test.o [1]
PrevWRCnt               0x2000adbd     0x1  Data  Gb  aa_test.o [1]
PrintLogo               0x0801d689    0x8a  Code  Gb  aa_test.o [1]
PrintStar               0x0801d713     0x6  Code  Gb  aa_test.o [1]
PromptOut               0x0801d719     0x4  Code  Gb  aa_test.o [1]
ProtocolCheck           0x080148c7   0x34a  Code  Gb  aa_serial1.o [1]
ProtocolComCheck        0x08014c2d   0x14a  Code  Gb  aa_serial1.o [1]
PwrAlarm                0x200053ec    0x20  Data  Gb  Alarm.o [1]
PwrAlarmChange          0x2000b0b0    0x20  Data  Gb  Alarm.o [1]
PwrAlarmCnt             0x2000542c    0x20  Data  Gb  Alarm.o [1]
PwrAlarmFlag            0x20005670     0x1  Data  Gb  cdma.o [1]
PwrAlarmPre             0x2000540c    0x20  Data  Gb  Alarm.o [1]
PwrAlarmTimer           0x200055f4    0x20  Data  Gb  Alarm.o [1]
PwrTableLocation        0x0800c745    0x3c  Code  Gb  aa_Table.o [1]
PwrTablelimitLocation   0x0800c781    0xa4  Code  Gb  aa_Table.o [1]
PwrTblAlarm             0x2000b14c    0x14  Data  Gb  aa_expio.o [1]
RCC_GetClocksFreq       0x0801bc61    0x7e  Code  Gb  stm32f2xx_rcc.o [6]
RCC_IRQHandler          0x0801e71b     0x2  Code  Gb  stm32f2xx_it_1208.o [1]
RPcsksio                0x20004bd4   0x818  Data  Gb  aa_serial1.o [1]
RTCAlarm_IRQHandler     0x0801e7a3     0x2  Code  Gb  stm32f2xx_it_1208.o [1]
RTC_IRQHandler          0x0801e717     0x2  Code  Gb  stm32f2xx_it_1208.o [1]
ReadAdcValue            0x0801563f   0x618  Code  Gb  aa_alc.o [1]
ReadAdcValue_TRIO       0x08015c57   0x754  Code  Gb  aa_alc.o [1]
ReadEEprom              0x0800e473     0xa  Code  Gb  lib_24c64_1208.o [7]
ReadEEpromData          0x0800e5e3    0x30  Code  Gb  lib_24c64_1208.o [7]
ReadEnvTempTable        0x0801b2c9    0x18  Code  Gb  adcFunc.o [1]
ReadPwrTableDnr         0x0801728f    0x36  Code  Gb  aa_alc.o [1]
ReadSDA                 0x0800e6dd    0x26  Code  Gb  lib_24c64_1208.o [7]
Read_EEprom_16Addr_8Data
                        0x0800e4ed    0x88  Code  Gb  lib_24c64_1208.o [7]
ReadpPCA9555SDA         0x0801539f    0x12  Code  Gb  PCA9555.o [1]
Region$$Table$$Base     0x0801ec08           --   Gb  - Linker created -
Region$$Table$$Limit    0x0801ec58           --   Gb  - Linker created -
ResetCaseBackup         0x08016c4d    0x24  Code  Gb  aa_alc.o [1]
ResetPeriodSet          0x08010bc3    0x1e  Code  Gb  cdma.o [1]
Response_Table          0x0800c2cd   0x30e  Code  Gb  aa_Table.o [1]
RetNormaltoSMSData      0x080141f9     0xe  Code  Gb  Alarm.o [1]
RetPower                0x08010b29    0x12  Code  Gb  aa_expio.o [1]
Rf_sts                  0x2000ae74    0x44  Data  Gb  cdma.o [1]
Rnms                    0x20005484     0x4  Data  Gb  cdma.o [1]
RnmsB                   0x20007b94    0x8c  Data  Gb  cdma.o [1]
RstPllClk               0x080153d1    0x14  Code  Gb  adf411x.o [1]
RstPllData              0x08015403    0x1e  Code  Gb  adf411x.o [1]
RstPllEn                0x0801543d    0x1e  Code  Gb  adf411x.o [1]
RstSCL                  0x0800e693    0x14  Code  Gb  lib_24c64_1208.o [7]
RstSDA                  0x0800e6c7    0x16  Code  Gb  lib_24c64_1208.o [7]
RstpPCA9555SCL          0x08015395     0xa  Code  Gb  PCA9555.o [1]
RstpPCA9555SDA          0x0801537b     0x8  Code  Gb  PCA9555.o [1]
Rtcpsms                 0x20006ef0   0x818  Data  Gb  cdma.o [1]
RvsAttn1_2G_TBL         0x0800df0c    0x40  Data  Gb  aa_Table.o [1]
RvsAttn1_CDMALTE_TBL    0x0800e10c    0x40  Data  Gb  aa_Table.o [1]
RvsAttn1_LTE_A2_TBL     0x0800e1cc    0x40  Data  Gb  aa_Table.o [1]
RvsAttn1_LTE_TBL        0x0800e00c    0x40  Data  Gb  aa_Table.o [1]
RvsAttn1_WCDMA_TBL      0x0800e30c    0x40  Data  Gb  aa_Table.o [1]
RvsAttn2_2G_TBL         0x0800df4c    0x40  Data  Gb  aa_Table.o [1]
RvsAttn2_LTE_A2_TBL     0x0800e20c    0x40  Data  Gb  aa_Table.o [1]
RvsAttn2_LTE_TBL        0x0800e04c    0x40  Data  Gb  aa_Table.o [1]
RvsAttn2_WCDMA_TBL      0x0800e34c    0x40  Data  Gb  aa_Table.o [1]
RvsAttn3_2G_TBL         0x0800df8c    0x40  Data  Gb  aa_Table.o [1]
RvsAttn3_LTE_A2_TBL     0x0800e24c    0x40  Data  Gb  aa_Table.o [1]
RvsAttn3_LTE_TBL        0x0800e08c    0x40  Data  Gb  aa_Table.o [1]
RvsAttn3_WCDMA_TBL      0x0800e38c    0x40  Data  Gb  aa_Table.o [1]
RvsAttn4_WCDMA_TBL      0x0800e3cc    0x40  Data  Gb  aa_Table.o [1]
RvsInPwr_CDMALTE_TBL    0x0800db84    0x40  Data  Gb  aa_Table.o [1]
RvsInPwr_LTE_A_TBL      0x0800dd08    0x50  Data  Gb  aa_Table.o [1]
RvsInPwr_WCDMA_TBL      0x0800dc3c    0x40  Data  Gb  aa_Table.o [1]
RvsOSCAlarmCountFunc    0x080177f9    0x68  Code  Gb  aa_alc.o [1]
RvsOtherOverInAlarmCnt  0x20005629     0x1  Data  Gb  aa_expio.o [1]
RvsOutPwr_CDMALTE_TBL   0x0800dd84    0x2c  Data  Gb  aa_Table.o [1]
RvsOutPwr_CDMA_TBL      0x0801ea78    0x64  Data  Gb  aa_Table.o [1]
RvsOutPwr_LTE_A2_TBL    0x0800dbf0    0x4c  Data  Gb  aa_Table.o [1]
RvsOutPwr_LTE_TBL       0x0800daac    0x60  Data  Gb  aa_Table.o [1]
RvsOutPwr_WCDMA_TBL     0x0800dc7c    0x54  Data  Gb  aa_Table.o [1]
RvsOverInAlarmCnt       0x20005628     0x1  Data  Gb  aa_expio.o [1]
RvsTempAtt_CDMA_TBL     0x0800de24    0x18  Data  Gb  aa_Table.o [1]
RvsTempAtt_LTE_A2_TBL   0x0800de84    0x18  Data  Gb  aa_Table.o [1]
RvsTempAtt_LTE_TBL      0x0800de54    0x18  Data  Gb  aa_Table.o [1]
RvsTempAtt_WCDMA_TBL    0x0800deb4    0x18  Data  Gb  aa_Table.o [1]
Rwrcssms                0x20005ecc   0x80c  Data  Gb  cdma.o [1]
Rx1Buff                 0x2000123c   0x800  Data  Gb  stm32f2xx_usart1_1208.o [6]
Rx1RdCnt                0x20000000     0x2  Data  Gb  stm32f2xx_usart1_1208.o [6]
Rx1WrCnt                0x20000002     0x2  Data  Gb  stm32f2xx_usart1_1208.o [6]
Rx4Buff                 0x2000323c   0x400  Data  Gb  stm32f2xx_usart4_1208.o [6]
Rx4RdCnt                0x20000034     0x2  Data  Gb  stm32f2xx_usart4_1208.o [6]
Rx4WrCnt                0x20000036     0x2  Data  Gb  stm32f2xx_usart4_1208.o [6]
RxBcMData               0x2000931c   0x404  Data  Gb  bell860s_v0112.o [1]
RxCdmaData              0x200085a8   0x404  Data  Gb  bell860s_v0112.o [1]
RxTxAlarmFlag           0x2000ae6a     0x1  Data  Gb  cdma.o [1]
RxTxAlarmNew            0x2000ae69     0x1  Data  Gb  cdma.o [1]
RxTxAlarmOld            0x2000ae6b     0x1  Data  Gb  cdma.o [1]
SDIO_IRQHandler         0x0801e7b3     0x2  Code  Gb  stm32f2xx_it_1208.o [1]
SET_ULAlarmCnt          0x2000b279     0x1  Data  Gb  cdma.o [1]
SPI1_IRQHandler         0x0801e795     0x2  Code  Gb  stm32f2xx_it_1208.o [1]
SPI2_IRQHandler         0x0801e797     0x2  Code  Gb  stm32f2xx_it_1208.o [1]
SPI3_IRQHandler         0x0801e7b7     0x2  Code  Gb  stm32f2xx_it_1208.o [1]
SPcsksio                0x200043bc   0x818  Data  Gb  aa_serial1.o [1]
SVCHandler              0x0801e6f1     0x2  Code  Gb  stm32f2xx_it_1208.o [1]
Sd_Cnt                  0x2000b13c     0xc  Data  Gb  aa_alc.o [1]
Sd_Path                 0x2000b148     0x4  Data  Gb  aa_alc.o [1]
Sd_Step                 0x2000af0c     0xc  Data  Gb  aa_alc.o [1]
SearchOffsetEeprom      0x0800c2c1     0xc  Code  Gb  aa_Table.o [1]
SelectAverage           0x0801b23b    0x18  Code  Gb  adcFunc.o [1]
Ser1Init                0x080147a5    0x7a  Code  Gb  aa_serial1.o [1]
Ser1Task                0x08014821    0xa6  Code  Gb  aa_serial1.o [1]
Ser1TaskStk             0x2000283c   0x600  Data  Gb  aa_serial1.o [1]
Ser4Ptr                 0x2000b244     0x4  Data  Gb  main.o [1]
SerPtr                  0x2000b240     0x4  Data  Gb  main.o [1]
SetAcRecovery           0x20005626     0x1  Data  Gb  aa_expio.o [1]
SetBootBaudRate         0x08017975    0x4c  Code  Gb  lib_extdev_1208.o [7]
SetCtrlData             0x08009571  0x216e  Code  Gb  aa_protocol.o [1]
SetPllClk               0x080153bd    0x14  Code  Gb  adf411x.o [1]
SetPllData              0x080153e5    0x1e  Code  Gb  adf411x.o [1]
SetPllEn                0x08015421    0x1c  Code  Gb  adf411x.o [1]
SetSCL                  0x0800e67d    0x16  Code  Gb  lib_24c64_1208.o [7]
SetSDA                  0x0800e6af    0x18  Code  Gb  lib_24c64_1208.o [7]
SetSDAInMode            0x0800e651    0x18  Code  Gb  lib_24c64_1208.o [7]
SetSDAOutMode           0x0800e669    0x14  Code  Gb  lib_24c64_1208.o [7]
SetSMS_PWR              0x200055e7     0x1  Data  Gb  aa_expio.o [1]
SetSysClock             0x0801e83b    0xd0  Code  Gb  stm32f2xx_system.o [6]
SetpPCA9555SCL          0x0801538b     0xa  Code  Gb  PCA9555.o [1]
SetpPCA9555SDA          0x08015371     0xa  Code  Gb  PCA9555.o [1]
SetpPCA9555SDAInMode    0x08015359     0xc  Code  Gb  PCA9555.o [1]
SetpPCA9555SDAOutMode   0x08015365     0xc  Code  Gb  PCA9555.o [1]
ShutDownCheck           0x08017171    0xaa  Code  Gb  aa_alc.o [1]
ShutdownFunc            0x08016c71   0x4fc  Code  Gb  aa_alc.o [1]
Sms1_Protocol_Check     0x080111f1    0xe8  Code  Gb  cdma.o [1]
SmsAlarm                0x080110e3    0x7a  Code  Gb  cdma.o [1]
SmsAlarmRptFunc         0x080131fd    0x96  Code  Gb  cdma.o [1]
SmsAutoReportCheck      0x08011161    0x8c  Code  Gb  cdma.o [1]
SmsComCheck             0x080112e9   0x12a  Code  Gb  cdma.o [1]
SmsDataAckTx            0x08011581    0x7a  Code  Gb  cdma.o [1]
SmsDnrAlarm_Check       0x0801384b    0x4a  Code  Gb  Alarm.o [1]
SmsEtcTransmitData      0x0801305f    0x2a  Code  Gb  cdma.o [1]
SmsInit                 0x08010b45    0x7e  Code  Gb  cdma.o [1]
SmsRdDataCnt            0x20005474     0x2  Data  Gb  cdma.o [1]
SmsResetPeriodFlag      0x2000b22d     0x1  Data  Gb  cdma.o [1]
SmsSer                  0x20005478     0x4  Data  Gb  cdma.o [1]
SmsSerB                 0x2000567c    0x3c  Data  Gb  cdma.o [1]
SmsStsTransmitData      0x08011413    0xb2  Code  Gb  cdma.o [1]
SmsTxFailFlag           0x2000546a     0x1  Data  Gb  cdma.o [1]
Sms_DataAckTx           0x080115fb   0x24c  Code  Gb  cdma.o [1]
Sms_Response_Control    0x080114c5    0x88  Code  Gb  cdma.o [1]
Snms                    0x200056bc     0x4  Data  Gb  cdma.o [1]
SnmsB                   0x20007b08    0x8c  Data  Gb  cdma.o [1]
SortSelect              0x0801b33d     0x8  Code  Gb  adcFunc.o [1]
SpecFreqStateUpdate     0x08012345   0x39e  Code  Gb  cdma.o [1]
SpecFreqState_RspFunc   0x08011eb7   0x446  Code  Gb  cdma.o [1]
StartEEprom             0x0800e613    0x1a  Code  Gb  lib_24c64_1208.o [7]
StartpPCA9555           0x08015309    0x16  Code  Gb  PCA9555.o [1]
StatusInitialize        0x0800b941   0x100  Code  Gb  aa_protocol.o [1]
StatusUpdate            0x0800fce5    0xc2  Code  Gb  aa_expio.o [1]
StatustoIO              0x0800ff29   0x75a  Code  Gb  aa_expio.o [1]
Stcpsms                 0x200066d8   0x818  Data  Gb  cdma.o [1]
StopEEprom              0x0800e635    0x1c  Code  Gb  lib_24c64_1208.o [7]
StoppPCA9555            0x0801531f    0x18  Code  Gb  PCA9555.o [1]
SwHistroyRspFunc        0x08011d09    0x84  Code  Gb  cdma.o [1]
Swcrc16                 0x200043a8     0x2  Data  Gb  aa_serial1.o [1]
Swrcssms                0x200056c0   0x80c  Data  Gb  cdma.o [1]
SysTickHandler          0x0801e6f3    0x18  Code  Gb  stm32f2xx_it_1208.o [1]
SystemInit              0x0801e811    0x2a  Code  Gb  stm32f2xx_system.o [6]
TAMPER_IRQHandler       0x0801e715     0x2  Code  Gb  stm32f2xx_it_1208.o [1]
TCPComCheck             0x08012aa1    0x3a  Code  Gb  cdma.o [1]
TCPProDataAckTx         0x08012ae1   0x156  Code  Gb  cdma.o [1]
TCPProtocolCheck        0x0801295f   0x12c  Code  Gb  cdma.o [1]
TIM1_BRK_IRQHandler     0x0801e77f     0x2  Code  Gb  stm32f2xx_it_1208.o [1]
TIM1_CC_IRQHandler      0x0801e785     0x2  Code  Gb  stm32f2xx_it_1208.o [1]
TIM1_TRG_COM_IRQHandler
                        0x0801e783     0x2  Code  Gb  stm32f2xx_it_1208.o [1]
TIM1_UP_IRQHandler      0x0801e781     0x2  Code  Gb  stm32f2xx_it_1208.o [1]
TIM2_IRQHandler         0x0801e787     0x2  Code  Gb  stm32f2xx_it_1208.o [1]
TIM3_IRQHandler         0x0801e789     0x2  Code  Gb  stm32f2xx_it_1208.o [1]
TIM4_IRQHandler         0x0801e78b     0x2  Code  Gb  stm32f2xx_it_1208.o [1]
TIM5_IRQHandler         0x0801e7b5     0x2  Code  Gb  stm32f2xx_it_1208.o [1]
TIM6_IRQHandler         0x0801e7bf     0x2  Code  Gb  stm32f2xx_it_1208.o [1]
TIM7_IRQHandler         0x0801e7c1     0x2  Code  Gb  stm32f2xx_it_1208.o [1]
TIM8_BRK_IRQHandler     0x0801e7a7     0x2  Code  Gb  stm32f2xx_it_1208.o [1]
TIM8_CC_IRQHandler      0x0801e7ad     0x2  Code  Gb  stm32f2xx_it_1208.o [1]
TIM8_TRG_COM_IRQHandler
                        0x0801e7ab     0x2  Code  Gb  stm32f2xx_it_1208.o [1]
TIM8_UP_IRQHandler      0x0801e7a9     0x2  Code  Gb  stm32f2xx_it_1208.o [1]
TRIO_AlarmCheck         0x0800fb11   0x1c0  Code  Gb  aa_expio.o [1]
TRIO_M_RvsOutPwr_LTE_A  0x0800dd58    0x2c  Data  Gb  aa_Table.o [1]
TableIndex              0x0800c681    0xc4  Code  Gb  aa_Table.o [1]
TableIndexBackup        0x0800c5db    0x32  Code  Gb  aa_Table.o [1]
Table_Alarm             0x08013905    0xa2  Code  Gb  Alarm.o [1]
TblLmtCheck             0x080141b7    0x14  Code  Gb  Alarm.o [1]
TcpDnLoadFlag           0x2000b22e     0x1  Data  Gb  cdma.o [1]
TcpExit                 0x08011e9d    0x1a  Code  Gb  cdma.o [1]
TemptoIndex             0x08016761    0x16  Code  Gb  aa_alc.o [1]
TestInit                0x0801ca65    0x10  Code  Gb  aa_test.o [1]
TestStation             0x2000b204    0x10  Data  Gb  cdma.o [1]
TestTask                0x0801ca75    0x74  Code  Gb  aa_test.o [1]
TestTaskStk             0x20000a3c   0x800  Data  Lc  aa_test.o [1]
TimeElapse              0x2000547c     0x4  Data  Gb  cdma.o [1]
TimeOverCheck           0x0801442d    0x66  Code  Gb  lib_timer_1212.o [7]
TimePeriodElased        0x2000b258     0x4  Data  Gb  aa_expio.o [1]
TimeReqCnt              0x2000558d     0x1  Data  Gb  bell860s_v0112.o [1]
TimeStart               0x20005460     0x1  Data  Gb  cdma.o [1]
TimerInit               0x08014311    0x34  Code  Gb  lib_timer_1212.o [7]
TimerRegist             0x080143a3    0x8a  Code  Gb  lib_timer_1212.o [7]
TimerRelatedOperation   0x08010ad5    0x1c  Code  Gb  aa_expio.o [1]
TotFrame                0x200043a6     0x2  Data  Gb  aa_serial1.o [1]
TrafficCheck            0x080122fd    0x32  Code  Gb  cdma.o [1]
TwoOutPwrConv           0x08017259     0x2  Code  Gb  aa_alc.o [1]
TwoOutPwrConvINT        0x0801725b     0xa  Code  Gb  aa_alc.o [1]
Tx1Buff                 0x20001a3c   0x800  Data  Gb  stm32f2xx_usart1_1208.o [6]
Tx1RdCnt                0x20000004     0x2  Data  Gb  stm32f2xx_usart1_1208.o [6]
Tx1WrCnt                0x20000006     0x2  Data  Gb  stm32f2xx_usart1_1208.o [6]
Tx4Buff                 0x2000363c   0x400  Data  Gb  stm32f2xx_usart4_1208.o [6]
Tx4RdCnt                0x20000038     0x2  Data  Gb  stm32f2xx_usart4_1208.o [6]
Tx4WrCnt                0x2000003a     0x2  Data  Gb  stm32f2xx_usart4_1208.o [6]
TxCdmaData              0x200089ac   0x404  Data  Gb  bell860s_v0112.o [1]
UART4_IRQHandler        0x0801e7b9     0x4  Code  Gb  stm32f2xx_it_1208.o [1]
UART5_IRQHandler        0x0801e7bd     0x2  Code  Gb  stm32f2xx_it_1208.o [1]
ULTwoOutPwrConvINT      0x08017279     0xc  Code  Gb  aa_alc.o [1]
UPdateAlarm             0x080138df    0x26  Code  Gb  Alarm.o [1]
USART1BuffClear         0x0801a58d     0xa  Code  Gb  stm32f2xx_usart1_1208.o [6]
USART1CheckByte         0x0801a555    0x38  Code  Gb  stm32f2xx_usart1_1208.o [6]
USART1Printf            0x0801a4a1    0x4a  Code  Gb  stm32f2xx_usart1_1208.o [6]
USART1PutChar           0x0801a477    0x2a  Code  Gb  stm32f2xx_usart1_1208.o [6]
USART1PutStr            0x0801a4eb    0x40  Code  Gb  stm32f2xx_usart1_1208.o [6]
USART1PutToBuffer       0x0801a43b    0x3c  Code  Gb  stm32f2xx_usart1_1208.o [6]
USART1RxGetByte         0x0801a52b    0x2a  Code  Gb  stm32f2xx_usart1_1208.o [6]
USART1TxCheckByte       0x0801a5a1    0x12  Code  Gb  stm32f2xx_usart1_1208.o [6]
USART1TxClear           0x0801a597     0x4  Code  Gb  stm32f2xx_usart1_1208.o [6]
USART1_IRQHandler       0x0801e799     0x4  Code  Gb  stm32f2xx_it_1208.o [1]
USART1_IRQIntHandler    0x0801a3c1    0x72  Code  Gb  stm32f2xx_usart1_1208.o [6]
USART2_IRQHandler       0x0801e79d     0x2  Code  Gb  stm32f2xx_it_1208.o [1]
USART3_IRQHandler       0x0801e79f     0x2  Code  Gb  stm32f2xx_it_1208.o [1]
USART4BuffClear         0x08017f0b     0xa  Code  Gb  stm32f2xx_usart4_1208.o [6]
USART4CheckByte         0x08017ed3    0x38  Code  Gb  stm32f2xx_usart4_1208.o [6]
USART4Printf            0x08017e1d    0x42  Code  Gb  stm32f2xx_usart4_1208.o [6]
USART4PutChar           0x08017df3    0x2a  Code  Gb  stm32f2xx_usart4_1208.o [6]
USART4PutStr            0x08017e5f    0x4a  Code  Gb  stm32f2xx_usart4_1208.o [6]
USART4PutToBuffer       0x08017db7    0x3c  Code  Gb  stm32f2xx_usart4_1208.o [6]
USART4RxGetByte         0x08017ea9    0x2a  Code  Gb  stm32f2xx_usart4_1208.o [6]
USART4TxCheckByte       0x08017f1f    0x12  Code  Gb  stm32f2xx_usart4_1208.o [6]
USART4TxClear           0x08017f15     0x4  Code  Gb  stm32f2xx_usart4_1208.o [6]
USART4_IRQIntHandler    0x08017d3d    0x72  Code  Gb  stm32f2xx_usart4_1208.o [6]
USART6_IRQHandler       0x0801e7e1     0x2  Code  Gb  stm32f2xx_it_1208.o [1]
USART_Cmd               0x0801b431    0x14  Code  Gb  stm32f2xx_usart.o [6]
USART_ITConfig          0x0801b445    0x30  Code  Gb  stm32f2xx_usart.o [6]
USART_Init              0x0801b391    0x98  Code  Gb  stm32f2xx_usart.o [6]
USBWakeUp_IRQHandler    0x0801e7a5     0x2  Code  Gb  stm32f2xx_it_1208.o [1]
USB_HP_CAN_TX_IRQHandler
                        0x0801e775     0x2  Code  Gb  stm32f2xx_it_1208.o [1]
USB_LP_CAN_RX0_IRQHandler
                        0x0801e777     0x2  Code  Gb  stm32f2xx_it_1208.o [1]
UpLoadData              0x08017905    0x70  Code  Gb  lib_extdev_1208.o [7]
UsageFaultException     0x0801e6ed     0x2  Code  Gb  stm32f2xx_it_1208.o [1]
WRCS_ProDataAckTx       0x08014e2b    0xa8  Code  Gb  aa_serial1.o [1]
WThreePastHour          0x2000563e     0x2  Data  Gb  cdma.o [1]
WThreePastMin           0x20005640     0x2  Data  Gb  cdma.o [1]
WThreePeriodStart       0x2000563d     0x1  Data  Gb  cdma.o [1]
WThreeTimeElapse        0x20005644     0x4  Data  Gb  cdma.o [1]
WThreeTimeStart         0x2000563c     0x1  Data  Gb  cdma.o [1]
WTwoPastHour            0x20005632     0x2  Data  Gb  cdma.o [1]
WTwoPastMin             0x20005634     0x2  Data  Gb  cdma.o [1]
WTwoPeriodStart         0x20005631     0x1  Data  Gb  cdma.o [1]
WTwoTimeElapse          0x20005638     0x4  Data  Gb  cdma.o [1]
WTwoTimeStart           0x20005630     0x1  Data  Gb  cdma.o [1]
WWDG_IRQHandler         0x0801e711     0x2  Code  Gb  stm32f2xx_it_1208.o [1]
WatchdogClear           0x080144d3     0x4  Code  Gb  lib_timer_1212.o [7]
WatchdogInit            0x080144af    0x24  Code  Gb  lib_timer_1212.o [7]
WavThrAutoRptChk        0x08011aa1    0xbc  Code  Gb  cdma.o [1]
WavTwoAutoRptChk        0x080119e1    0xbc  Code  Gb  cdma.o [1]
WhatRxComm              0x08014c11    0x1c  Code  Gb  aa_serial1.o [1]
WhatRxSms               0x080112d9    0x10  Code  Gb  cdma.o [1]
WhatRxTCP               0x08012a91    0x10  Code  Gb  cdma.o [1]
WhatTime                0x08011c3d    0xca  Code  Gb  cdma.o [1]
WriteEEprom             0x0800e437    0x3c  Code  Gb  lib_24c64_1208.o [7]
WriteEEpromData         0x0800e5ab    0x38  Code  Gb  lib_24c64_1208.o [7]
Write_EEprom_16Addr_8Data
                        0x0800e47d    0x70  Code  Gb  lib_24c64_1208.o [7]
Write_pPCA9555_8Addr_16Data
                        0x08015265    0x70  Code  Gb  PCA9555.o [1]
WritepPCA9555Data       0x080152d5    0x34  Code  Gb  PCA9555.o [1]
_GenldFull              0x0801c755   0x270  Code  Lc  xprintffull.o [3]
_LdtobFull              0x0801c345   0x400  Code  Lc  xprintffull.o [3]
_LitobFull              0x0801c21f   0x126  Code  Lc  xprintffull.o [3]
_PrintfFull             0x0801bcf1   0x52e  Code  Gb  xprintffull.o [3]
_PutcharsFull           0x0801c9c5    0x2e  Code  Lc  xprintffull.o [3]
_SProut                 0x08010b3b     0xa  Code  Gb  xsprout.o [3]
__BASEPRICONFIG         0x0801ebbf          Code  Gb  stm32f0xx_macro.o [6]
__DMB                   0x0801eb71          Code  Gb  stm32f0xx_macro.o [6]
__DSB                   0x0801eb6b          Code  Gb  stm32f0xx_macro.o [6]
__GetBASEPRI            0x0801ebc5          Code  Gb  stm32f0xx_macro.o [6]
__ISB                   0x0801eb65          Code  Gb  stm32f0xx_macro.o [6]
__MRS_CONTROL           0x0801eb7b          Code  Gb  stm32f0xx_macro.o [6]
__MRS_MSP               0x0801eb97          Code  Gb  stm32f0xx_macro.o [6]
__MRS_PSP               0x0801eb8b          Code  Gb  stm32f0xx_macro.o [6]
__MSR_CONTROL           0x0801eb81          Code  Gb  stm32f0xx_macro.o [6]
__MSR_MSP               0x0801eb9d          Code  Gb  stm32f0xx_macro.o [6]
__MSR_PSP               0x0801eb91          Code  Gb  stm32f0xx_macro.o [6]
__READ_FAULTMASK        0x0801ebb9          Code  Gb  stm32f0xx_macro.o [6]
__READ_PRIMASK          0x0801ebab          Code  Gb  stm32f0xx_macro.o [6]
__RESETFAULTMASK        0x0801ebb1          Code  Gb  stm32f0xx_macro.o [6]
__RESETPRIMASK          0x0801eba3          Code  Gb  stm32f0xx_macro.o [6]
__REV_HalfWord          0x0801ebcb          Code  Gb  stm32f0xx_macro.o [6]
__REV_Word              0x0801ebcf          Code  Gb  stm32f0xx_macro.o [6]
__SETFAULTMASK          0x0801ebb5          Code  Gb  stm32f0xx_macro.o [6]
__SETPRIMASK            0x0801eba7          Code  Gb  stm32f0xx_macro.o [6]
__SEV                   0x0801eb61          Code  Gb  stm32f0xx_macro.o [6]
__SVC                   0x0801eb77          Code  Gb  stm32f0xx_macro.o [6]
__WFE                   0x0801eb5d          Code  Gb  stm32f0xx_macro.o [6]
__WFI                   0x0801eb59          Code  Gb  stm32f0xx_macro.o [6]
__aeabi_cdcmple         0x0801de4d          Code  Gb  DblCmpLe.o [4]
__aeabi_cdrcmple        0x0801de7d          Code  Gb  DblCmpGe.o [4]
__aeabi_d2iz            0x0801dfc9          Code  Gb  DblToI32.o [4]
__aeabi_d2uiz           0x0801dff5          Code  Gb  DblToI32.o [4]
__aeabi_ddiv            0x0801e375          Code  Gb  DblDiv.o [4]
__aeabi_dmul            0x0801e1d1          Code  Gb  DblMul.o [4]
__aeabi_dsub            0x0801e051          Code  Gb  DblSub.o [4]
__aeabi_i2d             0x0801e021          Code  Gb  I32ToDbl.o [4]
__aeabi_ldiv0           0x0801e60d          Code  Gb  I64DivZer.o [5]
__aeabi_memclr          0x080144d9          Code  Gb  ABImemclr.o [5]
__aeabi_memclr4         0x0801a5dd          Code  Gb  ABImemclr4.o [5]
__aeabi_memcpy          0x08014299          Code  Gb  ABImemcpy.o [5]
__aeabi_memcpy4         0x080142b9          Code  Gb  ABImemcpy.o [5]
__aeabi_memcpy8         0x080142b9          Code  Gb  ABImemcpy.o [5]
__aeabi_memset          0x0801a5e5          Code  Gb  ABImemset.o [5]
__aeabi_ui2d            0x0801e035          Code  Gb  I32ToDbl.o [4]
__aeabi_uldivmod        0x0801dd19          Code  Gb  I64DivMod.o [5]
__cmain                 0x0801e929          Code  Gb  cmain.o [5]
__exit                  0x0801e9a1          Code  Gb  XXexit.o [5]
__iar_Dnorm             0x0801de07    0x44  Code  Gb  xdnorm.o [4]
__iar_Dscale            0x0801dead   0x106  Code  Gb  xdscale.o [4]
__iar_Memchr            0x0801dcc1          Code  Gb  memchr.o [5]
__iar_Memset            0x0801a5e5          Code  Gb  ABImemset.o [5]
__iar_Memset4_word      0x0801b595          Code  Gb  ABImemset48.o [5]
__iar_Memset8_word      0x0801b595          Code  Gb  ABImemset48.o [5]
__iar_Memset_word       0x0801a5ed          Code  Gb  ABImemset.o [5]
__iar_SB                0x0801ec74          Data  Gb  bwt_init3c.o [5]
__iar_Strchr            0x0801ca11          Code  Gb  strchr.o [5]
__iar_Strstr            0x0801b569    0x2c  Code  Gb  strstr.o [3]
__iar_d2uiz             0x0801e001          Code  Gb  DblToI32.o [4]
__iar_dadd              0x0801e611          Code  Gb  DblAdd.o [4]
__iar_data_init3        0x0801e941    0x2c  Code  Gb  data_init3.o [5]
__iar_default_requirements$$_Printf<unknown>sprintf {Abs}
                        0x00000000           --   Gb  sprintf.o [3]
__iar_default_requirements$$_Printf<unknown>vsprintf {Abs}
                        0x00000000           --   Gb  vsprintf.o [3]
__iar_dsub              0x0801e065          Code  Gb  DblSub.o [4]
__iar_dsubStart         0x0801e077          Code  Gb  DblSub.o [4]
__iar_packbits_init3    0x0801e9ad    0xa0  Code  Gb  packbits_init3.o [5]
__iar_program_start     0x0801e91d          Code  Gb  cstartup_M.o [5]
__iar_provide$$_Printf<flags,floats,hex_floats,int_specials,long_longs,n_formatters,qualifiers,widths>_PrintfFull {Abs}
                        0x00000000           --   Gb  xprintffull.o [3]
__iar_ui2d              0x0801e039          Code  Gb  I32ToDbl.o [4]
__iar_zero_init3        0x0800c29f    0x22  Code  Gb  zero_init3.o [5]
__swab16p               0x0801453f     0x4  Code  Gb  swab.o [1]
__vector_table          0x08008000   0x184  Data  Gb  stm32f2xx_vector.o [1]
_call_main              0x0801e935          Code  Gb  cmain.o [5]
_exit                   0x0801e995          Code  Gb  cexit.o [5]
_main                   0x0801e93b          Code  Gb  cmain.o [5]
atoh                    0x08017c5d    0x2a  Code  Gb  exlib.o [1]
chkAlarmMaskReport      0x20005672     0x1  Data  Gb  cdma.o [1]
chkDnrAlarmReport       0x2000b278     0x1  Data  Gb  cdma.o [1]
chkLockOrder            0x2000b232     0x2  Data  Gb  cdma.o [1]
chkReport               0x2000b27a     0x1  Data  Gb  cdma.o [1]
comtstcnt               0x2000b25c     0x4  Data  Gb  aa_test.o [1]
convinfo                0x0801ebd4    0x34  Data  Gb  main.o [1]
dBmTomW                 0x200054a8    0x48  Data  Gb  aa_alc.o [1]
dPre                    0x2000b130     0x8  Data  Gb  adf411x.o [1]
dReffreq                0x2000b120     0x8  Data  Gb  adf411x.o [1]
dStep                   0x2000b128     0x8  Data  Gb  adf411x.o [1]
dUartPtr                0x200055c0     0x4  Data  Gb  bell860s_v0112.o [1]
div                     0x0801e5bb     0xe  Code  Gb  div.o [3]
downloadFlag            0x200043b0     0x4  Data  Gb  aa_serial1.o [1]
dptr                    0x2000b220     0xc  Data  Gb  aa_expio.o [1]
dtoh                    0x08012c6b    0x16  Code  Gb  cdma.o [1]
eUartPtr                0x200055c4     0x4  Data  Gb  bell860s_v0112.o [1]
exit                    0x0801e991     0x4  Code  Gb  exit.o [3]
gEE_BACK1               0x20009f18   0x1f4  Data  Gb  aa_Table.o [1]
gTestFlag               0x2000b277     0x1  Data  Gb  aa_test.o [1]
iAdcIndex               0x20005678     0x1  Data  Gb  main.o [1]
iBand_Freq              0x200055ec     0x4  Data  Gb  aa_expio.o [1]
iDebugCnt               0x200043a1     0x1  Data  Gb  aa_serial1.o [1]
iMasterPNH              0x2000ae6f     0x1  Data  Gb  cdma.o [1]
iMasterPNL              0x2000ae70     0x1  Data  Gb  cdma.o [1]
iMobileESN              0x20005472     0x2  Data  Gb  cdma.o [1]
iPNVal_Old              0x2000ae58     0xc  Data  Gb  cdma.o [1]
iPresentHourCnt         0x2000546b     0x1  Data  Gb  cdma.o [1]
iPresentMinCnt          0x2000546c     0x1  Data  Gb  cdma.o [1]
iSMS_Debug_Mode         0x20005461     0x1  Data  Gb  cdma.o [1]
iSecCnt                 0x2000b27b     0x1  Data  Gb  cdma.o [1]
iTxValH                 0x2000ae71     0x1  Data  Gb  cdma.o [1]
iTxValL                 0x2000ae72     0x1  Data  Gb  cdma.o [1]
iUser_Value2            0x200043a2     0x1  Data  Gb  aa_serial1.o [1]
mFwdHighAlm             0x2000b038    0x28  Data  Gb  aa_alc.o [1]
mFwdInHighAlm           0x2000b088    0x28  Data  Gb  aa_alc.o [1]
mFwdLowAlm              0x2000af24    0x28  Data  Gb  aa_alc.o [1]
mRvsHighAlm             0x2000b060    0x28  Data  Gb  aa_alc.o [1]
mSDCheck                0x2000b1c4    0x10  Data  Gb  aa_alc.o [1]
mSleep                  0x2000b1d4    0x10  Data  Gb  aa_alc.o [1]
m_writing               0x2000b275     0x1  Data  Gb  aa_serial1.o [1]
main                    0x0801e96d    0x24  Code  Gb  stm32f2xx_main.o [6]
mainTask                0x0801bc03    0x28  Code  Gb  main.o [1]
memchr                  0x0801dcc1          Code  Gb  memchr.o [5]
memcmp                  0x0801ad29          Code  Gb  memcmp.o [5]
pBackupSem              0x2000b24c     0x4  Data  Gb  aa_Table.o [1]
pPCA9555BitRst          0x080151fd    0x14  Code  Gb  PCA9555.o [1]
pPCA9555BitSet          0x080151fb     0x2  Code  Gb  PCA9555.o [1]
pPCA9555Port_Init       0x08010ab1    0x24  Code  Gb  aa_expio.o [1]
pPCA9555Str             0x20005650     0x4  Data  Gb  PCA9555.o [1]
pPCA9555StrB            0x2000b0f0    0x18  Data  Gb  PCA9555.o [1]
pPCASetConfiguration    0x0801523b     0xe  Code  Gb  PCA9555.o [1]
pPCASetPortData         0x08015255     0x6  Code  Gb  PCA9555.o [1]
pUSART1                 0x20000008    0x2c  Data  Gb  stm32f2xx_usart1_1208.o [6]
pUSART4                 0x2000003c    0x2c  Data  Gb  stm32f2xx_usart4_1208.o [6]
rambackup               0x20005658     0x4  Data  Gb  aa_protocol.o [1]
sentTel                 0x20005498    0x10  Data  Gb  cdma.o [1]
sms_buff                0x2000a29c   0x100  Data  Gb  cdma.o [1]
sms_len                 0x2000b234     0x4  Data  Gb  cdma.o [1]
sms_time                0x2000544c    0x14  Data  Gb  cdma.o [1]
sprintf                 0x0801b4ed    0x34  Code  Gb  sprintf.o [3]
strcat                  0x0801b521    0x1e  Code  Gb  strcat.o [3]
strchr                  0x0801ca11          Code  Gb  strchr.o [5]
strcpy                  0x0801e5c9          Code  Gb  strcpy.o [5]
strlen                  0x0801acf1          Code  Gb  strlen.o [5]
strncmp                 0x0801b53f    0x2a  Code  Gb  strncmp.o [3]
t1SndData               0x20009d18   0x200  Data  Gb  cdma.o [1]
tAGC10_ATTENMAX_3G      0x2000b215     0x1  Data  Gb  aa_expio.o [1]
tAGC_ATTENMAX_2G        0x2000b216     0x1  Data  Gb  aa_expio.o [1]
tAGC_ATTENMAX_LTE       0x2000b217     0x1  Data  Gb  aa_expio.o [1]
tAGC_ATTENMAX_LTE_A2    0x2000b218     0x1  Data  Gb  aa_expio.o [1]
tALC_ATTENMAX_2G        0x2000b219     0x1  Data  Gb  aa_expio.o [1]
tAttAccu                0x2000b266     0x1  Data  Gb  Alarm.o [1]
tDisplay                0x20005574    0x14  Data  Gb  aa_test.o [1]
tDnrSts                 0x200043b4     0x4  Data  Gb  aa_serial1.o [1]
tDnrStsB                0x20009720   0x33c  Data  Gb  aa_serial1.o [1]
tIndex                  0x2000adbc     0x1  Data  Gb  aa_test.o [1]
tPeriod                 0x20005490     0x4  Data  Gb  cdma.o [1]
tRevData                0x2000b0d0    0x20  Data  Gb  aa_test.o [1]
tTblAlmInit             0x2000b267     0x1  Data  Gb  Alarm.o [1]
tTestFlag               0x2000b276     0x1  Data  Gb  aa_test.o [1]
tcp_buff                0x20009a5c   0x2bc  Data  Gb  cdma.o [1]
tcp_port                0x20005494     0x4  Data  Gb  cdma.o [1]
tempIndexHys            0x2000b271     0x1  Data  Gb  aa_expio.o [1]
testResult              0x20005648     0x8  Data  Gb  aa_test.o [1]
tinputSts               0x20005540    0x34  Data  Gb  aa_test.o [1]
tinputStsOld            0x2000b004    0x34  Data  Gb  aa_test.o [1]
tmpRvsALCLvl_3G         0x2000b26c     0x1  Data  Gb  aa_alc.o [1]
tmpRvsAttn1_2G          0x2000b21a     0x1  Data  Gb  aa_expio.o [1]
vsprintf                0x0801b4c1    0x2c  Code  Gb  vsprintf.o [3]


[1] = D:\Project\TRIO\2.TRIO-MR\appl_stm207_20141204_RvsALC_20151223\out
[2] = command line
[3] = dl7M_tln.a
[4] = m7M_tl.a
[5] = rt7M_tl.a
[6] = stm32F_cpulib_prj_v62.a
[7] = stm32F_devlib_prj_v62.a

  92 480 bytes of readonly  code memory
   1 286 bytes of readonly  data memory
  45 685 bytes of readwrite data memory

Errors: none
Warnings: none
